 sim1_rlti_varx_gust2_sfun

 Timestamp is 4f798de8 (Mon Apr 02 13:30:48 2012)

 Preferred load address is 0000000180000000

 Start         Length     Name                   Class
 0001:00000000 0004a4a4H .text                   CODE
 0001:0004a4b0 00000092H .text$x                 CODE
 0002:00000000 000004d8H .idata$5                DATA
 0002:000004d8 00000008H .CRT$XCA                DATA
 0002:000004e0 00000008H .CRT$XCZ                DATA
 0002:000004e8 00000008H .CRT$XIA                DATA
 0002:000004f0 00000008H .CRT$XIAA               DATA
 0002:000004f8 00000008H .CRT$XIZ                DATA
 0002:00000500 00004b0cH .rdata                  DATA
 0002:00005010 00000008H .rtc$IAA                DATA
 0002:00005018 00000008H .rtc$IZZ                DATA
 0002:00005020 00000008H .rtc$TAA                DATA
 0002:00005028 00000008H .rtc$TZZ                DATA
 0002:00005030 0000412cH .xdata                  DATA
 0002:0000915c 000000b4H .idata$2                DATA
 0002:00009210 00000014H .idata$3                DATA
 0002:00009228 000004d8H .idata$4                DATA
 0002:00009700 00000b3eH .idata$6                DATA
 0002:0000a240 0000005fH .edata                  DATA
 0003:00000000 0000633cH .data                   DATA
 0003:00006340 0012e798H .bss                    DATA
 0004:00000000 00003258H .pdata                  DATA

  Address         Publics by Value              Rva+Base               Lib:Object

 0000:00000000       ___safe_se_handler_table   0000000000000000     <absolute>
 0000:00000000       ___safe_se_handler_count   0000000000000000     <absolute>
 0000:00000000       __ImageBase                0000000180000000     <linker-defined>
 0001:00000000       sf_c2_sim1_rlti_varx_gust2_get_eml_resolved_functions_info 0000000180001000 f   c2_sim1_rlti_varx_gust2.obj
 0001:00003ce0       sf_c2_sim1_rlti_varx_gust2_get_check_sum 0000000180004ce0 f   c2_sim1_rlti_varx_gust2.obj
 0001:00003d60       sf_c2_sim1_rlti_varx_gust2_get_autoinheritance_info 0000000180004d60 f   c2_sim1_rlti_varx_gust2.obj
 0001:00004eb0       sf_internal_get_sim_state_c2_sim1_rlti_varx_gust2 0000000180005eb0 f   c2_sim1_rlti_varx_gust2.obj
 0001:00006870       sf_internal_set_sim_state_c2_sim1_rlti_varx_gust2 0000000180007870 f   c2_sim1_rlti_varx_gust2.obj
 0001:00009020       c2_sim1_rlti_varx_gust2_method_dispatcher 000000018000a020 f   c2_sim1_rlti_varx_gust2.obj
 0001:00018a60       sf_process_check_sum_call  0000000180019a60 f   sim1_rlti_varx_gust2_sfun_registry.obj
 0001:00018ab0       sf_process_autoinheritance_call 0000000180019ab0 f   sim1_rlti_varx_gust2_sfun_registry.obj
 0001:00018c50       sf_process_get_eml_resolved_functions_info_call 0000000180019c50 f   sim1_rlti_varx_gust2_sfun_registry.obj
 0001:00018dd0       sf_mex_unlock_call         0000000180019dd0 f   sim1_rlti_varx_gust2_sfun_registry.obj
 0001:00018e80       sf_machine_global_initializer_called 0000000180019e80 f   sim1_rlti_varx_gust2_sfun_registry.obj
 0001:00018eb0       sf_machine_global_method_dispatcher 0000000180019eb0 f   sim1_rlti_varx_gust2_sfun_registry.obj
 0001:00018f10       sf_machine_global_terminator 0000000180019f10 f   sim1_rlti_varx_gust2_sfun_registry.obj
 0001:00018f50       sf_register_machine_exported_symbols 0000000180019f50 f   sim1_rlti_varx_gust2_sfun_registry.obj
 0001:00018f70       callCustomFcn              0000000180019f70 f   sim1_rlti_varx_gust2_sfun_registry.obj
 0001:00018f80       sf_machine_global_initializer 0000000180019f80 f   sim1_rlti_varx_gust2_sfun_registry.obj
 0001:00018ff0       _ssSetStateAbsTol          0000000180019ff0 f   sim1_rlti_varx_gust2_sfun_registry.obj
 0001:000190d0       _ssGetAbsTol               000000018001a0d0 f   sim1_rlti_varx_gust2_sfun_registry.obj
 0001:00019140       _ssSetInputPortMatrixDimensions 000000018001a140 f   sim1_rlti_varx_gust2_sfun_registry.obj
 0001:00019250       _ssSetOutputPortMatrixDimensions 000000018001a250 f   sim1_rlti_varx_gust2_sfun_registry.obj
 0001:00019360       _ssSetInputPortVectorDimension 000000018001a360 f   sim1_rlti_varx_gust2_sfun_registry.obj
 0001:00019430       _ssSetOutputPortVectorDimension 000000018001a430 f   sim1_rlti_varx_gust2_sfun_registry.obj
 0001:00019500       ssIsRunTimeParamTunable    000000018001a500 f   sim1_rlti_varx_gust2_sfun_registry.obj
 0001:00019570       ssGetSFuncBlockHandle      000000018001a570 f   sim1_rlti_varx_gust2_sfun_registry.obj
 0001:000195e0       _ssGetCurrentInputPortWidth 000000018001a5e0 f   sim1_rlti_varx_gust2_sfun_registry.obj
 0001:00019700       _ssGetCurrentOutputPortWidth 000000018001a700 f   sim1_rlti_varx_gust2_sfun_registry.obj
 0001:00019820       _ssGetCallSystemNumFcnCallDestinations 000000018001a820 f   sim1_rlti_varx_gust2_sfun_registry.obj
 0001:00019890       ssWarning                  000000018001a890 f   sim1_rlti_varx_gust2_sfun_registry.obj
 0001:000199a0       ssGetIsZeroCrossControlDisabled 000000018001a9a0 f   sim1_rlti_varx_gust2_sfun_registry.obj
 0001:00019a10       ssSetIsInputPortUsedForContZcSignal 000000018001aa10 f   sim1_rlti_varx_gust2_sfun_registry.obj
 0001:00019a80       ssSetZcSignalIsZcElementDisc 000000018001aa80 f   sim1_rlti_varx_gust2_sfun_registry.obj
 0001:00019b30       ssSetZcSignalName          000000018001ab30 f   sim1_rlti_varx_gust2_sfun_registry.obj
 0001:00019ba0       ssSetZcSignalWidth         000000018001aba0 f   sim1_rlti_varx_gust2_sfun_registry.obj
 0001:00019c10       ssSetZcSignalZcEventType   000000018001ac10 f   sim1_rlti_varx_gust2_sfun_registry.obj
 0001:00019c80       ssSetZcSignalType          000000018001ac80 f   sim1_rlti_varx_gust2_sfun_registry.obj
 0001:00019cf0       ssSetZcSignalZcTol         000000018001acf0 f   sim1_rlti_varx_gust2_sfun_registry.obj
 0001:00019d60       ssSetZcSignalNeedsEventNotification 000000018001ad60 f   sim1_rlti_varx_gust2_sfun_registry.obj
 0001:00019dd0       ssCreateAndAddZcSignalInfo 000000018001add0 f   sim1_rlti_varx_gust2_sfun_registry.obj
 0001:00019e40       ssCloneAndAddZcSignalInfo  000000018001ae40 f   sim1_rlti_varx_gust2_sfun_registry.obj
 0001:00019eb0       ssGetNumZcSignals          000000018001aeb0 f   sim1_rlti_varx_gust2_sfun_registry.obj
 0001:00019f20       ssGetZcSignalVector        000000018001af20 f   sim1_rlti_varx_gust2_sfun_registry.obj
 0001:00019f90       ssGetZcSignalZcEvents      000000018001af90 f   sim1_rlti_varx_gust2_sfun_registry.obj
 0001:0001a000       ssGetZcSignalName          000000018001b000 f   sim1_rlti_varx_gust2_sfun_registry.obj
 0001:0001a070       ssGetZcSignalWidth         000000018001b070 f   sim1_rlti_varx_gust2_sfun_registry.obj
 0001:0001a0e0       ssGetZcSignalZcEventType   000000018001b0e0 f   sim1_rlti_varx_gust2_sfun_registry.obj
 0001:0001a150       ssGetZcSignalType          000000018001b150 f   sim1_rlti_varx_gust2_sfun_registry.obj
 0001:0001a1c0       ssGetZcSignalZcTol         000000018001b1c0 f   sim1_rlti_varx_gust2_sfun_registry.obj
 0001:0001a240       ssGetZcSignalNeedsEventNotification 000000018001b240 f   sim1_rlti_varx_gust2_sfun_registry.obj
 0001:0001a2b0       ssGetZcSignalIsZcElementDisc 000000018001b2b0 f   sim1_rlti_varx_gust2_sfun_registry.obj
 0001:0001a350       ssGetIsInputPortElementContinuous 000000018001b350 f   sim1_rlti_varx_gust2_sfun_registry.obj
 0001:0001a3f0       _ssGetInputPortSignalPtrsFcn 000000018001b3f0 f   sim1_rlti_varx_gust2_sfun_registry.obj
 0001:0001a6b0       _ssGetInputPortSignalFcn   000000018001b6b0 f   sim1_rlti_varx_gust2_sfun_registry.obj
 0001:0001a8d0       _ssSetInputPortDirectFeedThroughFcn 000000018001b8d0 f   sim1_rlti_varx_gust2_sfun_registry.obj
 0001:0001aa30       _ssSetInputPortReusableFcn 000000018001ba30 f   sim1_rlti_varx_gust2_sfun_registry.obj
 0001:0001ab20       _ssSetOutputPortReusableFcn 000000018001bb20 f   sim1_rlti_varx_gust2_sfun_registry.obj
 0001:0001ac00       ssGetDTypeIdFromMxArray    000000018001bc00 f   sim1_rlti_varx_gust2_sfun_registry.obj
 0001:0001ad20       ssWriteRTWStr              000000018001bd20 f   sim1_rlti_varx_gust2_sfun_registry.obj
 0001:0001ad80       ssWriteRTWMxVectParam      000000018001bd80 f   sim1_rlti_varx_gust2_sfun_registry.obj
 0001:0001ade0       ssWriteRTWMx2dMatParam     000000018001bde0 f   sim1_rlti_varx_gust2_sfun_registry.obj
 0001:0001ae60       ssWriteRTWNameValuePair    000000018001be60 f   sim1_rlti_varx_gust2_sfun_registry.obj
 0001:0001b350       ssWriteRTWParameters       000000018001c350 f   sim1_rlti_varx_gust2_sfun_registry.obj
 0001:0001b950       ssWriteRTWParamSettings    000000018001c950 f   sim1_rlti_varx_gust2_sfun_registry.obj
 0001:0001c020       ssWriteRTWWorkVect         000000018001d020 f   sim1_rlti_varx_gust2_sfun_registry.obj
 0001:0001c520       mexFunction                000000018001d520 f   sim1_rlti_varx_gust2_sfun_registry.obj
 0001:0001e160       ProcessMexSfunctionEveryCall 000000018001f160 f   sim1_rlti_varx_gust2_sfun_registry.obj
 0001:0001e2d0       sim1_rlti_varx_gust2_initializer 000000018001f2d0 f   sim1_rlti_varx_gust2_sfun.obj
 0001:0001e2e0       sim1_rlti_varx_gust2_terminator 000000018001f2e0 f   sim1_rlti_varx_gust2_sfun.obj
 0001:0001e2f0       sf_sim1_rlti_varx_gust2_method_dispatcher 000000018001f2f0 f   sim1_rlti_varx_gust2_sfun.obj
 0001:0001e340       sf_sim1_rlti_varx_gust2_process_check_sum_call 000000018001f340 f   sim1_rlti_varx_gust2_sfun.obj
 0001:0001e750       sf_sim1_rlti_varx_gust2_autoinheritance_info 000000018001f750 f   sim1_rlti_varx_gust2_sfun.obj
 0001:0001e8c0       sf_sim1_rlti_varx_gust2_get_eml_resolved_functions_info 000000018001f8c0 f   sim1_rlti_varx_gust2_sfun.obj
 0001:0001e9f0       sim1_rlti_varx_gust2_debug_initialize 000000018001f9f0 f   sim1_rlti_varx_gust2_sfun.obj
 0001:0001ea60       sim1_rlti_varx_gust2_register_exported_symbols 000000018001fa60 f   sim1_rlti_varx_gust2_sfun.obj
 0001:0001ea70       load_sim1_rlti_varx_gust2_optimization_info 000000018001fa70 f   sim1_rlti_varx_gust2_sfun.obj
 0001:0001eac0       unload_sim1_rlti_varx_gust2_optimization_info 000000018001fac0 f   sim1_rlti_varx_gust2_sfun.obj
 0001:0001eb90       sf_mex_mx_is_numeric       000000018001fb90 f   sfc_mex:sfc_mex.obj
 0001:0001ebd0       strcmp_ignore_ws           000000018001fbd0 f   sfc_mex:sfc_mex.obj
 0001:0001ed10       sf_mex_duplicatearraysafe  000000018001fd10 f   sfc_mex:sfc_mex.obj
 0001:0001ee70       sf_set_error_debugger_context_message_fcn 000000018001fe70 f   sfc_mex:sfc_mex.obj
 0001:0001ee80       sf_set_debugger_matlab_error_fcn 000000018001fe80 f   sfc_mex:sfc_mex.obj
 0001:0001eeb0       sf_set_error_prefix_string 000000018001feb0 f   sfc_mex:sfc_mex.obj
 0001:0001eee0       sf_get_error_prefix_string 000000018001fee0 f   sfc_mex:sfc_mex.obj
 0001:0001eef0       sf_mex_enter_parallel_region 000000018001fef0 f   sfc_mex:sfc_mex.obj
 0001:0001ef00       sf_mex_exit_parallel_region 000000018001ff00 f   sfc_mex:sfc_mex.obj
 0001:0001ef10       sf_get_current_jmp_buf_ptr 000000018001ff10 f   sfc_mex:sfc_mex.obj
 0001:0001ef20       sf_set_current_jmp_buf_ptr 000000018001ff20 f   sfc_mex:sfc_mex.obj
 0001:0001ef30       sf_mex_set_halt_simulation 000000018001ff30 f   sfc_mex:sfc_mex.obj
 0001:0001ef40       sf_mex_get_halt_simulation 000000018001ff40 f   sfc_mex:sfc_mex.obj
 0001:0001ef50       sf_mex_clear_error_message 000000018001ff50 f   sfc_mex:sfc_mex.obj
 0001:0001ef70       sf_mex_get_error_message_for_read 000000018001ff70 f   sfc_mex:sfc_mex.obj
 0001:0001ef80       sf_mex_get_error_message_buffer_length 000000018001ff80 f   sfc_mex:sfc_mex.obj
 0001:0001f060       sf_mex_warning_message     0000000180020060 f   sfc_mex:sfc_mex.obj
 0001:0001f0d0       sf_mex_v_errbuf_createf    00000001800200d0 f   sfc_mex:sfc_mex.obj
 0001:0001f0e0       sf_mex_errbuf_createf      00000001800200e0 f   sfc_mex:sfc_mex.obj
 0001:0001f110       sf_mex_v_errbuf_catf       0000000180020110 f   sfc_mex:sfc_mex.obj
 0001:0001f150       sf_mex_errbuf_catf         0000000180020150 f   sfc_mex:sfc_mex.obj
 0001:0001f1a0       sf_mex_errbuf_copy         00000001800201a0 f   sfc_mex:sfc_mex.obj
 0001:0001f1b0       sf_mex_errbuf_clear        00000001800201b0 f   sfc_mex:sfc_mex.obj
 0001:0001f1c0       sf_mex_errbuf_isempty      00000001800201c0 f   sfc_mex:sfc_mex.obj
 0001:0001f2d0       sf_mex_set_error_status    00000001800202d0 f   sfc_mex:sfc_mex.obj
 0001:0001f320       sf_mex_error_direct_call   0000000180020320 f   sfc_mex:sfc_mex.obj
 0001:0001f340       sf_mex_error_message_no_long_jump 0000000180020340 f   sfc_mex:sfc_mex.obj
 0001:0001f360       sf_mex_long_jump_on_error  0000000180020360 f   sfc_mex:sfc_mex.obj
 0001:0001f390       sf_mex_call_matlab         0000000180020390 f   sfc_mex:sfc_mex.obj
 0001:0001f4b0       sf_mex_check_builtin       00000001800204b0 f   sfc_mex:sfc_mex.obj
 0001:0001f4f0       sf_mex_check_builtin_vs    00000001800204f0 f   sfc_mex:sfc_mex.obj
 0001:0001f550       sf_mex_check_enum          0000000180020550 f   sfc_mex:sfc_mex.obj
 0001:0001f580       sf_mex_create_enum         0000000180020580 f   sfc_mex:sfc_mex.obj
 0001:0001f5a0       sf_mex_get_enum_element    00000001800205a0 f   sfc_mex:sfc_mex.obj
 0001:0001f5b0       sf_mex_createcellarray     00000001800205b0 f   sfc_mex:sfc_mex.obj
 0001:0001f5c0       sf_mex_setcell             00000001800205c0 f   sfc_mex:sfc_mex.obj
 0001:0001f5d0       sf_mex_getcell             00000001800205d0 f   sfc_mex:sfc_mex.obj
 0001:0001f5e0       sf_mex_dup                 00000001800205e0 f   sfc_mex:sfc_mex.obj
 0001:0001f600       sf_mex_assign              0000000180020600 f   sfc_mex:sfc_mex.obj
 0001:0001f680       sf_mex_destroy             0000000180020680 f   sfc_mex:sfc_mex.obj
 0001:0001f6b0       mx_array_has_fi_type       00000001800206b0 f   sfc_mex:sfc_mex.obj
 0001:0001f6e0       sf_mex_convert_from_fi     00000001800206e0 f   sfc_mex:sfc_mex.obj
 0001:0001f790       sf_mex_convert_to_double   0000000180020790 f   sfc_mex:sfc_mex.obj
 0001:0001f8b0       sf_mex_import_fi_vs        00000001800208b0 f   sfc_mex:sfc_mex.obj
 0001:0001fa70       sf_matrix_matrix_index_ok  0000000180020a70 f   sfc_mex:sfc_mex.obj
 0001:0001fb00       sf_vector_vector_index_ok  0000000180020b00 f   sfc_mex:sfc_mex.obj
 0001:0001fb30       ssGetCurrentInputPortDimensions_wrapper 0000000180020b30 f   sfc_mex:sfc_mex.obj
 0001:0001fb50       ssGetCurrentOutputPortDimensions_wrapper 0000000180020b50 f   sfc_mex:sfc_mex.obj
 0001:0001fb70       sf_mex_emlrt_context_is_debug_mode 0000000180020b70 f   sfc_mex:sfc_mex.obj
 0001:0001fb80       sf_mex_emlrt_context_set_debug_mode 0000000180020b80 f   sfc_mex:sfc_mex.obj
 0001:0001fbf0       sf_clear_error_manager_info 0000000180020bf0 f   sfc_mex:sfc_mex.obj
 0001:0001fc50       sf_mex_stop_simulation_abruptly_wo_error 0000000180020c50 f   sfc_mex:sfc_mex.obj
 0001:0001fc90       sf_mex_error_message       0000000180020c90 f   sfc_mex:sfc_mex.obj
 0001:0001fcf0       sf_react_to_error_in_matlab_call 0000000180020cf0 f   sfc_mex:sfc_mex.obj
 0001:0001fd20       sf_mex_addfield            0000000180020d20 f   sfc_mex:sfc_mex.obj
 0001:0001fdc0       sf_mex_getfield            0000000180020dc0 f   sfc_mex:sfc_mex.obj
 0001:000200c0       sf_mex_check_class         00000001800210c0 f   sfc_mex:sfc_mex.obj
 0001:000201b0       sf_mex_is_real             00000001800211b0 f   sfc_mex:sfc_mex.obj
 0001:00020620       sf_mex_decode_encoded_mx_struct_array 0000000180021620 f   sfc_mex:sfc_mex.obj
 0001:00020900       sf_mex_lw_bounds_check     0000000180021900 f   sfc_mex:sfc_mex.obj
 0001:00020930       sf_mex_lw_size_eq_check_1d 0000000180021930 f   sfc_mex:sfc_mex.obj
 0001:00020950       sf_mex_lw_size_eq_check_nd 0000000180021950 f   sfc_mex:sfc_mex.obj
 0001:00020b30       sf_mex_lw_dim_size_eq_check 0000000180021b30 f   sfc_mex:sfc_mex.obj
 0001:00020b60       sf_mex_lw_dim_size_geq_check 0000000180021b60 f   sfc_mex:sfc_mex.obj
 0001:00020b90       sf_mex_lw_sub_assign_size_check_nd 0000000180021b90 f   sfc_mex:sfc_mex.obj
 0001:00020dc0       sf_mex_lw_runtime_error_msgid 0000000180021dc0 f   sfc_mex:sfc_mex.obj
 0001:00020eb0       sf_mex_lw_matrix_matrix_index_check 0000000180021eb0 f   sfc_mex:sfc_mex.obj
 0001:00020ed0       sf_mex_lw_vector_vector_index_check 0000000180021ed0 f   sfc_mex:sfc_mex.obj
 0001:00020f10       sf_mex_lw_for_loop_vector_check 0000000180021f10 f   sfc_mex:sfc_mex.obj
 0001:00020f90       sf_mex_lw_non_negative_check 0000000180021f90 f   sfc_mex:sfc_mex.obj
 0001:00020fd0       sf_mex_overflow_error      0000000180021fd0 f   sfc_mex:sfc_mex.obj
 0001:00020fe0       sf_mex_dividebyzero_error  0000000180021fe0 f   sfc_mex:sfc_mex.obj
 0001:00020ff0       sf_mex_unsafe_enum_error   0000000180021ff0 f   sfc_mex:sfc_mex.obj
 0001:00021000       sf_emlrtErrHandler         0000000180022000 f   sfc_mex:sfc_mex.obj
 0001:000210e0       sf_mex_printf              00000001800220e0 f   sfc_mex:sfc_mex.obj
 0001:000212b0       sf_mex_check_size          00000001800222b0 f   sfc_mex:sfc_mex.obj
 0001:00021580       sf_mex_check_struct        0000000180022580 f   sfc_mex:sfc_mex.obj
 0001:000217e0       sf_mex_check_struct_vs     00000001800227e0 f   sfc_mex:sfc_mex.obj
 0001:00021870       sf_mex_check_fi            0000000180022870 f   sfc_mex:sfc_mex.obj
 0001:00021970       sf_mex_check_fi_vs         0000000180022970 f   sfc_mex:sfc_mex.obj
 0001:00021a10       sf_echo_expression         0000000180022a10 f   sfc_mex:sfc_mex.obj
 0001:00021a70       sf_assertion_failed        0000000180022a70 f   sfc_mex:sfc_mex.obj
 0001:00021d50       sf_mex_evalin              0000000180022d50 f   sfc_mex:sfc_mex.obj
 0001:00021fc0       sf_mex_export              0000000180022fc0 f   sfc_mex:sfc_mex.obj
 0001:00022080       sf_mex_get_ml_var_no_error 0000000180023080 f   sfc_mex:sfc_mex.obj
 0001:00022220       sf_mex_get_ml_var          0000000180023220 f   sfc_mex:sfc_mex.obj
 0001:000226c0       ml_set_element_value_in_array 00000001800236c0 f   sfc_mex:sfc_mex.obj
 0001:00023d90       sf_mex_call_impl           0000000180024d90 f   sfc_mex:sfc_mex.obj
 0001:000242c0       sf_mex_call_debug          00000001800252c0 f   sfc_mex:sfc_mex.obj
 0001:000242f0       sf_mex_call                00000001800252f0 f   sfc_mex:sfc_mex.obj
 0001:00024940       sf_mex_createstruct        0000000180025940 f   sfc_mex:sfc_mex.obj
 0001:00024a30       sf_mex_createstructarray   0000000180025a30 f   sfc_mex:sfc_mex.obj
 0001:00024ab0       sf_mex_get_mx_datatype_from_sf_datatype 0000000180025ab0 f   sfc_mex:sfc_mex.obj
 0001:00024dc0       sf_mex_ml_var_sub          0000000180025dc0 f   sfc_mex:sfc_mex.obj
 0001:00024f90       sf_mex_ml_var_subsasgn     0000000180025f90 f   sfc_mex:sfc_mex.obj
 0001:00025380       sf_mex_sub                 0000000180026380 f   sfc_mex:sfc_mex.obj
 0001:00025580       sf_mex_subsasgn            0000000180026580 f   sfc_mex:sfc_mex.obj
 0001:00025a60       sf_mex_create              0000000180026a60 f   sfc_mex:sfc_mex.obj
 0001:000264b0       sf_mex_import_named        00000001800274b0 f   sfc_mex:sfc_mex.obj
 0001:00026510       sf_mex_import              0000000180027510 f   sfc_mex:sfc_mex.obj
 0001:00026560       sf_mex_import_vs           0000000180027560 f   sfc_mex:sfc_mex.obj
 0001:00026670       sf_mex_lower_fixpt_mx_array 0000000180027670 f   sfc_mex:sfc_mex.obj
 0001:00026960       sf_send_message_wrapper    0000000180027960 f   sfc_mex:sfc_sf.obj
 0001:00026990       sf_receive_message_wrapper 0000000180027990 f   sfc_mex:sfc_sf.obj
 0001:000269d0       sf_check_out_message_wrapper 00000001800279d0 f   sfc_mex:sfc_sf.obj
 0001:00026a10       sf_check_in_message_wrapper 0000000180027a10 f   sfc_mex:sfc_sf.obj
 0001:00026a50       sf_no_message_wrapper      0000000180027a50 f   sfc_mex:sfc_sf.obj
 0001:00026d90       sim_mode_is_rtw_gen        0000000180027d90 f   sfc_mex:sfc_sf.obj
 0001:00026dc0       sim_mode_is_external       0000000180027dc0 f   sfc_mex:sfc_sf.obj
 0001:00026dd0       sim_mode_is_modelref_sim   0000000180027dd0 f   sfc_mex:sfc_sf.obj
 0001:00026df0       mdlInitializeSizes         0000000180027df0 f   sfc_mex:sfc_sf.obj
 0001:00026e10       mdlInitializeSampleTimes   0000000180027e10 f   sfc_mex:sfc_sf.obj
 0001:00026e50       mdlZeroCrossings           0000000180027e50 f   sfc_mex:sfc_sf.obj
 0001:00026f30       mdlDerivatives             0000000180027f30 f   sfc_mex:sfc_sf.obj
 0001:00026fe0       mdl_initialize_conditions_processing 0000000180027fe0 f   sfc_mex:sfc_sf.obj
 0001:00027010       mdlInitializeConditions    0000000180028010 f   sfc_mex:sfc_sf.obj
 0001:000270d0       mdlGetSimState             00000001800280d0 f   sfc_mex:sfc_sf.obj
 0001:000270e0       mdlSetSimState             00000001800280e0 f   sfc_mex:sfc_sf.obj
 0001:000270f0       mdl_ext_mode_exec_processing 00000001800280f0 f   sfc_mex:sfc_sf.obj
 0001:00027110       mdlExtModeExec             0000000180028110 f   sfc_mex:sfc_sf.obj
 0001:000272a0       mdlTerminate               00000001800282a0 f   sfc_mex:sfc_sf.obj
 0001:00027310       mdlRTW                     0000000180028310 f   sfc_mex:sfc_sf.obj
 0001:00027340       mdlSetWorkWidths           0000000180028340 f   sfc_mex:sfc_sf.obj
 0001:00027350       mdlProcessParameters       0000000180028350 f   sfc_mex:sfc_sf.obj
 0001:00027360       mdl_start_processing       0000000180028360 f   sfc_mex:sfc_sf.obj
 0001:000273a0       mdlStart                   00000001800283a0 f   sfc_mex:sfc_sf.obj
 0001:00027490       mdlEnable                  0000000180028490 f   sfc_mex:sfc_sf.obj
 0001:00027560       mdlDisable                 0000000180028560 f   sfc_mex:sfc_sf.obj
 0001:00027610       sf_get_chart_instance_ptr  0000000180028610 f   sfc_mex:sfc_sf.obj
 0001:00027630       sf_load_rtw_optimization_info 0000000180028630 f   sfc_mex:sfc_sf.obj
 0001:00027700       sf_rtw_info_uint_prop      0000000180028700 f   sfc_mex:sfc_sf.obj
 0001:00027850       sf_is_chart_inlinable      0000000180028850 f   sfc_mex:sfc_sf.obj
 0001:00027860       sf_mark_output_events_with_multiple_callers 0000000180028860 f   sfc_mex:sfc_sf.obj
 0001:000279e0       sf_mark_chart_reusable_outputs 00000001800289e0 f   sfc_mex:sfc_sf.obj
 0001:00027c20       sf_mark_chart_expressionable_inputs 0000000180028c20 f   sfc_mex:sfc_sf.obj
 0001:00027e80       sf_get_subchart_simstruct  0000000180028e80 f   sfc_mex:sfc_sf.obj
 0001:00027ed0       sf_get_fixpt_data_type_id  0000000180028ed0 f   sfc_mex:sfc_sf.obj
 0001:00027f10       sf_get_enum_data_type_id   0000000180028f10 f   sfc_mex:sfc_sf.obj
 0001:00027f50       sf_get_param_data_type_id  0000000180028f50 f   sfc_mex:sfc_sf.obj
 0001:00027f80       sf_mex_listen_for_ctrl_c_force 0000000180028f80 f   sfc_mex:sfc_sf.obj
 0001:00028090       sf_mex_draw_now            0000000180029090 f   sfc_mex:sfc_sf.obj
 0001:000280d0       sf_mex_set_debugger_sim_status_listener_fcn 00000001800290d0 f   sfc_mex:sfc_sf.obj
 0001:000280e0       sf_mex_listen_for_ctrl_c   00000001800290e0 f   sfc_mex:sfc_sf.obj
 0001:00028170       sf_mex_get_sfun_param      0000000180029170 f   sfc_mex:sfc_sf.obj
 0001:000281c0       sf_get_runtime_param_data  00000001800291c0 f   sfc_mex:sfc_sf.obj
 0001:00028200       sf_call_output_fcn_call    0000000180029200 f   sfc_mex:sfc_sf.obj
 0001:00028340       sf_call_output_fcn_enable  0000000180029340 f   sfc_mex:sfc_sf.obj
 0001:000283d0       sf_call_output_fcn_disable 00000001800293d0 f   sfc_mex:sfc_sf.obj
 0001:00028460       sf_clear_rtw_identifier    0000000180029460 f   sfc_mex:sfc_sf.obj
 0001:00028c50       sf_set_encoded_dwork_info  0000000180029c50 f   sfc_mex:sfc_sf.obj
 0001:00028ca0       sf_get_dwork_info_from_mat_file 0000000180029ca0 f   sfc_mex:sfc_sf.obj
 0001:00028e60       sf_set_rtw_dwork_info      0000000180029e60 f   sfc_mex:sfc_sf.obj
 0001:00028fb0       mdlOutputs                 0000000180029fb0 f   sfc_mex:sfc_sf.obj
 0001:00029150       sf_debug_disp              000000018002a150 f   sfc_debug:sfcdebug.obj
 0001:000293b0       sf_debug_data_runtime_size_mismatch_error_check 000000018002a3b0 f   sfc_debug:sfcdebug.obj
 0001:00029450       sf_debug_try_loading_machine 000000018002a450 f   sfc_debug:sfcdebug.obj
 0001:00029550       sf_debug_reset_current_state_configuration 000000018002a550 f   sfc_debug:sfcdebug.obj
 0001:000295e0       sf_debug_store_current_state_configuration 000000018002a5e0 f   sfc_debug:sfcdebug.obj
 0001:00029670       sf_debug_restore_previous_state_configuration 000000018002a670 f   sfc_debug:sfcdebug.obj
 0001:00029700       sf_debug_restore_previous_state_configuration2 000000018002a700 f   sfc_debug:sfcdebug.obj
 0001:00029790       sf_debug_get_event_scope   000000018002a790 f   sfc_debug:sfcdebug.obj
 0001:00029900       use_debugger_step_animation 000000018002a900 f   sfc_debug:sfcdebug.obj
 0001:00029920       sf_debug_get_script_id     000000018002a920 f   sfc_debug:sfcdebug.obj
 0001:000299b0       sf_debug_set_script_translation 000000018002a9b0 f   sfc_debug:sfcdebug.obj
 0001:00029a70       sf_debug_get_current_machine_id 000000018002aa70 f   sfc_debug:sfcdebug.obj
 0001:00029a90       sf_debug_get_current_optional_integer 000000018002aa90 f   sfc_debug:sfcdebug.obj
 0001:00029aa0       sf_debug_get_current_machine_number 000000018002aaa0 f   sfc_debug:sfcdebug.obj
 0001:00029ac0       sf_debug_get_current_machine_name 000000018002aac0 f   sfc_debug:sfcdebug.obj
 0001:00029ae0       sf_debug_get_current_chart_id 000000018002aae0 f   sfc_debug:sfcdebug.obj
 0001:00029b30       sf_debug_get_current_chart_number 000000018002ab30 f   sfc_debug:sfcdebug.obj
 0001:00029b40       sf_debug_get_current_instance_number 000000018002ab40 f   sfc_debug:sfcdebug.obj
 0001:00029b50       sf_debug_get_current_is_minor_time_step 000000018002ab50 f   sfc_debug:sfcdebug.obj
 0001:00029bd0       sf_debug_get_current_object_type 000000018002abd0 f   sfc_debug:sfcdebug.obj
 0001:00029be0       sf_debug_get_current_instance_handle 000000018002abe0 f   sfc_debug:sfcdebug.obj
 0001:00029c40       sf_debug_get_current_event_type 000000018002ac40 f   sfc_debug:sfcdebug.obj
 0001:00029c50       sf_debug_get_current_object_id 000000018002ac50 f   sfc_debug:sfcdebug.obj
 0001:00029c90       sf_debug_get_current_active_event_type 000000018002ac90 f   sfc_debug:sfcdebug.obj
 0001:00029ca0       sf_debug_get_current_active_event_id 000000018002aca0 f   sfc_debug:sfcdebug.obj
 0001:00029ce0       sf_debug_get_current_tag_type 000000018002ace0 f   sfc_debug:sfcdebug.obj
 0001:00029cf0       sf_debug_get_current_simulation_time 000000018002acf0 f   sfc_debug:sfcdebug.obj
 0001:00029d00       sf_debug_get_current_coverage_percentage 000000018002ad00 f   sfc_debug:sfcdebug.obj
 0001:00029d10       sf_debug_current_statement_context 000000018002ad10 f   sfc_debug:sfcdebug.obj
 0001:00029da0       sf_debug_get_current_statement_info 000000018002ada0 f   sfc_debug:sfcdebug.obj
 0001:00029f20       sf_debug_terminate_instance 000000018002af20 f   sfc_debug:sfcdebug.obj
 0001:0002a230       sf_debug_assertion_failed  000000018002b230 f   sfc_debug:sfcdebug.obj
 0001:0002a3e0       sf_debug_set_number_of_data_with_change_event_for_machine 000000018002b3e0 f   sfc_debug:sfcdebug.obj
 0001:0002a420       sf_debug_set_machine_event_thresholds 000000018002b420 f   sfc_debug:sfcdebug.obj
 0001:0002a440       sf_debug_set_machine_event_scope 000000018002b440 f   sfc_debug:sfcdebug.obj
 0001:0002a480       sf_debug_set_machine_data_thresholds 000000018002b480 f   sfc_debug:sfcdebug.obj
 0001:0002a4c0       sf_debug_set_machine_data_scope 000000018002b4c0 f   sfc_debug:sfcdebug.obj
 0001:0002a550       sf_debug_set_machine_data_name 000000018002b550 f   sfc_debug:sfcdebug.obj
 0001:0002a5f0       sf_debug_set_machine_data_size 000000018002b5f0 f   sfc_debug:sfcdebug.obj
 0001:0002a730       sf_debug_set_machine_data_type 000000018002b730 f   sfc_debug:sfcdebug.obj
 0001:0002a8a0       sf_debug_get_chart_data_number 000000018002b8a0 f   sfc_debug:sfcdebug.obj
 0001:0002a8c0       sf_debug_get_chart_event_number 000000018002b8c0 f   sfc_debug:sfcdebug.obj
 0001:0002a8e0       sf_debug_set_chart_state_info 000000018002b8e0 f   sfc_debug:sfcdebug.obj
 0001:0002a960       sf_debug_set_chart_decomposition 000000018002b960 f   sfc_debug:sfcdebug.obj
 0001:0002a9d0       sf_debug_set_chart_substate_count 000000018002b9d0 f   sfc_debug:sfcdebug.obj
 0001:0002aab0       sf_debug_set_chart_substate_index 000000018002bab0 f   sfc_debug:sfcdebug.obj
 0001:0002ab20       sf_debug_set_chart_state_substate_count 000000018002bb20 f   sfc_debug:sfcdebug.obj
 0001:0002ac30       sf_debug_set_chart_state_substate_index 000000018002bc30 f   sfc_debug:sfcdebug.obj
 0001:0002acb0       sf_debug_set_number_of_data_with_change_event_for_chart 000000018002bcb0 f   sfc_debug:sfcdebug.obj
 0001:0002ad30       sf_debug_set_number_of_states_with_entry_event_for_chart 000000018002bd30 f   sfc_debug:sfcdebug.obj
 0001:0002ada0       sf_debug_set_number_of_states_with_exit_event_for_chart 000000018002bda0 f   sfc_debug:sfcdebug.obj
 0001:0002ae10       sf_debug_set_chart_disable_implicit_casting 000000018002be10 f   sfc_debug:sfcdebug.obj
 0001:0002ae80       sf_debug_set_chart_event_thresholds 000000018002be80 f   sfc_debug:sfcdebug.obj
 0001:0002aef0       sf_debug_set_chart_data_compiled_props 000000018002bef0 f   sfc_debug:sfcdebug.obj
 0001:0002b240       sf_debug_set_chart_data_props 000000018002c240 f   sfc_debug:sfcdebug.obj
 0001:0002b560       sf_debug_check_fi_license  000000018002c560 f   sfc_debug:sfcdebug.obj
 0001:0002b750       sf_debug_symbol_scope_push 000000018002c750 f   sfc_debug:sfcdebug.obj
 0001:0002b790       sf_debug_symbol_scope_push_eml 000000018002c790 f   sfc_debug:sfcdebug.obj
 0001:0002b7e0       sf_debug_symbol_scope_pop  000000018002c7e0 f   sfc_debug:sfcdebug.obj
 0001:0002b820       sf_debug_symbol_scope_add_importable 000000018002c820 f   sfc_debug:sfcdebug.obj
 0001:0002b8a0       sf_debug_symbol_scope_add  000000018002c8a0 f   sfc_debug:sfcdebug.obj
 0001:0002b920       sf_debug_symbol_scope_add_dyn_importable 000000018002c920 f   sfc_debug:sfcdebug.obj
 0001:0002b9e0       sf_debug_symbol_scope_add_dyn 000000018002c9e0 f   sfc_debug:sfcdebug.obj
 0001:0002ba10       sf_debug_symbol_scope_add_eml_importable 000000018002ca10 f   sfc_debug:sfcdebug.obj
 0001:0002ba50       sf_debug_symbol_scope_add_eml 000000018002ca50 f   sfc_debug:sfcdebug.obj
 0001:0002ba90       sf_debug_symbol_scope_add_eml_dyn_importable 000000018002ca90 f   sfc_debug:sfcdebug.obj
 0001:0002bb00       sf_debug_symbol_scope_add_eml_dyn 000000018002cb00 f   sfc_debug:sfcdebug.obj
 0001:0002bb60       sf_debug_symbol_switch     000000018002cb60 f   sfc_debug:sfcdebug.obj
 0001:0002bb80       sf_debug_symbol_scope_add_verbose 000000018002cb80 f   sfc_debug:sfcdebug.obj
 0001:0002bc50       sf_debug_set_machine_data_value_ptr 000000018002cc50 f   sfc_debug:sfcdebug.obj
 0001:0002bc90       sf_debug_set_instance_data_value_ptr 000000018002cc90 f   sfc_debug:sfcdebug.obj
 0001:0002bd50       sf_debug_unset_instance_data_value_ptr 000000018002cd50 f   sfc_debug:sfcdebug.obj
 0001:0002be00       sf_debug_set_chart_event_scope 000000018002ce00 f   sfc_debug:sfcdebug.obj
 0001:0002be80       sf_debug_set_chart_transition_coverage_maps 000000018002ce80 f   sfc_debug:sfcdebug.obj
 0001:0002bf90       sf_debug_set_chart_state_coverage_maps 000000018002cf90 f   sfc_debug:sfcdebug.obj
 0001:0002c070       sf_debug_set_instance_transition_coverage_weights 000000018002d070 f   sfc_debug:sfcdebug.obj
 0001:0002c110       sf_debug_set_instance_state_coverage_weights 000000018002d110 f   sfc_debug:sfcdebug.obj
 0001:0002c360       sf_debug_unload_machine    000000018002d360 f   sfc_debug:sfcdebug.obj
 0001:0002c3b0       sf_debug_load_machine      000000018002d3b0 f   sfc_debug:sfcdebug.obj
 0001:0002c4b0       sf_debug_set_active_instance_in_data_dictionary 000000018002d4b0 f   sfc_debug:sfcdebug.obj
 0001:0002c690       sf_debug_set_active_instance 000000018002d690 f   sfc_debug:sfcdebug.obj
 0001:0002c7d0       sf_debug_chart_visiblity_change 000000018002d7d0 f   sfc_debug:sfcdebug.obj
 0001:0002c8b0       sf_debug_select_chart      000000018002d8b0 f   sfc_debug:sfcdebug.obj
 0001:0002c980       sf_debug_set_instance_cv_ids 000000018002d980 f   sfc_debug:sfcdebug.obj
 0001:0002cc90       sf_debug_select_charts     000000018002dc90 f   sfc_debug:sfcdebug.obj
 0001:0002cdd0       sf_debug_initialized       000000018002ddd0 f   sfc_debug:sfcdebug.obj
 0001:0002cde0       sf_debug_is_uninterruptible 000000018002dde0 f   sfc_debug:sfcdebug.obj
 0001:0002ce10       sf_debug_initialize_debugger_gui 000000018002de10 f   sfc_debug:sfcdebug.obj
 0001:0002d200       sf_debug_resume            000000018002e200 f   sfc_debug:sfcdebug.obj
 0001:0002d220       sf_debug_go                000000018002e220 f   sfc_debug:sfcdebug.obj
 0001:0002d230       sf_debug_break             000000018002e230 f   sfc_debug:sfcdebug.obj
 0001:0002d240       sf_debug_step_over         000000018002e240 f   sfc_debug:sfcdebug.obj
 0001:0002d250       sf_debug_step_out          000000018002e250 f   sfc_debug:sfcdebug.obj
 0001:0002d260       sf_debug_set_disable_all_breakpoints 000000018002e260 f   sfc_debug:sfcdebug.obj
 0001:0002d270       sf_debug_disable_all_breakpoints_and_go 000000018002e270 f   sfc_debug:sfcdebug.obj
 0001:0002d280       sf_debug_break_on_chart_entry 000000018002e280 f   sfc_debug:sfcdebug.obj
 0001:0002d290       sf_debug_break_on_event_broadcast 000000018002e290 f   sfc_debug:sfcdebug.obj
 0001:0002d2a0       sf_debug_break_on_state_entry 000000018002e2a0 f   sfc_debug:sfcdebug.obj
 0001:0002d2b0       sf_debug_break_between_times 000000018002e2b0 f   sfc_debug:sfcdebug.obj
 0001:0002d2d0       sf_debug_browse_data       000000018002e2d0 f   sfc_debug:sfcdebug.obj
 0001:0002d2f0       sf_debug_watch_data        000000018002e2f0 f   sfc_debug:sfcdebug.obj
 0001:0002d310       sf_debug_assign_data       000000018002e310 f   sfc_debug:sfcdebug.obj
 0001:0002d330       sf_debug_whos              000000018002e330 f   sfc_debug:sfcdebug.obj
 0001:0002d350       sf_debug_get_consistency_info 000000018002e350 f   sfc_debug:sfcdebug.obj
 0001:0002d360       sf_debug_browse_trace      000000018002e360 f   sfc_debug:sfcdebug.obj
 0001:0002d370       sf_debug_set_breakpoints   000000018002e370 f   sfc_debug:sfcdebug.obj
 0001:0002d4d0       sf_debug_set_eml_breakpoints 000000018002e4d0 f   sfc_debug:sfcdebug.obj
 0001:0002d630       sf_debug_set_script_breakpoints 000000018002e630 f   sfc_debug:sfcdebug.obj
 0001:0002d6b0       sf_debug_add_script_breakpoints 000000018002e6b0 f   sfc_debug:sfcdebug.obj
 0001:0002d720       sf_debug_clear_script_breakpoints 000000018002e720 f   sfc_debug:sfcdebug.obj
 0001:0002d790       sf_debug_query_script_breakpoints 000000018002e790 f   sfc_debug:sfcdebug.obj
 0001:0002d850       sf_debug_get_eml_script_id 000000018002e850 f   sfc_debug:sfcdebug.obj
 0001:0002d8a0       sf_debug_set_watch         000000018002e8a0 f   sfc_debug:sfcdebug.obj
 0001:0002dad0       sf_debug_get_instance_handle 000000018002ead0 f   sfc_debug:sfcdebug.obj
 0001:0002db60       sf_debug_get_active_states 000000018002eb60 f   sfc_debug:sfcdebug.obj
 0001:0002db70       sf_debug_get_animation     000000018002eb70 f   sfc_debug:sfcdebug.obj
 0001:0002db80       sf_debug_set_animation     000000018002eb80 f   sfc_debug:sfcdebug.obj
 0001:0002db90       sf_debug_animate           000000018002eb90 f   sfc_debug:sfcdebug.obj
 0001:0002dbc0       sf_debug_cycle_detection_check 000000018002ebc0 f   sfc_debug:sfcdebug.obj
 0001:0002dbd0       sf_debug_data_range_check  000000018002ebd0 f   sfc_debug:sfcdebug.obj
 0001:0002dbe0       sf_debug_transition_conflict_check 000000018002ebe0 f   sfc_debug:sfcdebug.obj
 0001:0002dbf0       sf_debug_state_consistency_check 000000018002ebf0 f   sfc_debug:sfcdebug.obj
 0001:0002dc00       sf_debug_data_range_check_enabled 000000018002ec00 f   sfc_debug:sfcdebug.obj
 0001:0002dc20       sf_debug_transition_conflict_check_enabled 000000018002ec20 f   sfc_debug:sfcdebug.obj
 0001:0002dc40       sf_debug_transition_conflict_check_begin 000000018002ec40 f   sfc_debug:sfcdebug.obj
 0001:0002dc60       sf_debug_transition_conflict_check_end 000000018002ec60 f   sfc_debug:sfcdebug.obj
 0001:0002dc80       sf_debug_stop_debugging    000000018002ec80 f   sfc_debug:sfcdebug.obj
 0001:0002dcb0       sf_debug_is_cycle_detected 000000018002ecb0 f   sfc_debug:sfcdebug.obj
 0001:0002dcc0       sf_debug_is_array_bounds_detected 000000018002ecc0 f   sfc_debug:sfcdebug.obj
 0001:0002dcd0       sf_debug_get_state_vectors_data_size 000000018002ecd0 f   sfc_debug:sfcdebug.obj
 0001:0002dd10       sf_debug_get_state_vectors_data 000000018002ed10 f   sfc_debug:sfcdebug.obj
 0001:0002de10       sf_debug_set_state_vectors_data 000000018002ee10 f   sfc_debug:sfcdebug.obj
 0001:0002e0d0       sf_debug_get_script_index  000000018002f0d0 f   sfc_debug:sfcdebug.obj
 0001:0002e260       sf_debug_add_script        000000018002f260 f   sfc_debug:sfcdebug.obj
 0001:0002e3f0       cv_eval_point              000000018002f3f0 f   sfc_debug:sfcdebug.obj
 0001:0002e560       sf_debug_cv_init_state     000000018002f560 f   sfc_debug:sfcdebug.obj
 0001:0002e680       sf_debug_cv_init_chart     000000018002f680 f   sfc_debug:sfcdebug.obj
 0001:0002e760       sf_debug_cv_init_trans     000000018002f760 f   sfc_debug:sfcdebug.obj
 0001:0002e940       cv_eml_init_script         000000018002f940 f   sfc_debug:sfcdebug.obj
 0001:0002ea40       cv_eml_init_fcn            000000018002fa40 f   sfc_debug:sfcdebug.obj
 0001:0002eaf0       cv_eml_init_testobjective  000000018002faf0 f   sfc_debug:sfcdebug.obj
 0001:0002ebc0       cv_eml_init_if             000000018002fbc0 f   sfc_debug:sfcdebug.obj
 0001:0002ec90       cv_eml_init_for            000000018002fc90 f   sfc_debug:sfcdebug.obj
 0001:0002ed50       cv_eml_init_while          000000018002fd50 f   sfc_debug:sfcdebug.obj
 0001:0002ee10       cv_eml_init_mcdc           000000018002fe10 f   sfc_debug:sfcdebug.obj
 0001:0002ef20       cv_eml_init_switch         000000018002ff20 f   sfc_debug:sfcdebug.obj
 0001:0002f010       cv_eml_eval                0000000180030010 f   sfc_debug:sfcdebug.obj
 0001:0002f0f0       sf_debug_bm_is_a_eml_breakpoint 00000001800300f0 f   sfc_debug:sfcdebug.obj
 0001:0002f240       sf_debug_temporal_threshold 0000000180030240 f   sfc_debug:sfcdebug.obj
 0001:0002f5a0       sf_debug_transition_conflict_error 00000001800305a0 f   sfc_debug:sfcdebug.obj
 0001:0002f920       sf_debug_state_inconsistency_error 0000000180030920 f   sfc_debug:sfcdebug.obj
 0001:0002fa40       sf_debug_check_for_state_inconsistency 0000000180030a40 f   sfc_debug:sfcdebug.obj
 0001:0002fa70       sf_debug_cycle_detecton_error 0000000180030a70 f   sfc_debug:sfcdebug.obj
 0001:00030260       sf_debug_size_eq_check_1d  0000000180031260 f   sfc_debug:sfcdebug.obj
 0001:00030280       sf_debug_size_eq_check_nd  0000000180031280 f   sfc_debug:sfcdebug.obj
 0001:00030460       sf_debug_dim_size_eq_check 0000000180031460 f   sfc_debug:sfcdebug.obj
 0001:00030490       sf_debug_dim_size_geq_check 0000000180031490 f   sfc_debug:sfcdebug.obj
 0001:000304c0       sf_debug_sub_assign_size_check_nd 00000001800314c0 f   sfc_debug:sfcdebug.obj
 0001:00030700       sf_debug_matrix_matrix_index_check 0000000180031700 f   sfc_debug:sfcdebug.obj
 0001:00030730       sf_debug_vector_vector_index_check 0000000180031730 f   sfc_debug:sfcdebug.obj
 0001:00030760       sf_debug_for_loop_vector_check 0000000180031760 f   sfc_debug:sfcdebug.obj
 0001:000307e0       sf_debug_runtime_error_msgid 00000001800317e0 f   sfc_debug:sfcdebug.obj
 0001:00030870       sf_debug_data_array_bounds_error_check 0000000180031870 f   sfc_debug:sfcdebug.obj
 0001:00030980       sf_debug_eml_data_array_bounds_error_check 0000000180031980 f   sfc_debug:sfcdebug.obj
 0001:00030e60       sf_debug_integer_check     0000000180031e60 f   sfc_debug:sfcdebug.obj
 0001:00030f40       sf_debug_not_nan_check     0000000180031f40 f   sfc_debug:sfcdebug.obj
 0001:00031000       sf_debug_non_negative_check 0000000180032000 f   sfc_debug:sfcdebug.obj
 0001:000310c0       sf_debug_overflow_detection 00000001800320c0 f   sfc_debug:sfcdebug.obj
 0001:000317b0       sf_debug_cast_to_real32_T  00000001800327b0 f   sfc_debug:sfcdebug.obj
 0001:00031870       sf_debug_cast_to_int8_T    0000000180032870 f   sfc_debug:sfcdebug.obj
 0001:00031930       sf_debug_cast_to_uint8_T   0000000180032930 f   sfc_debug:sfcdebug.obj
 0001:000319f0       sf_debug_cast_to_int16_T   00000001800329f0 f   sfc_debug:sfcdebug.obj
 0001:00031ab0       sf_debug_cast_to_uint16_T  0000000180032ab0 f   sfc_debug:sfcdebug.obj
 0001:00031b70       sf_debug_cast_to_int32_T   0000000180032b70 f   sfc_debug:sfcdebug.obj
 0001:00031c30       sf_debug_cast_to_uint32_T  0000000180032c30 f   sfc_debug:sfcdebug.obj
 0001:00031cf0       sf_debug_data_range_error  0000000180032cf0 f   sfc_debug:sfcdebug.obj
 0001:00032040       sf_debug_read_before_write_check 0000000180033040 f   sfc_debug:sfcdebug.obj
 0001:00032430       sf_debug_data_range_error_wrapper_min_max 0000000180033430 f   sfc_debug:sfcdebug.obj
 0001:00032520       sf_debug_data_range_error_wrapper_min 0000000180033520 f   sfc_debug:sfcdebug.obj
 0001:00032600       sf_debug_data_range_error_wrapper_max 0000000180033600 f   sfc_debug:sfcdebug.obj
 0001:000326e0       sf_debug_data_range_wrapper 00000001800336e0 f   sfc_debug:sfcdebug.obj
 0001:00032790       sf_debug_set_current_status_info 0000000180033790 f   sfc_debug:sfcdebug.obj
 0001:00032b40       sf_debug_call              0000000180033b40 f   sfc_debug:sfcdebug.obj
 0001:00033a00       sf_debug_initialize_machine 0000000180034a00 f   sfc_debug:sfcdebug.obj
 0001:00033d10       sf_debug_initialize_chart  0000000180034d10 f   sfc_debug:sfcdebug.obj
 0001:000341f0       sf_debug_ensure_script     00000001800351f0 f   sfc_debug:sfcdebug.obj
 0001:000342b0       cv_script_init_script      00000001800352b0 f   sfc_debug:sfcdebug.obj
 0001:00034390       cv_script_init_fcn         0000000180035390 f   sfc_debug:sfcdebug.obj
 0001:00034440       cv_script_init_testobjective 0000000180035440 f   sfc_debug:sfcdebug.obj
 0001:000344f0       cv_script_init_if          00000001800354f0 f   sfc_debug:sfcdebug.obj
 0001:000345a0       cv_script_init_for         00000001800355a0 f   sfc_debug:sfcdebug.obj
 0001:00034650       cv_script_init_while       0000000180035650 f   sfc_debug:sfcdebug.obj
 0001:00034700       cv_script_init_mcdc        0000000180035700 f   sfc_debug:sfcdebug.obj
 0001:00034800       cv_script_init_switch      0000000180035800 f   sfc_debug:sfcdebug.obj
 0001:000348e0       cv_script_eval             00000001800358e0 f   sfc_debug:sfcdebug.obj
 0001:000349c0       eml_debug_line_call        00000001800359c0 f   sfc_debug:sfcdebug.obj
 0001:00034b70       sf_debug_terminate         0000000180035b70 f   sfc_debug:sfcdebug.obj
 0001:00034ce0       sf_debug_set_script_cv_ids 0000000180035ce0 f   sfc_debug:sfcdebug.obj
 0001:00034eb0       sf_debug_api               0000000180035eb0 f   sfc_debug:sfc_api.obj
 0001:00036660       sf_debug_sm_terminate      0000000180037660 f   sfc_debug:sfdb_animation.obj
 0001:00036820       sf_debug_reset_path_objects 0000000180037820 f   sfc_debug:sfdb_animation.obj
 0001:000368a0       sf_debug_sm_reset_object_selection_status 00000001800378a0 f   sfc_debug:sfdb_animation.obj
 0001:00036940       sf_debug_sm_reset_state_buffer 0000000180037940 f   sfc_debug:sfdb_animation.obj
 0001:00036a10       sf_debug_sm_store_state_buffer 0000000180037a10 f   sfc_debug:sfdb_animation.obj
 0001:00036a90       sf_debug_sm_restore_state_buffer1 0000000180037a90 f   sfc_debug:sfdb_animation.obj
 0001:00036b00       sf_debug_sm_restore_state_buffer2 0000000180037b00 f   sfc_debug:sfdb_animation.obj
 0001:00036b70       sf_debug_sm_chart_active   0000000180037b70 f   sfc_debug:sfdb_animation.obj
 0001:00036bc0       sf_debug_sm_select_active_objects 0000000180037bc0 f   sfc_debug:sfdb_animation.obj
 0001:00037070       sf_debug_sm_is_chart_active 0000000180038070 f   sfc_debug:sfdb_animation.obj
 0001:000370b0       sf_debug_sm_is_state_active 00000001800380b0 f   sfc_debug:sfdb_animation.obj
 0001:000372f0       sf_debug_sm_get_active_states 00000001800382f0 f   sfc_debug:sfdb_animation.obj
 0001:000378b0       sf_debug_sm_initialize_instance 00000001800388b0 f   sfc_debug:sfdb_animation.obj
 0001:00037b00       sf_debug_sm_change_object_selection_status 0000000180038b00 f   sfc_debug:sfdb_animation.obj
 0001:00037df0       cv_create_interface        0000000180038df0 f   sfc_debug:cv_sfinterface.obj
 0001:00038150       cv_init_trans              0000000180039150 f   sfc_debug:cv_sfinterface.obj
 0001:000381a0       cv_init_state              00000001800391a0 f   sfc_debug:cv_sfinterface.obj
 0001:00038210       cv_init_chart              0000000180039210 f   sfc_debug:cv_sfinterface.obj
 0001:00038260       cv_dec_update_call         0000000180039260 f   sfc_debug:cv_sfinterface.obj
 0001:000382a0       cv_cond_update_call        00000001800392a0 f   sfc_debug:cv_sfinterface.obj
 0001:000382e0       cv_sigrange_update         00000001800392e0 f   sfc_debug:cv_sfinterface.obj
 0001:00038320       cvsf_eml_eval              0000000180039320 f   sfc_debug:cv_sfinterface.obj
 0001:00038400       cvsf_eml_init_script       0000000180039400 f   sfc_debug:cv_sfinterface.obj
 0001:00038480       cvsf_eml_init_fcn          0000000180039480 f   sfc_debug:cv_sfinterface.obj
 0001:000384e0       cvsf_eml_init_testobjective 00000001800394e0 f   sfc_debug:cv_sfinterface.obj
 0001:00038540       cvsf_eml_init_if           0000000180039540 f   sfc_debug:cv_sfinterface.obj
 0001:000385a0       cvsf_eml_init_for          00000001800395a0 f   sfc_debug:cv_sfinterface.obj
 0001:000385f0       cvsf_eml_init_while        00000001800395f0 f   sfc_debug:cv_sfinterface.obj
 0001:00038640       cvsf_eml_init_mcdc         0000000180039640 f   sfc_debug:cv_sfinterface.obj
 0001:000386d0       cvsf_eml_init_switch       00000001800396d0 f   sfc_debug:cv_sfinterface.obj
 0001:00038740       cvsf_script_eval           0000000180039740 f   sfc_debug:cv_sfinterface.obj
 0001:00038820       cvsf_script_init_script    0000000180039820 f   sfc_debug:cv_sfinterface.obj
 0001:000388a0       cvsf_script_init_fcn       00000001800398a0 f   sfc_debug:cv_sfinterface.obj
 0001:00038900       cvsf_script_init_testobjective 0000000180039900 f   sfc_debug:cv_sfinterface.obj
 0001:00038960       cvsf_script_init_if        0000000180039960 f   sfc_debug:cv_sfinterface.obj
 0001:000389c0       cvsf_script_init_for       00000001800399c0 f   sfc_debug:cv_sfinterface.obj
 0001:00038a10       cvsf_script_init_while     0000000180039a10 f   sfc_debug:cv_sfinterface.obj
 0001:00038a60       cvsf_script_init_mcdc      0000000180039a60 f   sfc_debug:cv_sfinterface.obj
 0001:00038af0       cvsf_script_init_switch    0000000180039af0 f   sfc_debug:cv_sfinterface.obj
 0001:00038b60       cv_destroy_interface       0000000180039b60 f   sfc_debug:cv_sfinterface.obj
 0001:00038b80       cv_create_instance_objects 0000000180039b80 f   sfc_debug:cv_sfinterface.obj
 0001:00039030       cv_is_enabled              000000018003a030 f   sfc_debug:cv_sfinterface.obj
 0001:00039040       sf_debug_cv_initialize_script 000000018003a040 f   sfc_debug:cv_sfinterface.obj
 0001:000391f0       sf_debug_cv_initialize_instance 000000018003a1f0 f   sfc_debug:cv_sfinterface.obj
 0001:00039590       sf_debug_cv_terminate_chart 000000018003a590 f   sfc_debug:cv_sfinterface.obj
 0001:000396d0       cv_call_trans_test         000000018003a6d0 f   sfc_debug:cv_sfinterface.obj
 0001:000396e0       cv_call_sub_cond_test      000000018003a6e0 f   sfc_debug:cv_sfinterface.obj
 0001:00039810       sf_debug_hm_initialize_instance 000000018003a810 f   sfc_debug:sfdb_handle_management.obj
 0001:00039d90       sf_debug_hm_get_object_id  000000018003ad90 f   sfc_debug:sfdb_handle_management.obj
 0001:0003bd00       sf_debug_object_is_eml_function 000000018003cd00 f   sfc_debug:sfdb_handle_management.obj
 0001:0003bd70       sf_debug_hm_initialize_ids_in_machine 000000018003cd70 f   sfc_debug:sfdb_handle_management.obj
 0001:0003bee0       sf_debug_hm_initialize_ids_in_chart 000000018003cee0 f   sfc_debug:sfdb_handle_management.obj
 0001:0003c020       sf_debug_hm_initialize_chart 000000018003d020 f   sfc_debug:sfdb_handle_management.obj
 0001:0003c7d0       sf_debug_hm_terminate      000000018003d7d0 f   sfc_debug:sfdb_handle_management.obj
 0001:0003c830       sf_debug_hm_initialize_machine 000000018003d830 f   sfc_debug:sfdb_handle_management.obj
 0001:0003cfe0       sf_debug_st_initialize_machine 000000018003dfe0 f   sfc_debug:sfdb_data_browse.obj
 0001:0003d0a0       sf_debug_st_initialize_instance 000000018003e0a0 f   sfc_debug:sfdb_data_browse.obj
 0001:0003d2d0       sf_debug_st_terminate      000000018003e2d0 f   sfc_debug:sfdb_data_browse.obj
 0001:0003d670       sf_debug_st_set_data_value_ptr_in_machine 000000018003e670 f   sfc_debug:sfdb_data_browse.obj
 0001:0003d700       sf_debug_st_set_data_value_ptr_in_instance 000000018003e700 f   sfc_debug:sfdb_data_browse.obj
 0001:0003d7e0       sf_debug_st_unset_data_value_ptr_in_machine 000000018003e7e0 f   sfc_debug:sfdb_data_browse.obj
 0001:0003d850       sf_debug_st_unset_data_value_ptr_in_instance 000000018003e850 f   sfc_debug:sfdb_data_browse.obj
 0001:0003db60       sf_debug_mx_value          000000018003eb60 f   sfc_debug:sfdb_data_browse.obj
 0001:0003dbc0       sf_debug_mx_packed_vector  000000018003ebc0 f   sfc_debug:sfdb_data_browse.obj
 0001:0003dca0       sf_debug_mx_uint_vector    000000018003eca0 f   sfc_debug:sfdb_data_browse.obj
 0001:0003dd60       sf_debug_st_get_double_value_from_void_ptr_vector 000000018003ed60 f   sfc_debug:sfdb_data_browse.obj
 0001:0003e850       sf_debug_st_browse_data    000000018003f850 f   sfc_debug:sfdb_data_browse.obj
 0001:0003eff0       sf_debug_ss_initialize     000000018003fff0 f   sfc_debug:sfdb_symbol_scope.obj
 0001:0003f010       sf_debug_ss_terminate      0000000180040010 f   sfc_debug:sfdb_symbol_scope.obj
 0001:0003f0a0       sf_debug_ss_push_symbol_scope 00000001800400a0 f   sfc_debug:sfdb_symbol_scope.obj
 0001:0003f1a0       sf_debug_ss_push_symbol_scope_eml 00000001800401a0 f   sfc_debug:sfdb_symbol_scope.obj
 0001:0003f200       sf_debug_ss_pop_symbol_scope 0000000180040200 f   sfc_debug:sfdb_symbol_scope.obj
 0001:0003f2b0       sf_debug_ss_add_symbol     00000001800402b0 f   sfc_debug:sfdb_symbol_scope.obj
 0001:0003f410       sf_debug_ss_add_symbol_eml 0000000180040410 f   sfc_debug:sfdb_symbol_scope.obj
 0001:000400f0       sf_debug_ss_set_data_value 00000001800410f0 f   sfc_debug:sfdb_symbol_scope.obj
 0001:00040590       sf_debug_ss_watch_data     0000000180041590 f   sfc_debug:sfdb_symbol_scope.obj
 0001:00040630       sf_debug_ss_assign_data    0000000180041630 f   sfc_debug:sfdb_symbol_scope.obj
 0001:00041030       get_data_entry_name        0000000180042030 f   sfc_debug:sfdb_symbol_scope.obj
 0001:00041080       sf_debug_ss_whos           0000000180042080 f   sfc_debug:sfdb_symbol_scope.obj
 0001:00041790       sf_debug_cc_initialize_chart 0000000180042790 f   sfc_debug:sfdb_coverage.obj
 0001:00042180       sf_debug_cc_initialize_instance 0000000180043180 f   sfc_debug:sfdb_coverage.obj
 0001:00042f80       sf_debug_cc_terminate      0000000180043f80 f   sfc_debug:sfdb_coverage.obj
 0001:00043070       sf_debug_cc_set_transition_maps 0000000180044070 f   sfc_debug:sfdb_coverage.obj
 0001:000431a0       sf_debug_cc_set_state_maps 00000001800441a0 f   sfc_debug:sfdb_coverage.obj
 0001:00043280       sf_debug_cc_set_transition_weights 0000000180044280 f   sfc_debug:sfdb_coverage.obj
 0001:00043550       sf_debug_cc_set_state_weights 0000000180044550 f   sfc_debug:sfdb_coverage.obj
 0001:00043820       sf_debug_cc_mark_transition_guard 0000000180044820 f   sfc_debug:sfdb_coverage.obj
 0001:000438b0       sf_debug_cc_mark_transition_trigger 00000001800448b0 f   sfc_debug:sfdb_coverage.obj
 0001:00043940       sf_debug_cc_mark_transition_decision 0000000180044940 f   sfc_debug:sfdb_coverage.obj
 0001:000439b0       sf_debug_cc_mark_transition_condition_action 00000001800449b0 f   sfc_debug:sfdb_coverage.obj
 0001:00043a00       sf_debug_cc_mark_transition_transition_action 0000000180044a00 f   sfc_debug:sfdb_coverage.obj
 0001:00043a50       sf_debug_cc_mark_state_entry 0000000180044a50 f   sfc_debug:sfdb_coverage.obj
 0001:00043aa0       sf_debug_cc_mark_state_during 0000000180044aa0 f   sfc_debug:sfdb_coverage.obj
 0001:00043af0       sf_debug_cc_mark_state_exit 0000000180044af0 f   sfc_debug:sfdb_coverage.obj
 0001:00043b40       sf_debug_bm_clear_script_breakpoints 0000000180044b40 f   sfc_debug:sfdb_breakpoints.obj
 0001:00043b70       sf_debug_bm_set_script_breakpoint 0000000180044b70 f   sfc_debug:sfdb_breakpoints.obj
 0001:00043bf0       sf_debug_bm_clear_single_script_breakpoint 0000000180044bf0 f   sfc_debug:sfdb_breakpoints.obj
 0001:00043c70       sf_debug_bm_query_script_breakpoint 0000000180044c70 f   sfc_debug:sfdb_breakpoints.obj
 0001:00043cc0       sf_debug_bm_initialize_scripts 0000000180044cc0 f   sfc_debug:sfdb_breakpoints.obj
 0001:000443e0       sf_debug_bm_terminate      00000001800453e0 f   sfc_debug:sfdb_breakpoints.obj
 0001:000446d0       sf_debug_bm_remove_all_breakpoints_in_machine 00000001800456d0 f   sfc_debug:sfdb_breakpoints.obj
 0001:00044740       sf_debug_bm_remove_all_breakpoints_in_chart 0000000180045740 f   sfc_debug:sfdb_breakpoints.obj
 0001:00044890       sf_debug_bm_initialize_global_breakpoints 0000000180045890 f   sfc_debug:sfdb_breakpoints.obj
 0001:00044a10       sf_debug_bm_set_breakpoint 0000000180045a10 f   sfc_debug:sfdb_breakpoints.obj
 0001:00045040       sf_debug_bm_set_eml_breakpoint 0000000180046040 f   sfc_debug:sfdb_breakpoints.obj
 0001:000450e0       sf_debug_bm_initialize_machine_breakpoint_map 00000001800460e0 f   sfc_debug:sfdb_breakpoints.obj
 0001:00045500       sf_debug_bm_is_a_breakpoint 0000000180046500 f   sfc_debug:sfdb_breakpoints.obj
 0001:00045a20       sf_debug_bm_get_all_breakpoints_in_machine 0000000180046a20 f   sfc_debug:sfdb_breakpoints.obj
 0001:00045d20       sf_debug_bm_get_all_breakpoints_in_chart 0000000180046d20 f   sfc_debug:sfdb_breakpoints.obj
 0001:000469e0       sf_debug_bm_initialize_machine 00000001800479e0 f   sfc_debug:sfdb_breakpoints.obj
 0001:00046ab0       sf_debug_bm_initialize_chart 0000000180047ab0 f   sfc_debug:sfdb_breakpoints.obj
 0001:00046ed0       sf_debug_sc_terminate      0000000180047ed0 f   sfc_debug:sfdb_state_consistency.obj
 0001:00047200       sf_debug_sc_is_chart_consistent 0000000180048200 f   sfc_debug:sfdb_state_consistency.obj
 0001:000474b0       sf_debug_sc_get_consistency_error_info 00000001800484b0 f   sfc_debug:sfdb_state_consistency.obj
 0001:00047900       sf_debug_tm_terminate      0000000180048900 f   sfc_debug:sfdb_call_stack.obj
 0001:000479c0       sf_debug_tm_push_chart_instance 00000001800489c0 f   sfc_debug:sfdb_call_stack.obj
 0001:00047b10       sf_debug_tm_pop_chart_instance 0000000180048b10 f   sfc_debug:sfdb_call_stack.obj
 0001:00047b70       sf_debug_tm_push_trace_node 0000000180048b70 f   sfc_debug:sfdb_call_stack.obj
 0001:00047d00       sf_debug_tm_pop_trace_node 0000000180048d00 f   sfc_debug:sfdb_call_stack.obj
 0001:00047d80       sf_debug_tm_get_current_global_trace_index 0000000180048d80 f   sfc_debug:sfdb_call_stack.obj
 0001:00047d90       sf_debug_tm_get_current_local_trace_index 0000000180048d90 f   sfc_debug:sfdb_call_stack.obj
 0001:00047dc0       sf_debug_tm_set_cycle_detected_flag 0000000180048dc0 f   sfc_debug:sfdb_call_stack.obj
 0001:00047e00       sf_debug_tm_set_cycle_started_flag 0000000180048e00 f   sfc_debug:sfdb_call_stack.obj
 0001:00047e40       sf_debug_tm_get_chart_number_from_stack 0000000180048e40 f   sfc_debug:sfdb_call_stack.obj
 0001:00048040       sf_debug_tm_browse_trace   0000000180049040 f   sfc_debug:sfdb_call_stack.obj
 0001:00048380       sf_debug_cd_initialize_instance 0000000180049380 f   sfc_debug:sfdb_cycle_detection.obj
 0001:00048630       sf_debug_cd_mark_processed_transition_in_instance 0000000180049630 f   sfc_debug:sfdb_cycle_detection.obj
 0001:000486d0       sf_debug_cd_checksum_push  00000001800496d0 f   sfc_debug:sfdb_cycle_detection.obj
 0001:00048990       sf_debug_cd_checksum_pop   0000000180049990 f   sfc_debug:sfdb_cycle_detection.obj
 0001:00048a00       sf_debug_cd_turn_off_cycle_detection 0000000180049a00 f   sfc_debug:sfdb_cycle_detection.obj
 0001:00048a50       sf_debug_cd_terminate      0000000180049a50 f   sfc_debug:sfdb_cycle_detection.obj
 0001:00048c90       md5_initialize_state       0000000180049c90 f   sfc_debug:ckmd5.obj
 0001:00049700       md5_update_state           000000018004a700 f   sfc_debug:ckmd5.obj
 0001:00049720       md5_get_hash               000000018004a720 f   sfc_debug:ckmd5.obj
 0001:00049750       md5_get_hash_for_a_single_string 000000018004a750 f   sfc_debug:ckmd5.obj
 0001:000497b4       mxGetPr                    000000018004a7b4 f   libmx:libmx.dll
 0001:000497ba       mxCreateDoubleScalar       000000018004a7ba f   libmx:libmx.dll
 0001:000497c0       mxCreateDoubleMatrix_730   000000018004a7c0 f   libmx:libmx.dll
 0001:000497c6       mxSetField_730             000000018004a7c6 f   libmx:libmx.dll
 0001:000497cc       mxCreateString             000000018004a7cc f   libmx:libmx.dll
 0001:000497d2       mxCreateStructMatrix_730   000000018004a7d2 f   libmx:libmx.dll
 0001:000497d8       mxDestroyArray             000000018004a7d8 f   libmx:libmx.dll
 0001:000497de       mxDuplicateArray           000000018004a7de f   libmx:libmx.dll
 0001:000497e4       mxIsEmpty                  000000018004a7e4 f   libmx:libmx.dll
 0001:000497ea       mxGetNaN                   000000018004a7ea f   libmx:libmx.dll
 0001:000497f0       mxGetInf                   000000018004a7f0 f   libmx:libmx.dll
 0001:000497f6       mxGetString_730            000000018004a7f6 f   libmx:libmx.dll
 0001:000497fc       mxIsChar                   000000018004a7fc f   libmx:libmx.dll
 0001:00049802       mxGetClassID               000000018004a802 f   libmx:libmx.dll
 0001:00049808       mxIsNumeric                000000018004a808 f   libmx:libmx.dll
 0001:0004980e       mxIsComplex                000000018004a80e f   libmx:libmx.dll
 0001:00049814       mxGetN                     000000018004a814 f   libmx:libmx.dll
 0001:0004981a       mxGetM                     000000018004a81a f   libmx:libmx.dll
 0001:00049820       mxCalloc                   000000018004a820 f   libmx:libmx.dll
 0001:00049826       mxGetScalar                000000018004a826 f   libmx:libmx.dll
 0001:0004982c       mxIsLogical                000000018004a82c f   libmx:libmx.dll
 0001:00049832       mxCreateDoubleMatrix_700   000000018004a832 f   libmx:libmx.dll
 0001:00049838       mxFree                     000000018004a838 f   libmx:libmx.dll
 0001:0004983e       mxArrayToString            000000018004a83e f   libmx:libmx.dll
 0001:00049844       mxCreateCellMatrix_700     000000018004a844 f   libmx:libmx.dll
 0001:0004984a       mxSetCell_700              000000018004a84a f   libmx:libmx.dll
 0001:00049850       mxGetCell_700              000000018004a850 f   libmx:libmx.dll
 0001:00049856       mxGetClassName             000000018004a856 f   libmx:libmx.dll
 0001:0004985c       mxSetField_700             000000018004a85c f   libmx:libmx.dll
 0001:00049862       mxAddField                 000000018004a862 f   libmx:libmx.dll
 0001:00049868       mxGetField_700             000000018004a868 f   libmx:libmx.dll
 0001:0004986e       mxGetNumberOfElements      000000018004a86e f   libmx:libmx.dll
 0001:00049874       mxIsStruct                 000000018004a874 f   libmx:libmx.dll
 0001:0004987a       mxIsClass                  000000018004a87a f   libmx:libmx.dll
 0001:00049880       mxGetLogicals              000000018004a880 f   libmx:libmx.dll
 0001:00049886       mxIsSparse                 000000018004a886 f   libmx:libmx.dll
 0001:0004988c       mxSetFieldByNumber_700     000000018004a88c f   libmx:libmx.dll
 0001:00049892       mxGetFieldByNumber_700     000000018004a892 f   libmx:libmx.dll
 0001:00049898       mxGetFieldNameByNumber     000000018004a898 f   libmx:libmx.dll
 0001:0004989e       mxGetNumberOfFields        000000018004a89e f   libmx:libmx.dll
 0001:000498a4       mxCreateStructMatrix_700   000000018004a8a4 f   libmx:libmx.dll
 0001:000498aa       mxGetFieldNumber           000000018004a8aa f   libmx:libmx.dll
 0001:000498b0       mxIsNaN                    000000018004a8b0 f   libmx:libmx.dll
 0001:000498b6       mxGetData                  000000018004a8b6 f   libmx:libmx.dll
 0001:000498bc       mxGetImagData              000000018004a8bc f   libmx:libmx.dll
 0001:000498c2       mxArrayClassIDName         000000018004a8c2 f   libmx:libmx.dll
 0001:000498c8       mxCreateNumericMatrix_700  000000018004a8c8 f   libmx:libmx.dll
 0001:000498ce       mxCreateStructArray_700    000000018004a8ce f   libmx:libmx.dll
 0001:000498d4       mxCalcSingleSubscript_700  000000018004a8d4 f   libmx:libmx.dll
 0001:000498da       mxGetDimensions_700        000000018004a8da f   libmx:libmx.dll
 0001:000498e0       mxGetNumberOfDimensions_700 000000018004a8e0 f   libmx:libmx.dll
 0001:000498e6       mxCreateNumericArray_700   000000018004a8e6 f   libmx:libmx.dll
 0001:000498ec       mxGetElementSize           000000018004a8ec f   libmx:libmx.dll
 0001:000498f2       mxCreateStringFromNChars_700 000000018004a8f2 f   libmx:libmx.dll
 0001:000498f8       mxGetString_700            000000018004a8f8 f   libmx:libmx.dll
 0001:000498fe       mxIsLogicalScalarTrue      000000018004a8fe f   libmx:libmx.dll
 0001:00049904       mxCreateLogicalScalar      000000018004a904 f   libmx:libmx.dll
 0001:0004990a       mexUnlock                  000000018004a90a f   libmex:libmex.dll
 0001:00049910       mexIsLocked                000000018004a910 f   libmex:libmex.dll
 0001:00049916       mexWarnMsgTxt              000000018004a916 f   libmex:libmex.dll
 0001:0004991c       mexCallMATLAB              000000018004a91c f   libmex:libmex.dll
 0001:00049922       mexErrMsgTxt               000000018004a922 f   libmex:libmex.dll
 0001:00049928       mexMakeArrayPersistent     000000018004a928 f   libmex:libmex.dll
 0001:0004992e       mexSetTrapFlag             000000018004a92e f   libmex:libmex.dll
 0001:00049934       mexPutVariable             000000018004a934 f   libmex:libmex.dll
 0001:0004993a       mexGetVariable             000000018004a93a f   libmex:libmex.dll
 0001:00049940       mexLock                    000000018004a940 f   libmex:libmex.dll
 0001:00049946       mexMakeMemoryPersistent    000000018004a946 f   libmex:libmex.dll
 0001:0004994c       mexFunctionName            000000018004a94c f   libmex:libmex.dll
 0001:00049952       ssRegisterDataTypeFxpFSlopeFixExpBias 000000018004a952 f   libfixedpoint:libfixedpoint.dll
 0001:00049958       utVSNprintf                000000018004a958 f   libut:libut.dll
 0001:0004995e       utCPUtime                  000000018004a95e f   libut:libut.dll
 0001:00049964       utFree                     000000018004a964 f   libut:libut.dll
 0001:0004996a       utMalloc                   000000018004a96a f   libut:libut.dll
 0001:00049970       muDoubleScalarPower        000000018004a970 f   libmwmathutil:libmwmathutil.dll
 0001:00049976       muDoubleScalarAbs          000000018004a976 f   libmwmathutil:libmwmathutil.dll
 0001:0004997c       muDoubleScalarAtan2        000000018004a97c f   libmwmathutil:libmwmathutil.dll
 0001:00049982       muDoubleScalarLog          000000018004a982 f   libmwmathutil:libmwmathutil.dll
 0001:00049988       muDoubleScalarSqrt         000000018004a988 f   libmwmathutil:libmwmathutil.dll
 0001:0004998e       muDoubleScalarIsNaN        000000018004a98e f   libmwmathutil:libmwmathutil.dll
 0001:00049994       muDoubleScalarIsInf        000000018004a994 f   libmwmathutil:libmwmathutil.dll
 0001:0004999a       muDoubleScalarSin          000000018004a99a f   libmwmathutil:libmwmathutil.dll
 0001:000499a0       muDoubleScalarCos          000000018004a9a0 f   libmwmathutil:libmwmathutil.dll
 0001:000499a6       muDoubleScalarExp          000000018004a9a6 f   libmwmathutil:libmwmathutil.dll
 0001:000499ac       muDoubleScalarLog10        000000018004a9ac f   libmwmathutil:libmwmathutil.dll
 0001:000499b2       emlrtCheckBuiltInCtxR2011a 000000018004a9b2 f   libemlrt:libemlrt.dll
 0001:000499b8       emlrtCheckVsBuiltInCtxR2011a 000000018004a9b8 f   libemlrt:libemlrt.dll
 0001:000499be       emlrtCheckEnumR2009a       000000018004a9be f   libemlrt:libemlrt.dll
 0001:000499c4       emlrtCreateEnumR2010a      000000018004a9c4 f   libemlrt:libemlrt.dll
 0001:000499ca       emlrtGetEnumElementR2009a  000000018004a9ca f   libemlrt:libemlrt.dll
 0001:000499d0       emlrtCreateReference       000000018004a9d0 f   libemlrt:libemlrt.dll
 0001:000499d6       emlrtImportVsFiArrayR2009b 000000018004a9d6 f   libemlrt:libemlrt.dll
 0001:000499dc       emlrtExtractMessageId      000000018004a9dc f   libemlrt:libemlrt.dll
 0001:000499e2       emlrtTranslateMessageIDtoLCPstring 000000018004a9e2 f   libemlrt:libemlrt.dll
 0001:000499e8       emlrtForLoopVectorIsValidR2011b 000000018004a9e8 f   libemlrt:libemlrt.dll
 0001:000499ee       emlrtTranslateUTF16MessagetoLCPstring 000000018004a9ee f   libemlrt:libemlrt.dll
 0001:000499f4       emlrtGetEnumUnderlyingArrayR2009a 000000018004a9f4 f   libemlrt:libemlrt.dll
 0001:000499fa       emlrtIsEnumR2009a          000000018004a9fa f   libemlrt:libemlrt.dll
 0001:00049a00       dgemm32                    000000018004aa00 f   libmwblascompat32:libmwblascompat32.dll
 0001:00049a08       __GSHandlerCheckCommon     000000018004aa08 f   MSVCRT:gshandler.obj
 0001:00049a6c       __GSHandlerCheck           000000018004aa6c f   MSVCRT:gshandler.obj
 0001:00049a8a       strlen                     000000018004aa8a f   MSVCRT:MSVCR100.dll
 0001:00049aa0       __security_check_cookie    000000018004aaa0 f   MSVCRT:amdsecgs.obj
 0001:00049ad0       _alloca_probe              000000018004aad0     MSVCRT:chkstk.obj
 0001:00049ad0       __chkstk                   000000018004aad0 f   MSVCRT:chkstk.obj
 0001:00049b1e       memset                     000000018004ab1e f   MSVCRT:MSVCR100.dll
 0001:00049b24       malloc                     000000018004ab24 f   MSVCRT:MSVCR100.dll
 0001:00049b2a       free                       000000018004ab2a f   MSVCRT:MSVCR100.dll
 0001:00049b30       strcmp                     000000018004ab30 f   MSVCRT:MSVCR100.dll
 0001:00049b36       sprintf                    000000018004ab36 f   MSVCRT:MSVCR100.dll
 0001:00049b3c       strcat                     000000018004ab3c f   MSVCRT:MSVCR100.dll
 0001:00049b42       memcpy                     000000018004ab42 f   MSVCRT:MSVCR100.dll
 0001:00049b48       NtCurrentTeb               000000018004ab48 f i MSVCRT:crtdll.obj
 0001:00049bb4       _CRT_INIT                  000000018004abb4 f   MSVCRT:crtdll.obj
 0001:00049f4c       _DllMainCRTStartup         000000018004af4c f   MSVCRT:crtdll.obj
 0001:00049f8a       strncpy                    000000018004af8a f   MSVCRT:MSVCR100.dll
 0001:00049f90       longjmp                    000000018004af90 f   MSVCRT:MSVCR100.dll
 0001:00049f96       strncmp                    000000018004af96 f   MSVCRT:MSVCR100.dll
 0001:00049f9c       ceil                       000000018004af9c f   MSVCRT:MSVCR100.dll
 0001:00049fa2       strrchr                    000000018004afa2 f   MSVCRT:MSVCR100.dll
 0001:00049fa8       _setjmp                    000000018004afa8 f   MSVCRT:MSVCR100.dll
 0001:00049fae       calloc                     000000018004afae f   MSVCRT:MSVCR100.dll
 0001:00049fb4       realloc                    000000018004afb4 f   MSVCRT:MSVCR100.dll
 0001:00049fba       ldexp                      000000018004afba f   MSVCRT:MSVCR100.dll
 0001:00049fc0       __report_gsfailure         000000018004afc0 f   MSVCRT:gs_report.obj
 0001:0004a10c       __clean_type_info_names    000000018004b10c f   MSVCRT:tncleanup.obj
 0001:0004a118       _onexit                    000000018004b118 f   MSVCRT:atonexit.obj
 0001:0004a1c8       atexit                     000000018004b1c8 f   MSVCRT:atonexit.obj
 0001:0004a1e0       _RTC_Initialize            000000018004b1e0 f   MSVCRT:_initsect_.obj
 0001:0004a218       _RTC_Terminate             000000018004b218 f   MSVCRT:_initsect_.obj
 0001:0004a250       _malloc_crt                000000018004b250 f   MSVCRT:MSVCR100.dll
 0001:0004a260       _ValidateImageBase         000000018004b260 f   MSVCRT:pesect.obj
 0001:0004a290       _FindPESection             000000018004b290 f   MSVCRT:pesect.obj
 0001:0004a2e0       _IsNonwritableInCurrentImage 000000018004b2e0 f   MSVCRT:pesect.obj
 0001:0004a322       _initterm                  000000018004b322 f   MSVCRT:MSVCR100.dll
 0001:0004a328       _initterm_e                000000018004b328 f   MSVCRT:MSVCR100.dll
 0001:0004a32e       _encoded_null              000000018004b32e f   MSVCRT:MSVCR100.dll
 0001:0004a334       _amsg_exit                 000000018004b334 f   MSVCRT:MSVCR100.dll
 0001:0004a33a       __C_specific_handler       000000018004b33a f   MSVCRT:MSVCR100.dll
 0001:0004a340       __CppXcptFilter            000000018004b340 f   MSVCRT:MSVCR100.dll
 0001:0004a348       DllMain                    000000018004b348 f   MSVCRT:dllmain.obj
 0001:0004a36c       __security_init_cookie     000000018004b36c f   MSVCRT:gs_support.obj
 0001:0004a420       __crt_debugger_hook        000000018004b420 f   MSVCRT:MSVCR100.dll
 0001:0004a426       __clean_type_info_names_internal 000000018004b426 f   MSVCRT:MSVCR100.dll
 0001:0004a42c       _unlock                    000000018004b42c f   MSVCRT:MSVCR100.dll
 0001:0004a432       __dllonexit                000000018004b432 f   MSVCRT:MSVCR100.dll
 0001:0004a438       _lock                      000000018004b438 f   MSVCRT:MSVCR100.dll
 0001:0004a43e       EncodePointer              000000018004b43e f   kernel32:KERNEL32.dll
 0001:0004a444       DecodePointer              000000018004b444 f   kernel32:KERNEL32.dll
 0001:0004a44a       Sleep                      000000018004b44a f   kernel32:KERNEL32.dll
 0001:0004a450       TerminateProcess           000000018004b450 f   kernel32:KERNEL32.dll
 0001:0004a456       GetCurrentProcess          000000018004b456 f   kernel32:KERNEL32.dll
 0001:0004a45c       UnhandledExceptionFilter   000000018004b45c f   kernel32:KERNEL32.dll
 0001:0004a462       SetUnhandledExceptionFilter 000000018004b462 f   kernel32:KERNEL32.dll
 0001:0004a468       IsDebuggerPresent          000000018004b468 f   kernel32:KERNEL32.dll
 0001:0004a46e       RtlVirtualUnwind           000000018004b46e f   kernel32:KERNEL32.dll
 0001:0004a474       RtlLookupFunctionEntry     000000018004b474 f   kernel32:KERNEL32.dll
 0001:0004a47a       RtlCaptureContext          000000018004b47a f   kernel32:KERNEL32.dll
 0001:0004a480       DisableThreadLibraryCalls  000000018004b480 f   kernel32:KERNEL32.dll
 0001:0004a486       QueryPerformanceCounter    000000018004b486 f   kernel32:KERNEL32.dll
 0001:0004a48c       GetTickCount               000000018004b48c f   kernel32:KERNEL32.dll
 0001:0004a492       GetCurrentThreadId         000000018004b492 f   kernel32:KERNEL32.dll
 0001:0004a498       GetCurrentProcessId        000000018004b498 f   kernel32:KERNEL32.dll
 0001:0004a49e       GetSystemTimeAsFileTime    000000018004b49e f   kernel32:KERNEL32.dll
 0002:00000000       __imp_DisableThreadLibraryCalls 000000018004c000     kernel32:KERNEL32.dll
 0002:00000008       __imp_RtlCaptureContext    000000018004c008     kernel32:KERNEL32.dll
 0002:00000010       __imp_RtlLookupFunctionEntry 000000018004c010     kernel32:KERNEL32.dll
 0002:00000018       __imp_RtlVirtualUnwind     000000018004c018     kernel32:KERNEL32.dll
 0002:00000020       __imp_IsDebuggerPresent    000000018004c020     kernel32:KERNEL32.dll
 0002:00000028       __imp_SetUnhandledExceptionFilter 000000018004c028     kernel32:KERNEL32.dll
 0002:00000030       __imp_UnhandledExceptionFilter 000000018004c030     kernel32:KERNEL32.dll
 0002:00000038       __imp_GetCurrentProcess    000000018004c038     kernel32:KERNEL32.dll
 0002:00000040       __imp_TerminateProcess     000000018004c040     kernel32:KERNEL32.dll
 0002:00000048       __imp_Sleep                000000018004c048     kernel32:KERNEL32.dll
 0002:00000050       __imp_DecodePointer        000000018004c050     kernel32:KERNEL32.dll
 0002:00000058       __imp_EncodePointer        000000018004c058     kernel32:KERNEL32.dll
 0002:00000060       __imp_GetTickCount         000000018004c060     kernel32:KERNEL32.dll
 0002:00000068       __imp_GetCurrentThreadId   000000018004c068     kernel32:KERNEL32.dll
 0002:00000070       __imp_GetCurrentProcessId  000000018004c070     kernel32:KERNEL32.dll
 0002:00000078       __imp_GetSystemTimeAsFileTime 000000018004c078     kernel32:KERNEL32.dll
 0002:00000080       __imp_QueryPerformanceCounter 000000018004c080     kernel32:KERNEL32.dll
 0002:00000088       \177KERNEL32_NULL_THUNK_DATA 000000018004c088     kernel32:KERNEL32.dll
 0002:00000090       __imp__onexit              000000018004c090     MSVCRT:MSVCR100.dll
 0002:00000098       __imp__lock                000000018004c098     MSVCRT:MSVCR100.dll
 0002:000000a0       __imp___dllonexit          000000018004c0a0     MSVCRT:MSVCR100.dll
 0002:000000a8       __imp__unlock              000000018004c0a8     MSVCRT:MSVCR100.dll
 0002:000000b0       __imp___clean_type_info_names_internal 000000018004c0b0     MSVCRT:MSVCR100.dll
 0002:000000b8       __imp___crt_debugger_hook  000000018004c0b8     MSVCRT:MSVCR100.dll
 0002:000000c0       __imp___CppXcptFilter      000000018004c0c0     MSVCRT:MSVCR100.dll
 0002:000000c8       __imp___C_specific_handler 000000018004c0c8     MSVCRT:MSVCR100.dll
 0002:000000d0       __imp__amsg_exit           000000018004c0d0     MSVCRT:MSVCR100.dll
 0002:000000d8       __imp__encoded_null        000000018004c0d8     MSVCRT:MSVCR100.dll
 0002:000000e0       __imp__initterm_e          000000018004c0e0     MSVCRT:MSVCR100.dll
 0002:000000e8       __imp__initterm            000000018004c0e8     MSVCRT:MSVCR100.dll
 0002:000000f0       __imp__malloc_crt          000000018004c0f0     MSVCRT:MSVCR100.dll
 0002:000000f8       __imp_ldexp                000000018004c0f8     MSVCRT:MSVCR100.dll
 0002:00000100       __imp_realloc              000000018004c100     MSVCRT:MSVCR100.dll
 0002:00000108       __imp_calloc               000000018004c108     MSVCRT:MSVCR100.dll
 0002:00000110       __imp__setjmp              000000018004c110     MSVCRT:MSVCR100.dll
 0002:00000118       __imp_strrchr              000000018004c118     MSVCRT:MSVCR100.dll
 0002:00000120       __imp_ceil                 000000018004c120     MSVCRT:MSVCR100.dll
 0002:00000128       __imp_strncmp              000000018004c128     MSVCRT:MSVCR100.dll
 0002:00000130       __imp_longjmp              000000018004c130     MSVCRT:MSVCR100.dll
 0002:00000138       __imp_strncpy              000000018004c138     MSVCRT:MSVCR100.dll
 0002:00000140       __imp_memcpy               000000018004c140     MSVCRT:MSVCR100.dll
 0002:00000148       __imp_strcat               000000018004c148     MSVCRT:MSVCR100.dll
 0002:00000150       __imp_sprintf              000000018004c150     MSVCRT:MSVCR100.dll
 0002:00000158       __imp_strcmp               000000018004c158     MSVCRT:MSVCR100.dll
 0002:00000160       __imp_free                 000000018004c160     MSVCRT:MSVCR100.dll
 0002:00000168       __imp_malloc               000000018004c168     MSVCRT:MSVCR100.dll
 0002:00000170       __imp_memset               000000018004c170     MSVCRT:MSVCR100.dll
 0002:00000178       __imp_strlen               000000018004c178     MSVCRT:MSVCR100.dll
 0002:00000180       \177MSVCR100_NULL_THUNK_DATA 000000018004c180     MSVCRT:MSVCR100.dll
 0002:00000188       __imp_emlrtCheckBuiltInCtxR2011a 000000018004c188     libemlrt:libemlrt.dll
 0002:00000190       __imp_emlrtCheckEnumR2009a 000000018004c190     libemlrt:libemlrt.dll
 0002:00000198       __imp_emlrtIsEnumR2009a    000000018004c198     libemlrt:libemlrt.dll
 0002:000001a0       __imp_emlrtGetEnumUnderlyingArrayR2009a 000000018004c1a0     libemlrt:libemlrt.dll
 0002:000001a8       __imp_emlrtTranslateUTF16MessagetoLCPstring 000000018004c1a8     libemlrt:libemlrt.dll
 0002:000001b0       __imp_emlrtForLoopVectorIsValidR2011b 000000018004c1b0     libemlrt:libemlrt.dll
 0002:000001b8       __imp_emlrtTranslateMessageIDtoLCPstring 000000018004c1b8     libemlrt:libemlrt.dll
 0002:000001c0       __imp_emlrtExtractMessageId 000000018004c1c0     libemlrt:libemlrt.dll
 0002:000001c8       __imp_emlrtCreateEnumR2010a 000000018004c1c8     libemlrt:libemlrt.dll
 0002:000001d0       __imp_emlrtGetEnumElementR2009a 000000018004c1d0     libemlrt:libemlrt.dll
 0002:000001d8       __imp_emlrtCreateReference 000000018004c1d8     libemlrt:libemlrt.dll
 0002:000001e0       __imp_emlrtImportVsFiArrayR2009b 000000018004c1e0     libemlrt:libemlrt.dll
 0002:000001e8       __imp_emlrtCheckVsBuiltInCtxR2011a 000000018004c1e8     libemlrt:libemlrt.dll
 0002:000001f0       \177libemlrt_NULL_THUNK_DATA 000000018004c1f0     libemlrt:libemlrt.dll
 0002:000001f8       __imp_ssRegisterDataTypeFxpFSlopeFixExpBias 000000018004c1f8     libfixedpoint:libfixedpoint.dll
 0002:00000200       \177libfixedpoint_NULL_THUNK_DATA 000000018004c200     libfixedpoint:libfixedpoint.dll
 0002:00000208       __imp_mexGetVariable       000000018004c208     libmex:libmex.dll
 0002:00000210       __imp_mexSetTrapFlag       000000018004c210     libmex:libmex.dll
 0002:00000218       __imp_mexMakeMemoryPersistent 000000018004c218     libmex:libmex.dll
 0002:00000220       __imp_mexFunctionName      000000018004c220     libmex:libmex.dll
 0002:00000228       __imp_mexMakeArrayPersistent 000000018004c228     libmex:libmex.dll
 0002:00000230       __imp_mexLock              000000018004c230     libmex:libmex.dll
 0002:00000238       __imp_mexPutVariable       000000018004c238     libmex:libmex.dll
 0002:00000240       __imp_mexCallMATLAB        000000018004c240     libmex:libmex.dll
 0002:00000248       __imp_mexWarnMsgTxt        000000018004c248     libmex:libmex.dll
 0002:00000250       __imp_mexIsLocked          000000018004c250     libmex:libmex.dll
 0002:00000258       __imp_mexUnlock            000000018004c258     libmex:libmex.dll
 0002:00000260       __imp_mexErrMsgTxt         000000018004c260     libmex:libmex.dll
 0002:00000268       \177libmex_NULL_THUNK_DATA 000000018004c268     libmex:libmex.dll
 0002:00000270       __imp_dgemm32              000000018004c270     libmwblascompat32:libmwblascompat32.dll
[...]
 0001:00022260       sf_numeric_value_to_double 0000000180023260 f   sfc_mex:sfc_mex.obj
 0001:000222b0       ml_generic_out_of_bounds_check 00000001800232b0 f   sfc_mex:sfc_mex.obj
 0001:00022480       ml_get_element_value_from_array 0000000180023480 f   sfc_mex:sfc_mex.obj
 0001:00022820       _ml_generic_castability_check 0000000180023820 f   sfc_mex:sfc_mex.obj
 0001:00023580       ml_generic_castability_check 0000000180024580 f   sfc_mex:sfc_mex.obj
 0001:00023620       ml_check_mx_array_for_single_castability 0000000180024620 f   sfc_mex:sfc_mex.obj
 0001:000236c0       ml_check_mx_array_for_logical_castability 00000001800246c0 f   sfc_mex:sfc_mex.obj
 0001:00023760       ml_check_mx_array_for_int8_castability 0000000180024760 f   sfc_mex:sfc_mex.obj
 0001:00023810       ml_check_mx_array_for_uint8_castability 0000000180024810 f   sfc_mex:sfc_mex.obj
 0001:00023870       ml_check_mx_array_for_int16_castability 0000000180024870 f   sfc_mex:sfc_mex.obj
 0001:000238d0       ml_check_mx_array_for_uint16_castability 00000001800248d0 f   sfc_mex:sfc_mex.obj
 0001:00023930       ml_check_mx_array_for_int32_castability 0000000180024930 f   sfc_mex:sfc_mex.obj
 0001:00023990       ml_check_mx_array_for_uint32_castability 0000000180024990 f   sfc_mex:sfc_mex.obj
 0001:000239f0       ml_check_mx_array_for_castability 00000001800249f0 f   sfc_mex:sfc_mex.obj
 0001:00024320       set_data_value             0000000180025320 f   sfc_mex:sfc_mex.obj
 0001:00024690       get_data_value             0000000180025690 f   sfc_mex:sfc_mex.obj
 0001:000247a0       get_next_element_address   00000001800257a0 f   sfc_mex:sfc_mex.obj
 0001:00024870       sf_normalize_index         0000000180025870 f   sfc_mex:sfc_mex.obj
 0001:00024c00       ml_array_index_bound_check 0000000180025c00 f   sfc_mex:sfc_mex.obj
 0001:00025720       mx_value                   0000000180026720 f   sfc_mex:sfc_mex.obj
 0001:00025770       sf_create_numeric_array    0000000180026770 f   sfc_mex:sfc_mex.obj
 0001:00025810       sf_mex_assign_to_mx_array  0000000180026810 f   sfc_mex:sfc_mex.obj
 0001:00025b60       assign_from_mx_array       0000000180026b60 f   sfc_mex:sfc_mex.obj
 0001:00026390       sf_mex_import_v            0000000180027390 f   sfc_mex:sfc_mex.obj
 0001:00026a90       get_machine_and_chart_file_number 0000000180027a90 f   sfc_mex:sfc_sf.obj
 0001:00026b80       get_sfun_block_specialization 0000000180027b80 f   sfc_mex:sfc_sf.obj
 0001:00026c00       call_sf_machine_global_method_dispatcher 0000000180027c00 f   sfc_mex:sfc_sf.obj
 0001:00026e30       mdl_zeroCrossings_processing 0000000180027e30 f   sfc_mex:sfc_sf.obj
 0001:00026f00       mdl_derivatives_processing 0000000180027f00 f   sfc_mex:sfc_sf.obj
 0001:000271c0       mdl_outputs_continuous_legacy 00000001800281c0 f   sfc_mex:sfc_sf.obj
 0001:00027240       mdl_outputs_processing     0000000180028240 f   sfc_mex:sfc_sf.obj
 0001:00027470       mdl_enable_processing      0000000180028470 f   sfc_mex:sfc_sf.obj
 0001:00027540       mdl_disable_processing     0000000180028540 f   sfc_mex:sfc_sf.obj
 0001:00028280       sf_call_output_fcn_enable_disable 0000000180029280 f   sfc_mex:sfc_sf.obj
 0001:00028500       set_dwork_information_from_mx_array 0000000180029500 f   sfc_mex:sfc_sf.obj
 0001:00028dc0       ptr2mxStruct               0000000180029dc0 f   sfc_mex:sfc_sf.obj
 0001:000290b0       SNPRINTF_WRAPPER           000000018002a0b0 f   sfc_debug:sfcdebug.obj
 0001:000290d0       sf_debug_chart_instance_initialized_quick 000000018002a0d0 f   sfc_debug:sfcdebug.obj
 0001:000290e0       sf_debug_chart_instance_initialized 000000018002a0e0 f   sfc_debug:sfcdebug.obj
 0001:00029280       sfrtAddSize                000000018002a280 f   sfc_debug:sfcdebug.obj
 0001:00029340       sfrtGenSizeString          000000018002a340 f   sfc_debug:sfcdebug.obj
 0001:00029a50       sf_debug_sim_status_listener 000000018002aa50 f   sfc_debug:sfcdebug.obj
 0001:00029fc0       sf_debug_form_mask_bits    000000018002afc0 f   sfc_debug:sfcdebug.obj
 0001:0002a000       sf_debug_form_sf_data_type_offsets 000000018002b000 f   sfc_debug:sfcdebug.obj
 0001:0002a0c0       sf_debug_free_all          000000018002b0c0 f   sfc_debug:sfcdebug.obj
 0001:0002a240       sf_debug_append_debugger_context 000000018002b240 f   sfc_debug:sfcdebug.obj
 0001:0002a500       local_strdup               000000018002b500 f   sfc_debug:sfcdebug.obj
 0001:0002b3e0       sf_debug_em_terminate      000000018002c3e0 f   sfc_debug:sfcdebug.obj
 0001:0002b420       sf_debug_push_eml_function 000000018002c420 f   sfc_debug:sfcdebug.obj
 0001:0002b4c0       sf_debug_pop_eml_function  000000018002c4c0 f   sfc_debug:sfcdebug.obj
 0001:0002c1c0       sf_debug_get_machine_number_from_id_or_name 000000018002d1c0 f   sfc_debug:sfcdebug.obj
 0001:0002c310       sf_debug_get_chart_number_from_id 000000018002d310 f   sfc_debug:sfcdebug.obj
 0001:0002cf80       sf_debug_transfer_control_to_debugger_GUI 000000018002df80 f   sfc_debug:sfcdebug.obj
 0001:0002df10       sf_debug_scripts_rehash    000000018002ef10 f   sfc_debug:sfcdebug.obj
 0001:0002e150       sf_debug_get_script_line_count 000000018002f150 f   sfc_debug:sfcdebug.obj
 0001:0002e860       cv_eml_state_cvId          000000018002f860 f   sfc_debug:sfcdebug.obj
 0001:0002e8d0       cv_eml_trans_cvId          000000018002f8d0 f   sfc_debug:sfcdebug.obj
 0001:0002fb90       sf_debug_data_array_bounds_error 0000000180030b90 f   sfc_debug:sfcdebug.obj
 0001:0002ffc0       eml_debug_runtime_error_doclink 0000000180030fc0 f   sfc_debug:sfcdebug.obj
 0001:00030140       sf_debug_runtime_error     0000000180031140 f   sfc_debug:sfcdebug.obj
 0001:000301b0       sf_debug_matlab_error      00000001800311b0 f   sfc_debug:sfcdebug.obj
 0001:00030ae0       sf_debug_data_value_error  0000000180031ae0 f   sfc_debug:sfcdebug.obj
 0001:000313e0       sf_debug_data_loss_error   00000001800323e0 f   sfc_debug:sfcdebug.obj
 0001:00032300       call_cv_range_check        0000000180033300 f   sfc_debug:sfcdebug.obj
 0001:00032ad0       sf_debug_invoke_cycle_detection_code 0000000180033ad0 f   sfc_debug:sfcdebug.obj
 0001:00033940       sf_reset_debug_info_struct 0000000180034940 f   sfc_debug:sfcdebug.obj
 0001:00034230       cv_script_cvId             0000000180035230 f   sfc_debug:sfcdebug.obj
 0001:00035020       sfc_api_chart_visible      0000000180036020 f   sfc_debug:sfc_api.obj
 0001:000350a0       sfc_api_active_instance    00000001800360a0 f   sfc_debug:sfc_api.obj
 0001:00035120       sfc_api_machine_load       0000000180036120 f   sfc_debug:sfc_api.obj
 0001:000351f0       sfc_api_debugger_alive     00000001800361f0 f   sfc_debug:sfc_api.obj
 0001:00035200       sfc_api_go                 0000000180036200 f   sfc_debug:sfc_api.obj
 0001:00035210       sfc_api_step_over          0000000180036210 f   sfc_debug:sfc_api.obj
 0001:00035220       sfc_api_step_out           0000000180036220 f   sfc_debug:sfc_api.obj
 0001:00035230       sfc_api_resume             0000000180036230 f   sfc_debug:sfc_api.obj
 0001:00035240       sfc_api_break              0000000180036240 f   sfc_debug:sfc_api.obj
 0001:00035250       sfc_api_stop_debugging     0000000180036250 f   sfc_debug:sfc_api.obj
 0001:000352a0       sfc_api_is_cycle_detected  00000001800362a0 f   sfc_debug:sfc_api.obj
 0001:000352f0       sfc_api_is_array_bounds_detected 00000001800362f0 f   sfc_debug:sfc_api.obj
 0001:00035340       sfc_api_set_disable_all_breakpoints 0000000180036340 f   sfc_debug:sfc_api.obj
 0001:000353b0       sfc_api_disable_all_breakpoints_and_go 00000001800363b0 f   sfc_debug:sfc_api.obj
 0001:000353c0       sfc_api_close              00000001800363c0 f   sfc_debug:sfc_api.obj
 0001:000353d0       sfc_api_browse_data        00000001800363d0 f   sfc_debug:sfc_api.obj
 0001:00035440       sfc_api_watch_data         0000000180036440 f   sfc_debug:sfc_api.obj
 0001:000354e0       sfc_api_assign_data        00000001800364e0 f   sfc_debug:sfc_api.obj
 0001:00035580       sfc_api_whos               0000000180036580 f   sfc_debug:sfc_api.obj
 0001:00035610       sfc_api_get_consistency_info 0000000180036610 f   sfc_debug:sfc_api.obj
 0001:00035620       sfc_api_browse_trace       0000000180036620 f   sfc_debug:sfc_api.obj
 0001:00035630       sfc_api_break_on_chart_entry 0000000180036630 f   sfc_debug:sfc_api.obj
 0001:00035650       sfc_api_break_on_event_broadcast 0000000180036650 f   sfc_debug:sfc_api.obj
 0001:00035670       sfc_api_break_on_state_entry 0000000180036670 f   sfc_debug:sfc_api.obj
 0001:00035690       sfc_api_set_watch          0000000180036690 f   sfc_debug:sfc_api.obj
 0001:00035730       sfc_api_set_breakpoints    0000000180036730 f   sfc_debug:sfc_api.obj
 0001:000357d0       sfc_api_set_eml_breakpoints 00000001800367d0 f   sfc_debug:sfc_api.obj
 0001:00035850       sfc_api_set_script_breakpoints 0000000180036850 f   sfc_debug:sfc_api.obj
 0001:000358a0       sfc_api_add_script_breakpoints 00000001800368a0 f   sfc_debug:sfc_api.obj
 0001:000358f0       sfc_api_clear_script_breakpoints 00000001800368f0 f   sfc_debug:sfc_api.obj
 0001:00035940       sfc_api_query_script_breakpoints 0000000180036940 f   sfc_debug:sfc_api.obj
 0001:000359a0       sfc_api_get_script_id      00000001800369a0 f   sfc_debug:sfc_api.obj
 0001:00035a60       sfc_api_get_active_states  0000000180036a60 f   sfc_debug:sfc_api.obj
 0001:00035ae0       sfc_api_break_between_times 0000000180036ae0 f   sfc_debug:sfc_api.obj
 0001:00035b40       sfc_api_get_instance_handle 0000000180036b40 f   sfc_debug:sfc_api.obj
 0001:00035bf0       sfc_api_set_animation      0000000180036bf0 f   sfc_debug:sfc_api.obj
 0001:00035c40       sfc_api_select_chart       0000000180036c40 f   sfc_debug:sfc_api.obj
 0001:00035ca0       sfc_api_select_charts      0000000180036ca0 f   sfc_debug:sfc_api.obj
 0001:00035cd0       sfc_api_cycle_detection_check 0000000180036cd0 f   sfc_debug:sfc_api.obj
 0001:00035d20       sfc_api_data_range_check   0000000180036d20 f   sfc_debug:sfc_api.obj
 0001:00035d70       sfc_api_transition_conflict_check 0000000180036d70 f   sfc_debug:sfc_api.obj
 0001:00035dc0       sfc_api_state_consistency_check 0000000180036dc0 f   sfc_debug:sfc_api.obj
 0001:00035e10       sfc_api_set_instance_cv_ids 0000000180036e10 f   sfc_debug:sfc_api.obj
 0001:00035f20       sfc_api_set_script_cv_ids  0000000180036f20 f   sfc_debug:sfc_api.obj
 0001:00035fc0       sfc_api_get_current_machine_id 0000000180036fc0 f   sfc_debug:sfc_api.obj
 0001:00035ff0       sfc_api_get_current_machine_number 0000000180036ff0 f   sfc_debug:sfc_api.obj
 0001:00036020       sfc_api_get_current_chart_number 0000000180037020 f   sfc_debug:sfc_api.obj
 0001:00036050       sfc_api_get_current_instance_number 0000000180037050 f   sfc_debug:sfc_api.obj
 0001:00036080       sfc_api_get_current_instance_handle 0000000180037080 f   sfc_debug:sfc_api.obj
 0001:000360a0       sfc_api_get_current_is_minor_time_step 00000001800370a0 f   sfc_debug:sfc_api.obj
 0001:000360d0       sfc_api_get_current_machine_name 00000001800370d0 f   sfc_debug:sfc_api.obj
 0001:000360f0       sfc_api_get_current_chart_id 00000001800370f0 f   sfc_debug:sfc_api.obj
 0001:00036120       sfc_api_get_current_object_type 0000000180037120 f   sfc_debug:sfc_api.obj
 0001:00036150       sfc_api_get_current_event_type 0000000180037150 f   sfc_debug:sfc_api.obj
 0001:00036180       sfc_api_get_current_object_id 0000000180037180 f   sfc_debug:sfc_api.obj
 0001:000361b0       sfc_get_current_active_event_type 00000001800371b0 f   sfc_debug:sfc_api.obj
 0001:000361e0       sfc_api_get_current_active_event_id 00000001800371e0 f   sfc_debug:sfc_api.obj
 0001:00036210       sfc_api_get_current_simulation_time 0000000180037210 f   sfc_debug:sfc_api.obj
 0001:00036230       sfc_get_current_tag_type   0000000180037230 f   sfc_debug:sfc_api.obj
 0001:00036260       sfc_get_current_coverage_percentage 0000000180037260 f   sfc_debug:sfc_api.obj
 0001:00036280       sfc_get_current_statement_context 0000000180037280 f   sfc_debug:sfc_api.obj
 0001:000362a0       sfc_get_current_optional_integer 00000001800372a0 f   sfc_debug:sfc_api.obj
 0001:000362d0       sfc_get_current_statement_info 00000001800372d0 f   sfc_debug:sfc_api.obj
 0001:00036370       sfc_api_get                0000000180037370 f   sfc_debug:sfc_api.obj
 0001:000364d0       sf_debug_sm_is_using_unified_editors 00000001800374d0 f   sfc_debug:sfdb_animation.obj
 0001:00036570       sf_debug_sm_is_chart_visible_in_unified_editors 0000000180037570 f   sfc_debug:sfdb_animation.obj
 0001:00036630       sf_debug_sm_check_if_chart_is_visible 0000000180037630 f   sfc_debug:sfdb_animation.obj
 0001:00037130       sf_debug_sm_fill_state_activity_data 0000000180038130 f   sfc_debug:sfdb_animation.obj
 0001:00039720       sf_debug_hm_get_simulink_handle 000000018003a720 f   sfc_debug:sfdb_handle_management.obj
 0001:0003a270       sf_debug_hm_initialize_globals 000000018003b270 f   sfc_debug:sfdb_handle_management.obj
 0001:0003a370       sf_debug_hm_get_machine_debug_flag 000000018003b370 f   sfc_debug:sfdb_handle_management.obj
 0001:0003a4e0       sf_debug_hm_get_machine_id 000000018003b4e0 f   sfc_debug:sfdb_handle_management.obj
 0001:0003a600       sf_debug_hm_get_chart_id   000000018003b600 f   sfc_debug:sfdb_handle_management.obj
 0001:0003a7a0       sf_debug_hm_register_executing_SFunction 000000018003b7a0 f   sfc_debug:sfdb_handle_management.obj
 0001:0003a940       sf_debug_hm_get_chart_active_instance 000000018003b940 f   sfc_debug:sfdb_handle_management.obj
 0001:0003aab0       sf_debug_hm_get_chart_visibility 000000018003bab0 f   sfc_debug:sfdb_handle_management.obj
 0001:0003ac00       sf_debug_hm_form_object_boolean_properties 000000018003bc00 f   sfc_debug:sfdb_handle_management.obj
 0001:0003aed0       sf_debug_hm_form_object_properties 000000018003bed0 f   sfc_debug:sfdb_handle_management.obj
 0001:0003b110       sf_debug_hm_terminate_charts 000000018003c110 f   sfc_debug:sfdb_handle_management.obj
 0001:0003b880       sf_debug_hm_terminate_machines 000000018003c880 f   sfc_debug:sfdb_handle_management.obj
 0001:0003d1a0       void_ptr_stack_vector_free_total 000000018003e1a0 f   sfc_debug:sfdb_data_browse.obj
 0001:0003d230       sf_debug_st_terminate_machine 000000018003e230 f   sfc_debug:sfdb_data_browse.obj
 0001:0003d270       sf_debug_st_terminate_instance 000000018003e270 f   sfc_debug:sfdb_data_browse.obj
 0001:0003d620       push_on_to_void_ptr_stack  000000018003e620 f   sfc_debug:sfdb_data_browse.obj
 0001:0003d7b0       pop_from_void_ptr_stack    000000018003e7b0 f   sfc_debug:sfdb_data_browse.obj
 0001:0003d8e0       sf_debug_st_get_data_value 000000018003e8e0 f   sfc_debug:sfdb_data_browse.obj
 0001:0003de70       mx_value                   000000018003ee70 f   sfc_debug:sfdb_data_browse.obj
 0001:0003deb0       sf_debug_st_fill_data_struct 000000018003eeb0 f   sfc_debug:sfdb_data_browse.obj
 0001:0003e1f0       data_type_format_strings   000000018003f1f0 f   sfc_debug:sfdb_data_browse.obj
 0001:0003e2a0       sf_debug_st_fill_data      000000018003f2a0 f   sfc_debug:sfdb_data_browse.obj
 0001:0003f4e0       sf_debug_ss_copy_dimension 00000001800404e0 f   sfc_debug:sfdb_symbol_scope.obj
 0001:0003f5a0       sf_debug_ss_get_number_elements 00000001800405a0 f   sfc_debug:sfdb_symbol_scope.obj
 0001:0003f5c0       sf_debug_ss_fill_data_struct 00000001800405c0 f   sfc_debug:sfdb_symbol_scope.obj
 0001:0003f910       sf_debug_ss_reset_data_info 0000000180040910 f   sfc_debug:sfdb_symbol_scope.obj
 0001:0003f970       sf_debug_fill_data_info_by_symbol_scope_entry 0000000180040970 f   sfc_debug:sfdb_symbol_scope.obj
 0001:0003fa30       sf_debug_fill_data_info_by_data_vector 0000000180040a30 f   sfc_debug:sfdb_symbol_scope.obj
 0001:0003fc80       sf_debug_ss_get_data_info  0000000180040c80 f   sfc_debug:sfdb_symbol_scope.obj
 0001:0003ff70       sf_debug_select_mex_function 0000000180040f70 f   sfc_debug:sfdb_symbol_scope.obj
 0001:0003ffa0       sf_debug_is_dyn_matrix_initialized 0000000180040fa0 f   sfc_debug:sfdb_symbol_scope.obj
 0001:0003ffc0       sf_debug_ss_set_data_value_try 0000000180040fc0 f   sfc_debug:sfdb_symbol_scope.obj
 0001:00040190       sf_debug_ss_get_data_value 0000000180041190 f   sfc_debug:sfdb_symbol_scope.obj
 0001:000406e0       sf_debug_ss_data_bytes_string 00000001800416e0 f   sfc_debug:sfdb_symbol_scope.obj
 0001:00040790       sf_debug_ss_data_class_string 0000000180041790 f   sfc_debug:sfdb_symbol_scope.obj
 0001:00040b20       sf_debug_ss_data_size_string 0000000180041b20 f   sfc_debug:sfdb_symbol_scope.obj
 0001:00040c00       sf_debug_ss_data_create_data_info_struct 0000000180041c00 f   sfc_debug:sfdb_symbol_scope.obj
 0001:00040ed0       sf_debug_ss_data_create_name_value_pair 0000000180041ed0 f   sfc_debug:sfdb_symbol_scope.obj
 0001:00040f70       sf_debug_ss_data_get_whos_info 0000000180041f70 f   sfc_debug:sfdb_symbol_scope.obj
 0001:00040f80       same_named_data_in_data_array 0000000180041f80 f   sfc_debug:sfdb_symbol_scope.obj
 0001:000427f0       sf_debug_cc_terminate_chart 00000001800437f0 f   sfc_debug:sfdb_coverage.obj
 0001:00042b90       sf_debug_cc_terminate_instance 0000000180043b90 f   sfc_debug:sfdb_coverage.obj
 0001:00043780       sf_debug_cc_mark_object_if_needed 0000000180044780 f   sfc_debug:sfdb_coverage.obj
 0001:00044080       sf_debug_bm_initialize_eml 0000000180045080 f   sfc_debug:sfdb_breakpoints.obj
 0001:000451f0       sf_debug_bm_map_debug_tag_to_breakpoint_tag 00000001800461f0 f   sfc_debug:sfdb_breakpoints.obj
 0001:000452d0       sf_debug_bm_is_a_eml_breakpoint_impl 00000001800462d0 f   sfc_debug:sfdb_breakpoints.obj
 0001:00046d50       sf_debug_sc_push_on_error_stack 0000000180047d50 f   sfc_debug:sfdb_state_consistency.obj
 0001:00046e80       sf_debug_sc_reset_error_stack 0000000180047e80 f   sfc_debug:sfdb_state_consistency.obj
 0001:00047010       sf_debug_sc_is_state_inconsistent 0000000180048010 f   sfc_debug:sfdb_state_consistency.obj
 0001:00047310       sf_debug_sc_fill_consistency_info 0000000180048310 f   sfc_debug:sfdb_state_consistency.obj
 0001:000478f0       void_assertion_fcn         00000001800488f0 f   sfc_debug:sfdb_call_stack.obj
 0001:00047e70       sf_debug_tm_fill_local_trace 0000000180048e70 f   sfc_debug:sfdb_call_stack.obj
 0001:00048440       sf_debug_cd_terminate_instance 0000000180049440 f   sfc_debug:sfdb_cycle_detection.obj
 0001:000484a0       sf_debug_cd_free_checksum_stack 00000001800494a0 f   sfc_debug:sfdb_cycle_detection.obj
 0001:000484f0       sf_debug_cd_reset_pack_strings 00000001800494f0 f   sfc_debug:sfdb_cycle_detection.obj
 0001:00048bb0       md5file_clear              0000000180049bb0 f   sfc_debug:ckmd5.obj
 0001:00048be0       Encode                     0000000180049be0 f   sfc_debug:ckmd5.obj
 0001:00048c30       Decode                     0000000180049c30 f   sfc_debug:ckmd5.obj
 0001:00048cd0       MD5Transform               0000000180049cd0 f   sfc_debug:ckmd5.obj
 0001:00049520       md5file_addn               000000018004a520 f   sfc_debug:ckmd5.obj
 0001:000495f0       md5file_hash               000000018004a5f0 f   sfc_debug:ckmd5.obj
 0001:00049b54       pre_c_init                 000000018004ab54 f   MSVCRT:crtdll.obj
 0001:00049e10       __DllMainCRTStartup        000000018004ae10 f   MSVCRT:crtdll.obj
 0001:0004a4b0       __DllMainCRTStartup$filt$0 000000018004b4b0 f   MSVCRT:crtdll.obj
 0001:0004a4e0       __DllMainCRTStartup$fin$1  000000018004b4e0 f   MSVCRT:crtdll.obj
 0001:0004a4fa       _onexit$fin$0              000000018004b4fa f   MSVCRT:atonexit.obj
 0001:0004a520       _IsNonwritableInCurrentImage$filt$0 000000018004b520 f   MSVCRT:pesect.obj
