 sim1_rlti_varx_fast_gust2_sfun

 Timestamp is 4f798f70 (Mon Apr 02 13:37:20 2012)

 Preferred load address is 0000000180000000

 Start         Length     Name                   Class
 0001:00000000 0004da34H .text                   CODE
 0001:0004da40 00000092H .text$x                 CODE
 0002:00000000 000004d8H .idata$5                DATA
 0002:000004d8 00000008H .CRT$XCA                DATA
 0002:000004e0 00000008H .CRT$XCZ                DATA
 0002:000004e8 00000008H .CRT$XIA                DATA
 0002:000004f0 00000008H .CRT$XIAA               DATA
 0002:000004f8 00000008H .CRT$XIZ                DATA
 0002:00000500 00004b1cH .rdata                  DATA
 0002:00005020 00000008H .rtc$IAA                DATA
 0002:00005028 00000008H .rtc$IZZ                DATA
 0002:00005030 00000008H .rtc$TAA                DATA
 0002:00005038 00000008H .rtc$TZZ                DATA
 0002:00005040 000041c4H .xdata                  DATA
 0002:00009204 000000b4H .idata$2                DATA
 0002:000092b8 00000014H .idata$3                DATA
 0002:000092d0 000004d8H .idata$4                DATA
 0002:000097a8 00000b3eH .idata$6                DATA
 0002:0000a2f0 00000064H .edata                  DATA
 0003:00000000 0000631cH .data                   DATA
 0003:00006320 0001fb98H .bss                    DATA
 0004:00000000 00003300H .pdata                  DATA

  Address         Publics by Value              Rva+Base               Lib:Object

 0000:00000000       ___safe_se_handler_count   0000000000000000     <absolute>
 0000:00000000       ___safe_se_handler_table   0000000000000000     <absolute>
 0000:00000000       __ImageBase                0000000180000000     <linker-defined>
 0001:00000000       sf_c1_sim1_rlti_varx_fast_gust2_get_eml_resolved_functions_info 0000000180001000 f   c1_sim1_rlti_varx_fast_gust2.obj
 0001:00003a50       sf_c1_sim1_rlti_varx_fast_gust2_get_check_sum 0000000180004a50 f   c1_sim1_rlti_varx_fast_gust2.obj
 0001:00003ad0       sf_c1_sim1_rlti_varx_fast_gust2_get_autoinheritance_info 0000000180004ad0 f   c1_sim1_rlti_varx_fast_gust2.obj
 0001:00004d70       sf_internal_get_sim_state_c1_sim1_rlti_varx_fast_gust2 0000000180005d70 f   c1_sim1_rlti_varx_fast_gust2.obj
 0001:00006cd0       sf_internal_set_sim_state_c1_sim1_rlti_varx_fast_gust2 0000000180007cd0 f   c1_sim1_rlti_varx_fast_gust2.obj
 0001:00009e00       c1_sim1_rlti_varx_fast_gust2_method_dispatcher 000000018000ae00 f   c1_sim1_rlti_varx_fast_gust2.obj
 0001:0001bff0       sf_process_check_sum_call  000000018001cff0 f   sim1_rlti_varx_fast_gust2_sfun_registry.obj
 0001:0001c040       sf_process_autoinheritance_call 000000018001d040 f   sim1_rlti_varx_fast_gust2_sfun_registry.obj
 0001:0001c1e0       sf_process_get_eml_resolved_functions_info_call 000000018001d1e0 f   sim1_rlti_varx_fast_gust2_sfun_registry.obj
 0001:0001c360       sf_mex_unlock_call         000000018001d360 f   sim1_rlti_varx_fast_gust2_sfun_registry.obj
 0001:0001c410       sf_machine_global_initializer_called 000000018001d410 f   sim1_rlti_varx_fast_gust2_sfun_registry.obj
 0001:0001c440       sf_machine_global_method_dispatcher 000000018001d440 f   sim1_rlti_varx_fast_gust2_sfun_registry.obj
 0001:0001c4a0       sf_machine_global_terminator 000000018001d4a0 f   sim1_rlti_varx_fast_gust2_sfun_registry.obj
 0001:0001c4e0       sf_register_machine_exported_symbols 000000018001d4e0 f   sim1_rlti_varx_fast_gust2_sfun_registry.obj
 0001:0001c500       callCustomFcn              000000018001d500 f   sim1_rlti_varx_fast_gust2_sfun_registry.obj
 0001:0001c510       sf_machine_global_initializer 000000018001d510 f   sim1_rlti_varx_fast_gust2_sfun_registry.obj
 0001:0001c580       _ssSetStateAbsTol          000000018001d580 f   sim1_rlti_varx_fast_gust2_sfun_registry.obj
 0001:0001c660       _ssGetAbsTol               000000018001d660 f   sim1_rlti_varx_fast_gust2_sfun_registry.obj
 0001:0001c6d0       _ssSetInputPortMatrixDimensions 000000018001d6d0 f   sim1_rlti_varx_fast_gust2_sfun_registry.obj
 0001:0001c7e0       _ssSetOutputPortMatrixDimensions 000000018001d7e0 f   sim1_rlti_varx_fast_gust2_sfun_registry.obj
 0001:0001c8f0       _ssSetInputPortVectorDimension 000000018001d8f0 f   sim1_rlti_varx_fast_gust2_sfun_registry.obj
 0001:0001c9c0       _ssSetOutputPortVectorDimension 000000018001d9c0 f   sim1_rlti_varx_fast_gust2_sfun_registry.obj
 0001:0001ca90       ssIsRunTimeParamTunable    000000018001da90 f   sim1_rlti_varx_fast_gust2_sfun_registry.obj
 0001:0001cb00       ssGetSFuncBlockHandle      000000018001db00 f   sim1_rlti_varx_fast_gust2_sfun_registry.obj
 0001:0001cb70       _ssGetCurrentInputPortWidth 000000018001db70 f   sim1_rlti_varx_fast_gust2_sfun_registry.obj
 0001:0001cc90       _ssGetCurrentOutputPortWidth 000000018001dc90 f   sim1_rlti_varx_fast_gust2_sfun_registry.obj
 0001:0001cdb0       _ssGetCallSystemNumFcnCallDestinations 000000018001ddb0 f   sim1_rlti_varx_fast_gust2_sfun_registry.obj
 0001:0001ce20       ssWarning                  000000018001de20 f   sim1_rlti_varx_fast_gust2_sfun_registry.obj
 0001:0001cf30       ssGetIsZeroCrossControlDisabled 000000018001df30 f   sim1_rlti_varx_fast_gust2_sfun_registry.obj
 0001:0001cfa0       ssSetIsInputPortUsedForContZcSignal 000000018001dfa0 f   sim1_rlti_varx_fast_gust2_sfun_registry.obj
 0001:0001d010       ssSetZcSignalIsZcElementDisc 000000018001e010 f   sim1_rlti_varx_fast_gust2_sfun_registry.obj
 0001:0001d0c0       ssSetZcSignalName          000000018001e0c0 f   sim1_rlti_varx_fast_gust2_sfun_registry.obj
 0001:0001d130       ssSetZcSignalWidth         000000018001e130 f   sim1_rlti_varx_fast_gust2_sfun_registry.obj
 0001:0001d1a0       ssSetZcSignalZcEventType   000000018001e1a0 f   sim1_rlti_varx_fast_gust2_sfun_registry.obj
 0001:0001d210       ssSetZcSignalType          000000018001e210 f   sim1_rlti_varx_fast_gust2_sfun_registry.obj
 0001:0001d280       ssSetZcSignalZcTol         000000018001e280 f   sim1_rlti_varx_fast_gust2_sfun_registry.obj
 0001:0001d2f0       ssSetZcSignalNeedsEventNotification 000000018001e2f0 f   sim1_rlti_varx_fast_gust2_sfun_registry.obj
 0001:0001d360       ssCreateAndAddZcSignalInfo 000000018001e360 f   sim1_rlti_varx_fast_gust2_sfun_registry.obj
 0001:0001d3d0       ssCloneAndAddZcSignalInfo  000000018001e3d0 f   sim1_rlti_varx_fast_gust2_sfun_registry.obj
 0001:0001d440       ssGetNumZcSignals          000000018001e440 f   sim1_rlti_varx_fast_gust2_sfun_registry.obj
 0001:0001d4b0       ssGetZcSignalVector        000000018001e4b0 f   sim1_rlti_varx_fast_gust2_sfun_registry.obj
 0001:0001d520       ssGetZcSignalZcEvents      000000018001e520 f   sim1_rlti_varx_fast_gust2_sfun_registry.obj
 0001:0001d590       ssGetZcSignalName          000000018001e590 f   sim1_rlti_varx_fast_gust2_sfun_registry.obj
 0001:0001d600       ssGetZcSignalWidth         000000018001e600 f   sim1_rlti_varx_fast_gust2_sfun_registry.obj
 0001:0001d670       ssGetZcSignalZcEventType   000000018001e670 f   sim1_rlti_varx_fast_gust2_sfun_registry.obj
 0001:0001d6e0       ssGetZcSignalType          000000018001e6e0 f   sim1_rlti_varx_fast_gust2_sfun_registry.obj
 0001:0001d750       ssGetZcSignalZcTol         000000018001e750 f   sim1_rlti_varx_fast_gust2_sfun_registry.obj
 0001:0001d7d0       ssGetZcSignalNeedsEventNotification 000000018001e7d0 f   sim1_rlti_varx_fast_gust2_sfun_registry.obj
 0001:0001d840       ssGetZcSignalIsZcElementDisc 000000018001e840 f   sim1_rlti_varx_fast_gust2_sfun_registry.obj
 0001:0001d8e0       ssGetIsInputPortElementContinuous 000000018001e8e0 f   sim1_rlti_varx_fast_gust2_sfun_registry.obj
 0001:0001d980       _ssGetInputPortSignalPtrsFcn 000000018001e980 f   sim1_rlti_varx_fast_gust2_sfun_registry.obj
 0001:0001dc40       _ssGetInputPortSignalFcn   000000018001ec40 f   sim1_rlti_varx_fast_gust2_sfun_registry.obj
 0001:0001de60       _ssSetInputPortDirectFeedThroughFcn 000000018001ee60 f   sim1_rlti_varx_fast_gust2_sfun_registry.obj
 0001:0001dfc0       _ssSetInputPortReusableFcn 000000018001efc0 f   sim1_rlti_varx_fast_gust2_sfun_registry.obj
 0001:0001e0b0       _ssSetOutputPortReusableFcn 000000018001f0b0 f   sim1_rlti_varx_fast_gust2_sfun_registry.obj
 0001:0001e190       ssGetDTypeIdFromMxArray    000000018001f190 f   sim1_rlti_varx_fast_gust2_sfun_registry.obj
 0001:0001e2b0       ssWriteRTWStr              000000018001f2b0 f   sim1_rlti_varx_fast_gust2_sfun_registry.obj
 0001:0001e310       ssWriteRTWMxVectParam      000000018001f310 f   sim1_rlti_varx_fast_gust2_sfun_registry.obj
 0001:0001e370       ssWriteRTWMx2dMatParam     000000018001f370 f   sim1_rlti_varx_fast_gust2_sfun_registry.obj
 0001:0001e3f0       ssWriteRTWNameValuePair    000000018001f3f0 f   sim1_rlti_varx_fast_gust2_sfun_registry.obj
 0001:0001e8e0       ssWriteRTWParameters       000000018001f8e0 f   sim1_rlti_varx_fast_gust2_sfun_registry.obj
 0001:0001eee0       ssWriteRTWParamSettings    000000018001fee0 f   sim1_rlti_varx_fast_gust2_sfun_registry.obj
 0001:0001f5b0       ssWriteRTWWorkVect         00000001800205b0 f   sim1_rlti_varx_fast_gust2_sfun_registry.obj
 0001:0001fab0       mexFunction                0000000180020ab0 f   sim1_rlti_varx_fast_gust2_sfun_registry.obj
 0001:000216f0       ProcessMexSfunctionEveryCall 00000001800226f0 f   sim1_rlti_varx_fast_gust2_sfun_registry.obj
 0001:00021860       sim1_rlti_varx_fast_gust2_initializer 0000000180022860 f   sim1_rlti_varx_fast_gust2_sfun.obj
 0001:00021870       sim1_rlti_varx_fast_gust2_terminator 0000000180022870 f   sim1_rlti_varx_fast_gust2_sfun.obj
 0001:00021880       sf_sim1_rlti_varx_fast_gust2_method_dispatcher 0000000180022880 f   sim1_rlti_varx_fast_gust2_sfun.obj
 0001:000218d0       sf_sim1_rlti_varx_fast_gust2_process_check_sum_call 00000001800228d0 f   sim1_rlti_varx_fast_gust2_sfun.obj
 0001:00021ce0       sf_sim1_rlti_varx_fast_gust2_autoinheritance_info 0000000180022ce0 f   sim1_rlti_varx_fast_gust2_sfun.obj
 0001:00021e50       sf_sim1_rlti_varx_fast_gust2_get_eml_resolved_functions_info 0000000180022e50 f   sim1_rlti_varx_fast_gust2_sfun.obj
 0001:00021f80       sim1_rlti_varx_fast_gust2_debug_initialize 0000000180022f80 f   sim1_rlti_varx_fast_gust2_sfun.obj
 0001:00021ff0       sim1_rlti_varx_fast_gust2_register_exported_symbols 0000000180022ff0 f   sim1_rlti_varx_fast_gust2_sfun.obj
 0001:00022000       load_sim1_rlti_varx_fast_gust2_optimization_info 0000000180023000 f   sim1_rlti_varx_fast_gust2_sfun.obj
 0001:00022050       unload_sim1_rlti_varx_fast_gust2_optimization_info 0000000180023050 f   sim1_rlti_varx_fast_gust2_sfun.obj
 0001:00022120       sf_mex_mx_is_numeric       0000000180023120 f   sfc_mex:sfc_mex.obj
 0001:00022160       strcmp_ignore_ws           0000000180023160 f   sfc_mex:sfc_mex.obj
 0001:000222a0       sf_mex_duplicatearraysafe  00000001800232a0 f   sfc_mex:sfc_mex.obj
 0001:00022400       sf_set_error_debugger_context_message_fcn 0000000180023400 f   sfc_mex:sfc_mex.obj
 0001:00022410       sf_set_debugger_matlab_error_fcn 0000000180023410 f   sfc_mex:sfc_mex.obj
 0001:00022440       sf_set_error_prefix_string 0000000180023440 f   sfc_mex:sfc_mex.obj
 0001:00022470       sf_get_error_prefix_string 0000000180023470 f   sfc_mex:sfc_mex.obj
 0001:00022480       sf_mex_enter_parallel_region 0000000180023480 f   sfc_mex:sfc_mex.obj
 0001:00022490       sf_mex_exit_parallel_region 0000000180023490 f   sfc_mex:sfc_mex.obj
 0001:000224a0       sf_get_current_jmp_buf_ptr 00000001800234a0 f   sfc_mex:sfc_mex.obj
 0001:000224b0       sf_set_current_jmp_buf_ptr 00000001800234b0 f   sfc_mex:sfc_mex.obj
 0001:000224c0       sf_mex_set_halt_simulation 00000001800234c0 f   sfc_mex:sfc_mex.obj
 0001:000224d0       sf_mex_get_halt_simulation 00000001800234d0 f   sfc_mex:sfc_mex.obj
 0001:000224e0       sf_mex_clear_error_message 00000001800234e0 f   sfc_mex:sfc_mex.obj
 0001:00022500       sf_mex_get_error_message_for_read 0000000180023500 f   sfc_mex:sfc_mex.obj
 0001:00022510       sf_mex_get_error_message_buffer_length 0000000180023510 f   sfc_mex:sfc_mex.obj
 0001:000225f0       sf_mex_warning_message     00000001800235f0 f   sfc_mex:sfc_mex.obj
 0001:00022660       sf_mex_v_errbuf_createf    0000000180023660 f   sfc_mex:sfc_mex.obj
 0001:00022670       sf_mex_errbuf_createf      0000000180023670 f   sfc_mex:sfc_mex.obj
 0001:000226a0       sf_mex_v_errbuf_catf       00000001800236a0 f   sfc_mex:sfc_mex.obj
 0001:000226e0       sf_mex_errbuf_catf         00000001800236e0 f   sfc_mex:sfc_mex.obj
 0001:00022730       sf_mex_errbuf_copy         0000000180023730 f   sfc_mex:sfc_mex.obj
 0001:00022740       sf_mex_errbuf_clear        0000000180023740 f   sfc_mex:sfc_mex.obj
 0001:00022750       sf_mex_errbuf_isempty      0000000180023750 f   sfc_mex:sfc_mex.obj
 0001:00022860       sf_mex_set_error_status    0000000180023860 f   sfc_mex:sfc_mex.obj
 0001:000228b0       sf_mex_error_direct_call   00000001800238b0 f   sfc_mex:sfc_mex.obj
 0001:000228d0       sf_mex_error_message_no_long_jump 00000001800238d0 f   sfc_mex:sfc_mex.obj
 0001:000228f0       sf_mex_long_jump_on_error  00000001800238f0 f   sfc_mex:sfc_mex.obj
 0001:00022920       sf_mex_call_matlab         0000000180023920 f   sfc_mex:sfc_mex.obj
 0001:00022a40       sf_mex_check_builtin       0000000180023a40 f   sfc_mex:sfc_mex.obj
 0001:00022a80       sf_mex_check_builtin_vs    0000000180023a80 f   sfc_mex:sfc_mex.obj
 0001:00022ae0       sf_mex_check_enum          0000000180023ae0 f   sfc_mex:sfc_mex.obj
 0001:00022b10       sf_mex_create_enum         0000000180023b10 f   sfc_mex:sfc_mex.obj
 0001:00022b30       sf_mex_get_enum_element    0000000180023b30 f   sfc_mex:sfc_mex.obj
 0001:00022b40       sf_mex_createcellarray     0000000180023b40 f   sfc_mex:sfc_mex.obj
 0001:00022b50       sf_mex_setcell             0000000180023b50 f   sfc_mex:sfc_mex.obj
 0001:00022b60       sf_mex_getcell             0000000180023b60 f   sfc_mex:sfc_mex.obj
 0001:00022b70       sf_mex_dup                 0000000180023b70 f   sfc_mex:sfc_mex.obj
 0001:00022b90       sf_mex_assign              0000000180023b90 f   sfc_mex:sfc_mex.obj
 0001:00022c10       sf_mex_destroy             0000000180023c10 f   sfc_mex:sfc_mex.obj
 0001:00022c40       mx_array_has_fi_type       0000000180023c40 f   sfc_mex:sfc_mex.obj
 0001:00022c70       sf_mex_convert_from_fi     0000000180023c70 f   sfc_mex:sfc_mex.obj
 0001:00022d20       sf_mex_convert_to_double   0000000180023d20 f   sfc_mex:sfc_mex.obj
 0001:00022e40       sf_mex_import_fi_vs        0000000180023e40 f   sfc_mex:sfc_mex.obj
 0001:00023000       sf_matrix_matrix_index_ok  0000000180024000 f   sfc_mex:sfc_mex.obj
 0001:00023090       sf_vector_vector_index_ok  0000000180024090 f   sfc_mex:sfc_mex.obj
 0001:000230c0       ssGetCurrentInputPortDimensions_wrapper 00000001800240c0 f   sfc_mex:sfc_mex.obj
 0001:000230e0       ssGetCurrentOutputPortDimensions_wrapper 00000001800240e0 f   sfc_mex:sfc_mex.obj
 0001:00023100       sf_mex_emlrt_context_is_debug_mode 0000000180024100 f   sfc_mex:sfc_mex.obj
 0001:00023110       sf_mex_emlrt_context_set_debug_mode 0000000180024110 f   sfc_mex:sfc_mex.obj
 0001:00023180       sf_clear_error_manager_info 0000000180024180 f   sfc_mex:sfc_mex.obj
 0001:000231e0       sf_mex_stop_simulation_abruptly_wo_error 00000001800241e0 f   sfc_mex:sfc_mex.obj
 0001:00023220       sf_mex_error_message       0000000180024220 f   sfc_mex:sfc_mex.obj
 0001:00023280       sf_react_to_error_in_matlab_call 0000000180024280 f   sfc_mex:sfc_mex.obj
 0001:000232b0       sf_mex_addfield            00000001800242b0 f   sfc_mex:sfc_mex.obj
 0001:00023350       sf_mex_getfield            0000000180024350 f   sfc_mex:sfc_mex.obj
 0001:00023650       sf_mex_check_class         0000000180024650 f   sfc_mex:sfc_mex.obj
 0001:00023740       sf_mex_is_real             0000000180024740 f   sfc_mex:sfc_mex.obj
 0001:00023bb0       sf_mex_decode_encoded_mx_struct_array 0000000180024bb0 f   sfc_mex:sfc_mex.obj
 0001:00023e90       sf_mex_lw_bounds_check     0000000180024e90 f   sfc_mex:sfc_mex.obj
 0001:00023ec0       sf_mex_lw_size_eq_check_1d 0000000180024ec0 f   sfc_mex:sfc_mex.obj
 0001:00023ee0       sf_mex_lw_size_eq_check_nd 0000000180024ee0 f   sfc_mex:sfc_mex.obj
 0001:000240c0       sf_mex_lw_dim_size_eq_check 00000001800250c0 f   sfc_mex:sfc_mex.obj
 0001:000240f0       sf_mex_lw_dim_size_geq_check 00000001800250f0 f   sfc_mex:sfc_mex.obj
 0001:00024120       sf_mex_lw_sub_assign_size_check_nd 0000000180025120 f   sfc_mex:sfc_mex.obj
 0001:00024350       sf_mex_lw_runtime_error_msgid 0000000180025350 f   sfc_mex:sfc_mex.obj
 0001:00024440       sf_mex_lw_matrix_matrix_index_check 0000000180025440 f   sfc_mex:sfc_mex.obj
 0001:00024460       sf_mex_lw_vector_vector_index_check 0000000180025460 f   sfc_mex:sfc_mex.obj
 0001:000244a0       sf_mex_lw_for_loop_vector_check 00000001800254a0 f   sfc_mex:sfc_mex.obj
 0001:00024520       sf_mex_lw_non_negative_check 0000000180025520 f   sfc_mex:sfc_mex.obj
 0001:00024560       sf_mex_overflow_error      0000000180025560 f   sfc_mex:sfc_mex.obj
 0001:00024570       sf_mex_dividebyzero_error  0000000180025570 f   sfc_mex:sfc_mex.obj
 0001:00024580       sf_mex_unsafe_enum_error   0000000180025580 f   sfc_mex:sfc_mex.obj
 0001:00024590       sf_emlrtErrHandler         0000000180025590 f   sfc_mex:sfc_mex.obj
 0001:00024670       sf_mex_printf              0000000180025670 f   sfc_mex:sfc_mex.obj
 0001:00024840       sf_mex_check_size          0000000180025840 f   sfc_mex:sfc_mex.obj
 0001:00024b10       sf_mex_check_struct        0000000180025b10 f   sfc_mex:sfc_mex.obj
 0001:00024d70       sf_mex_check_struct_vs     0000000180025d70 f   sfc_mex:sfc_mex.obj
 0001:00024e00       sf_mex_check_fi            0000000180025e00 f   sfc_mex:sfc_mex.obj
 0001:00024f00       sf_mex_check_fi_vs         0000000180025f00 f   sfc_mex:sfc_mex.obj
 0001:00024fa0       sf_echo_expression         0000000180025fa0 f   sfc_mex:sfc_mex.obj
 0001:00025000       sf_assertion_failed        0000000180026000 f   sfc_mex:sfc_mex.obj
 0001:000252e0       sf_mex_evalin              00000001800262e0 f   sfc_mex:sfc_mex.obj
 0001:00025550       sf_mex_export              0000000180026550 f   sfc_mex:sfc_mex.obj
 0001:00025610       sf_mex_get_ml_var_no_error 0000000180026610 f   sfc_mex:sfc_mex.obj
 0001:000257b0       sf_mex_get_ml_var          00000001800267b0 f   sfc_mex:sfc_mex.obj
 0001:00025c50       ml_set_element_value_in_array 0000000180026c50 f   sfc_mex:sfc_mex.obj
 0001:00027320       sf_mex_call_impl           0000000180028320 f   sfc_mex:sfc_mex.obj
 0001:00027850       sf_mex_call_debug          0000000180028850 f   sfc_mex:sfc_mex.obj
 0001:00027880       sf_mex_call                0000000180028880 f   sfc_mex:sfc_mex.obj
 0001:00027ed0       sf_mex_createstruct        0000000180028ed0 f   sfc_mex:sfc_mex.obj
 0001:00027fc0       sf_mex_createstructarray   0000000180028fc0 f   sfc_mex:sfc_mex.obj
 0001:00028040       sf_mex_get_mx_datatype_from_sf_datatype 0000000180029040 f   sfc_mex:sfc_mex.obj
 0001:00028350       sf_mex_ml_var_sub          0000000180029350 f   sfc_mex:sfc_mex.obj
 0001:00028520       sf_mex_ml_var_subsasgn     0000000180029520 f   sfc_mex:sfc_mex.obj
 0001:00028910       sf_mex_sub                 0000000180029910 f   sfc_mex:sfc_mex.obj
 0001:00028b10       sf_mex_subsasgn            0000000180029b10 f   sfc_mex:sfc_mex.obj
 0001:00028ff0       sf_mex_create              0000000180029ff0 f   sfc_mex:sfc_mex.obj
 0001:00029a40       sf_mex_import_named        000000018002aa40 f   sfc_mex:sfc_mex.obj
 0001:00029aa0       sf_mex_import              000000018002aaa0 f   sfc_mex:sfc_mex.obj
 0001:00029af0       sf_mex_import_vs           000000018002aaf0 f   sfc_mex:sfc_mex.obj
 0001:00029c00       sf_mex_lower_fixpt_mx_array 000000018002ac00 f   sfc_mex:sfc_mex.obj
 0001:00029ef0       sf_send_message_wrapper    000000018002aef0 f   sfc_mex:sfc_sf.obj
 0001:00029f20       sf_receive_message_wrapper 000000018002af20 f   sfc_mex:sfc_sf.obj
 0001:00029f60       sf_check_out_message_wrapper 000000018002af60 f   sfc_mex:sfc_sf.obj
 0001:00029fa0       sf_check_in_message_wrapper 000000018002afa0 f   sfc_mex:sfc_sf.obj
 0001:00029fe0       sf_no_message_wrapper      000000018002afe0 f   sfc_mex:sfc_sf.obj
 0001:0002a320       sim_mode_is_rtw_gen        000000018002b320 f   sfc_mex:sfc_sf.obj
 0001:0002a350       sim_mode_is_external       000000018002b350 f   sfc_mex:sfc_sf.obj
 0001:0002a360       sim_mode_is_modelref_sim   000000018002b360 f   sfc_mex:sfc_sf.obj
 0001:0002a380       mdlInitializeSizes         000000018002b380 f   sfc_mex:sfc_sf.obj
 0001:0002a3a0       mdlInitializeSampleTimes   000000018002b3a0 f   sfc_mex:sfc_sf.obj
 0001:0002a3e0       mdlZeroCrossings           000000018002b3e0 f   sfc_mex:sfc_sf.obj
 0001:0002a4c0       mdlDerivatives             000000018002b4c0 f   sfc_mex:sfc_sf.obj
 0001:0002a570       mdl_initialize_conditions_processing 000000018002b570 f   sfc_mex:sfc_sf.obj
 0001:0002a5a0       mdlInitializeConditions    000000018002b5a0 f   sfc_mex:sfc_sf.obj
 0001:0002a660       mdlGetSimState             000000018002b660 f   sfc_mex:sfc_sf.obj
 0001:0002a670       mdlSetSimState             000000018002b670 f   sfc_mex:sfc_sf.obj
 0001:0002a680       mdl_ext_mode_exec_processing 000000018002b680 f   sfc_mex:sfc_sf.obj
 0001:0002a6a0       mdlExtModeExec             000000018002b6a0 f   sfc_mex:sfc_sf.obj
 0001:0002a830       mdlTerminate               000000018002b830 f   sfc_mex:sfc_sf.obj
 0001:0002a8a0       mdlRTW                     000000018002b8a0 f   sfc_mex:sfc_sf.obj
 0001:0002a8d0       mdlSetWorkWidths           000000018002b8d0 f   sfc_mex:sfc_sf.obj
 0001:0002a8e0       mdlProcessParameters       000000018002b8e0 f   sfc_mex:sfc_sf.obj
 0001:0002a8f0       mdl_start_processing       000000018002b8f0 f   sfc_mex:sfc_sf.obj
 0001:0002a930       mdlStart                   000000018002b930 f   sfc_mex:sfc_sf.obj
 0001:0002aa20       mdlEnable                  000000018002ba20 f   sfc_mex:sfc_sf.obj
 0001:0002aaf0       mdlDisable                 000000018002baf0 f   sfc_mex:sfc_sf.obj
 0001:0002aba0       sf_get_chart_instance_ptr  000000018002bba0 f   sfc_mex:sfc_sf.obj
 0001:0002abc0       sf_load_rtw_optimization_info 000000018002bbc0 f   sfc_mex:sfc_sf.obj
 0001:0002ac90       sf_rtw_info_uint_prop      000000018002bc90 f   sfc_mex:sfc_sf.obj
 0001:0002ade0       sf_is_chart_inlinable      000000018002bde0 f   sfc_mex:sfc_sf.obj
 0001:0002adf0       sf_mark_output_events_with_multiple_callers 000000018002bdf0 f   sfc_mex:sfc_sf.obj
 0001:0002af70       sf_mark_chart_reusable_outputs 000000018002bf70 f   sfc_mex:sfc_sf.obj
 0001:0002b1b0       sf_mark_chart_expressionable_inputs 000000018002c1b0 f   sfc_mex:sfc_sf.obj
 0001:0002b410       sf_get_subchart_simstruct  000000018002c410 f   sfc_mex:sfc_sf.obj
 0001:0002b460       sf_get_fixpt_data_type_id  000000018002c460 f   sfc_mex:sfc_sf.obj
 0001:0002b4a0       sf_get_enum_data_type_id   000000018002c4a0 f   sfc_mex:sfc_sf.obj
 0001:0002b4e0       sf_get_param_data_type_id  000000018002c4e0 f   sfc_mex:sfc_sf.obj
 0001:0002b510       sf_mex_listen_for_ctrl_c_force 000000018002c510 f   sfc_mex:sfc_sf.obj
 0001:0002b620       sf_mex_draw_now            000000018002c620 f   sfc_mex:sfc_sf.obj
 0001:0002b660       sf_mex_set_debugger_sim_status_listener_fcn 000000018002c660 f   sfc_mex:sfc_sf.obj
 0001:0002b670       sf_mex_listen_for_ctrl_c   000000018002c670 f   sfc_mex:sfc_sf.obj
 0001:0002b700       sf_mex_get_sfun_param      000000018002c700 f   sfc_mex:sfc_sf.obj
 0001:0002b750       sf_get_runtime_param_data  000000018002c750 f   sfc_mex:sfc_sf.obj
 0001:0002b790       sf_call_output_fcn_call    000000018002c790 f   sfc_mex:sfc_sf.obj
 0001:0002b8d0       sf_call_output_fcn_enable  000000018002c8d0 f   sfc_mex:sfc_sf.obj
 0001:0002b960       sf_call_output_fcn_disable 000000018002c960 f   sfc_mex:sfc_sf.obj
 0001:0002b9f0       sf_clear_rtw_identifier    000000018002c9f0 f   sfc_mex:sfc_sf.obj
 0001:0002c1e0       sf_set_encoded_dwork_info  000000018002d1e0 f   sfc_mex:sfc_sf.obj
 0001:0002c230       sf_get_dwork_info_from_mat_file 000000018002d230 f   sfc_mex:sfc_sf.obj
 0001:0002c3f0       sf_set_rtw_dwork_info      000000018002d3f0 f   sfc_mex:sfc_sf.obj
 0001:0002c540       mdlOutputs                 000000018002d540 f   sfc_mex:sfc_sf.obj
 0001:0002c6e0       sf_debug_disp              000000018002d6e0 f   sfc_debug:sfcdebug.obj
 0001:0002c940       sf_debug_data_runtime_size_mismatch_error_check 000000018002d940 f   sfc_debug:sfcdebug.obj
 0001:0002c9e0       sf_debug_try_loading_machine 000000018002d9e0 f   sfc_debug:sfcdebug.obj
 0001:0002cae0       sf_debug_reset_current_state_configuration 000000018002dae0 f   sfc_debug:sfcdebug.obj
 0001:0002cb70       sf_debug_store_current_state_configuration 000000018002db70 f   sfc_debug:sfcdebug.obj
 0001:0002cc00       sf_debug_restore_previous_state_configuration 000000018002dc00 f   sfc_debug:sfcdebug.obj
 0001:0002cc90       sf_debug_restore_previous_state_configuration2 000000018002dc90 f   sfc_debug:sfcdebug.obj
 0001:0002cd20       sf_debug_get_event_scope   000000018002dd20 f   sfc_debug:sfcdebug.obj
 0001:0002ce90       use_debugger_step_animation 000000018002de90 f   sfc_debug:sfcdebug.obj
 0001:0002ceb0       sf_debug_get_script_id     000000018002deb0 f   sfc_debug:sfcdebug.obj
 0001:0002cf40       sf_debug_set_script_translation 000000018002df40 f   sfc_debug:sfcdebug.obj
 0001:0002d000       sf_debug_get_current_machine_id 000000018002e000 f   sfc_debug:sfcdebug.obj
 0001:0002d020       sf_debug_get_current_optional_integer 000000018002e020 f   sfc_debug:sfcdebug.obj
 0001:0002d030       sf_debug_get_current_machine_number 000000018002e030 f   sfc_debug:sfcdebug.obj
 0001:0002d050       sf_debug_get_current_machine_name 000000018002e050 f   sfc_debug:sfcdebug.obj
 0001:0002d070       sf_debug_get_current_chart_id 000000018002e070 f   sfc_debug:sfcdebug.obj
 0001:0002d0c0       sf_debug_get_current_chart_number 000000018002e0c0 f   sfc_debug:sfcdebug.obj
 0001:0002d0d0       sf_debug_get_current_instance_number 000000018002e0d0 f   sfc_debug:sfcdebug.obj
 0001:0002d0e0       sf_debug_get_current_is_minor_time_step 000000018002e0e0 f   sfc_debug:sfcdebug.obj
 0001:0002d160       sf_debug_get_current_object_type 000000018002e160 f   sfc_debug:sfcdebug.obj
 0001:0002d170       sf_debug_get_current_instance_handle 000000018002e170 f   sfc_debug:sfcdebug.obj
 0001:0002d1d0       sf_debug_get_current_event_type 000000018002e1d0 f   sfc_debug:sfcdebug.obj
 0001:0002d1e0       sf_debug_get_current_object_id 000000018002e1e0 f   sfc_debug:sfcdebug.obj
 0001:0002d220       sf_debug_get_current_active_event_type 000000018002e220 f   sfc_debug:sfcdebug.obj
 0001:0002d230       sf_debug_get_current_active_event_id 000000018002e230 f   sfc_debug:sfcdebug.obj
 0001:0002d270       sf_debug_get_current_tag_type 000000018002e270 f   sfc_debug:sfcdebug.obj
 0001:0002d280       sf_debug_get_current_simulation_time 000000018002e280 f   sfc_debug:sfcdebug.obj
 0001:0002d290       sf_debug_get_current_coverage_percentage 000000018002e290 f   sfc_debug:sfcdebug.obj
 0001:0002d2a0       sf_debug_current_statement_context 000000018002e2a0 f   sfc_debug:sfcdebug.obj
 0001:0002d330       sf_debug_get_current_statement_info 000000018002e330 f   sfc_debug:sfcdebug.obj
 0001:0002d4b0       sf_debug_terminate_instance 000000018002e4b0 f   sfc_debug:sfcdebug.obj
 0001:0002d7c0       sf_debug_assertion_failed  000000018002e7c0 f   sfc_debug:sfcdebug.obj
 0001:0002d970       sf_debug_set_number_of_data_with_change_event_for_machine 000000018002e970 f   sfc_debug:sfcdebug.obj
 0001:0002d9b0       sf_debug_set_machine_event_thresholds 000000018002e9b0 f   sfc_debug:sfcdebug.obj
 0001:0002d9d0       sf_debug_set_machine_event_scope 000000018002e9d0 f   sfc_debug:sfcdebug.obj
 0001:0002da10       sf_debug_set_machine_data_thresholds 000000018002ea10 f   sfc_debug:sfcdebug.obj
 0001:0002da50       sf_debug_set_machine_data_scope 000000018002ea50 f   sfc_debug:sfcdebug.obj
 0001:0002dae0       sf_debug_set_machine_data_name 000000018002eae0 f   sfc_debug:sfcdebug.obj
 0001:0002db80       sf_debug_set_machine_data_size 000000018002eb80 f   sfc_debug:sfcdebug.obj
 0001:0002dcc0       sf_debug_set_machine_data_type 000000018002ecc0 f   sfc_debug:sfcdebug.obj
 0001:0002de30       sf_debug_get_chart_data_number 000000018002ee30 f   sfc_debug:sfcdebug.obj
 0001:0002de50       sf_debug_get_chart_event_number 000000018002ee50 f   sfc_debug:sfcdebug.obj
 0001:0002de70       sf_debug_set_chart_state_info 000000018002ee70 f   sfc_debug:sfcdebug.obj
 0001:0002def0       sf_debug_set_chart_decomposition 000000018002eef0 f   sfc_debug:sfcdebug.obj
 0001:0002df60       sf_debug_set_chart_substate_count 000000018002ef60 f   sfc_debug:sfcdebug.obj
 0001:0002e040       sf_debug_set_chart_substate_index 000000018002f040 f   sfc_debug:sfcdebug.obj
 0001:0002e0b0       sf_debug_set_chart_state_substate_count 000000018002f0b0 f   sfc_debug:sfcdebug.obj
 0001:0002e1c0       sf_debug_set_chart_state_substate_index 000000018002f1c0 f   sfc_debug:sfcdebug.obj
 0001:0002e240       sf_debug_set_number_of_data_with_change_event_for_chart 000000018002f240 f   sfc_debug:sfcdebug.obj
 0001:0002e2c0       sf_debug_set_number_of_states_with_entry_event_for_chart 000000018002f2c0 f   sfc_debug:sfcdebug.obj
 0001:0002e330       sf_debug_set_number_of_states_with_exit_event_for_chart 000000018002f330 f   sfc_debug:sfcdebug.obj
 0001:0002e3a0       sf_debug_set_chart_disable_implicit_casting 000000018002f3a0 f   sfc_debug:sfcdebug.obj
 0001:0002e410       sf_debug_set_chart_event_thresholds 000000018002f410 f   sfc_debug:sfcdebug.obj
 0001:0002e480       sf_debug_set_chart_data_compiled_props 000000018002f480 f   sfc_debug:sfcdebug.obj
 0001:0002e7d0       sf_debug_set_chart_data_props 000000018002f7d0 f   sfc_debug:sfcdebug.obj
 0001:0002eaf0       sf_debug_check_fi_license  000000018002faf0 f   sfc_debug:sfcdebug.obj
 0001:0002ece0       sf_debug_symbol_scope_push 000000018002fce0 f   sfc_debug:sfcdebug.obj
 0001:0002ed20       sf_debug_symbol_scope_push_eml 000000018002fd20 f   sfc_debug:sfcdebug.obj
 0001:0002ed70       sf_debug_symbol_scope_pop  000000018002fd70 f   sfc_debug:sfcdebug.obj
 0001:0002edb0       sf_debug_symbol_scope_add_importable 000000018002fdb0 f   sfc_debug:sfcdebug.obj
 0001:0002ee30       sf_debug_symbol_scope_add  000000018002fe30 f   sfc_debug:sfcdebug.obj
 0001:0002eeb0       sf_debug_symbol_scope_add_dyn_importable 000000018002feb0 f   sfc_debug:sfcdebug.obj
 0001:0002ef70       sf_debug_symbol_scope_add_dyn 000000018002ff70 f   sfc_debug:sfcdebug.obj
 0001:0002efa0       sf_debug_symbol_scope_add_eml_importable 000000018002ffa0 f   sfc_debug:sfcdebug.obj
 0001:0002efe0       sf_debug_symbol_scope_add_eml 000000018002ffe0 f   sfc_debug:sfcdebug.obj
 0001:0002f020       sf_debug_symbol_scope_add_eml_dyn_importable 0000000180030020 f   sfc_debug:sfcdebug.obj
 0001:0002f090       sf_debug_symbol_scope_add_eml_dyn 0000000180030090 f   sfc_debug:sfcdebug.obj
 0001:0002f0f0       sf_debug_symbol_switch     00000001800300f0 f   sfc_debug:sfcdebug.obj
 0001:0002f110       sf_debug_symbol_scope_add_verbose 0000000180030110 f   sfc_debug:sfcdebug.obj
 0001:0002f1e0       sf_debug_set_machine_data_value_ptr 00000001800301e0 f   sfc_debug:sfcdebug.obj
 0001:0002f220       sf_debug_set_instance_data_value_ptr 0000000180030220 f   sfc_debug:sfcdebug.obj
 0001:0002f2e0       sf_debug_unset_instance_data_value_ptr 00000001800302e0 f   sfc_debug:sfcdebug.obj
 0001:0002f390       sf_debug_set_chart_event_scope 0000000180030390 f   sfc_debug:sfcdebug.obj
 0001:0002f410       sf_debug_set_chart_transition_coverage_maps 0000000180030410 f   sfc_debug:sfcdebug.obj
 0001:0002f520       sf_debug_set_chart_state_coverage_maps 0000000180030520 f   sfc_debug:sfcdebug.obj
 0001:0002f600       sf_debug_set_instance_transition_coverage_weights 0000000180030600 f   sfc_debug:sfcdebug.obj
 0001:0002f6a0       sf_debug_set_instance_state_coverage_weights 00000001800306a0 f   sfc_debug:sfcdebug.obj
 0001:0002f8f0       sf_debug_unload_machine    00000001800308f0 f   sfc_debug:sfcdebug.obj
 0001:0002f940       sf_debug_load_machine      0000000180030940 f   sfc_debug:sfcdebug.obj
 0001:0002fa40       sf_debug_set_active_instance_in_data_dictionary 0000000180030a40 f   sfc_debug:sfcdebug.obj
 0001:0002fc20       sf_debug_set_active_instance 0000000180030c20 f   sfc_debug:sfcdebug.obj
 0001:0002fd60       sf_debug_chart_visiblity_change 0000000180030d60 f   sfc_debug:sfcdebug.obj
 0001:0002fe40       sf_debug_select_chart      0000000180030e40 f   sfc_debug:sfcdebug.obj
 0001:0002ff10       sf_debug_set_instance_cv_ids 0000000180030f10 f   sfc_debug:sfcdebug.obj
 0001:00030220       sf_debug_select_charts     0000000180031220 f   sfc_debug:sfcdebug.obj
 0001:00030360       sf_debug_initialized       0000000180031360 f   sfc_debug:sfcdebug.obj
 0001:00030370       sf_debug_is_uninterruptible 0000000180031370 f   sfc_debug:sfcdebug.obj
 0001:000303a0       sf_debug_initialize_debugger_gui 00000001800313a0 f   sfc_debug:sfcdebug.obj
 0001:00030790       sf_debug_resume            0000000180031790 f   sfc_debug:sfcdebug.obj
 0001:000307b0       sf_debug_go                00000001800317b0 f   sfc_debug:sfcdebug.obj
 0001:000307c0       sf_debug_break             00000001800317c0 f   sfc_debug:sfcdebug.obj
 0001:000307d0       sf_debug_step_over         00000001800317d0 f   sfc_debug:sfcdebug.obj
 0001:000307e0       sf_debug_step_out          00000001800317e0 f   sfc_debug:sfcdebug.obj
 0001:000307f0       sf_debug_set_disable_all_breakpoints 00000001800317f0 f   sfc_debug:sfcdebug.obj
 0001:00030800       sf_debug_disable_all_breakpoints_and_go 0000000180031800 f   sfc_debug:sfcdebug.obj
 0001:00030810       sf_debug_break_on_chart_entry 0000000180031810 f   sfc_debug:sfcdebug.obj
 0001:00030820       sf_debug_break_on_event_broadcast 0000000180031820 f   sfc_debug:sfcdebug.obj
 0001:00030830       sf_debug_break_on_state_entry 0000000180031830 f   sfc_debug:sfcdebug.obj
 0001:00030840       sf_debug_break_between_times 0000000180031840 f   sfc_debug:sfcdebug.obj
 0001:00030860       sf_debug_browse_data       0000000180031860 f   sfc_debug:sfcdebug.obj
 0001:00030880       sf_debug_watch_data        0000000180031880 f   sfc_debug:sfcdebug.obj
 0001:000308a0       sf_debug_assign_data       00000001800318a0 f   sfc_debug:sfcdebug.obj
 0001:000308c0       sf_debug_whos              00000001800318c0 f   sfc_debug:sfcdebug.obj
 0001:000308e0       sf_debug_get_consistency_info 00000001800318e0 f   sfc_debug:sfcdebug.obj
 0001:000308f0       sf_debug_browse_trace      00000001800318f0 f   sfc_debug:sfcdebug.obj
 0001:00030900       sf_debug_set_breakpoints   0000000180031900 f   sfc_debug:sfcdebug.obj
 0001:00030a60       sf_debug_set_eml_breakpoints 0000000180031a60 f   sfc_debug:sfcdebug.obj
 0001:00030bc0       sf_debug_set_script_breakpoints 0000000180031bc0 f   sfc_debug:sfcdebug.obj
 0001:00030c40       sf_debug_add_script_breakpoints 0000000180031c40 f   sfc_debug:sfcdebug.obj
 0001:00030cb0       sf_debug_clear_script_breakpoints 0000000180031cb0 f   sfc_debug:sfcdebug.obj
 0001:00030d20       sf_debug_query_script_breakpoints 0000000180031d20 f   sfc_debug:sfcdebug.obj
 0001:00030de0       sf_debug_get_eml_script_id 0000000180031de0 f   sfc_debug:sfcdebug.obj
 0001:00030e30       sf_debug_set_watch         0000000180031e30 f   sfc_debug:sfcdebug.obj
 0001:00031060       sf_debug_get_instance_handle 0000000180032060 f   sfc_debug:sfcdebug.obj
 0001:000310f0       sf_debug_get_active_states 00000001800320f0 f   sfc_debug:sfcdebug.obj
 0001:00031100       sf_debug_get_animation     0000000180032100 f   sfc_debug:sfcdebug.obj
 0001:00031110       sf_debug_set_animation     0000000180032110 f   sfc_debug:sfcdebug.obj
 0001:00031120       sf_debug_animate           0000000180032120 f   sfc_debug:sfcdebug.obj
 0001:00031150       sf_debug_cycle_detection_check 0000000180032150 f   sfc_debug:sfcdebug.obj
 0001:00031160       sf_debug_data_range_check  0000000180032160 f   sfc_debug:sfcdebug.obj
 0001:00031170       sf_debug_transition_conflict_check 0000000180032170 f   sfc_debug:sfcdebug.obj
 0001:00031180       sf_debug_state_consistency_check 0000000180032180 f   sfc_debug:sfcdebug.obj
 0001:00031190       sf_debug_data_range_check_enabled 0000000180032190 f   sfc_debug:sfcdebug.obj
 0001:000311b0       sf_debug_transition_conflict_check_enabled 00000001800321b0 f   sfc_debug:sfcdebug.obj
 0001:000311d0       sf_debug_transition_conflict_check_begin 00000001800321d0 f   sfc_debug:sfcdebug.obj
 0001:000311f0       sf_debug_transition_conflict_check_end 00000001800321f0 f   sfc_debug:sfcdebug.obj
 0001:00031210       sf_debug_stop_debugging    0000000180032210 f   sfc_debug:sfcdebug.obj
 0001:00031240       sf_debug_is_cycle_detected 0000000180032240 f   sfc_debug:sfcdebug.obj
 0001:00031250       sf_debug_is_array_bounds_detected 0000000180032250 f   sfc_debug:sfcdebug.obj
 0001:00031260       sf_debug_get_state_vectors_data_size 0000000180032260 f   sfc_debug:sfcdebug.obj
 0001:000312a0       sf_debug_get_state_vectors_data 00000001800322a0 f   sfc_debug:sfcdebug.obj
 0001:000313a0       sf_debug_set_state_vectors_data 00000001800323a0 f   sfc_debug:sfcdebug.obj
 0001:00031660       sf_debug_get_script_index  0000000180032660 f   sfc_debug:sfcdebug.obj
 0001:000317f0       sf_debug_add_script        00000001800327f0 f   sfc_debug:sfcdebug.obj
 0001:00031980       cv_eval_point              0000000180032980 f   sfc_debug:sfcdebug.obj
 0001:00031af0       sf_debug_cv_init_state     0000000180032af0 f   sfc_debug:sfcdebug.obj
 0001:00031c10       sf_debug_cv_init_chart     0000000180032c10 f   sfc_debug:sfcdebug.obj
 0001:00031cf0       sf_debug_cv_init_trans     0000000180032cf0 f   sfc_debug:sfcdebug.obj
 0001:00031ed0       cv_eml_init_script         0000000180032ed0 f   sfc_debug:sfcdebug.obj
 0001:00031fd0       cv_eml_init_fcn            0000000180032fd0 f   sfc_debug:sfcdebug.obj
 0001:00032080       cv_eml_init_testobjective  0000000180033080 f   sfc_debug:sfcdebug.obj
 0001:00032150       cv_eml_init_if             0000000180033150 f   sfc_debug:sfcdebug.obj
 0001:00032220       cv_eml_init_for            0000000180033220 f   sfc_debug:sfcdebug.obj
 0001:000322e0       cv_eml_init_while          00000001800332e0 f   sfc_debug:sfcdebug.obj
 0001:000323a0       cv_eml_init_mcdc           00000001800333a0 f   sfc_debug:sfcdebug.obj
 0001:000324b0       cv_eml_init_switch         00000001800334b0 f   sfc_debug:sfcdebug.obj
 0001:000325a0       cv_eml_eval                00000001800335a0 f   sfc_debug:sfcdebug.obj
 0001:00032680       sf_debug_bm_is_a_eml_breakpoint 0000000180033680 f   sfc_debug:sfcdebug.obj
 0001:000327d0       sf_debug_temporal_threshold 00000001800337d0 f   sfc_debug:sfcdebug.obj
 0001:00032b30       sf_debug_transition_conflict_error 0000000180033b30 f   sfc_debug:sfcdebug.obj
 0001:00032eb0       sf_debug_state_inconsistency_error 0000000180033eb0 f   sfc_debug:sfcdebug.obj
 0001:00032fd0       sf_debug_check_for_state_inconsistency 0000000180033fd0 f   sfc_debug:sfcdebug.obj
 0001:00033000       sf_debug_cycle_detecton_error 0000000180034000 f   sfc_debug:sfcdebug.obj
 0001:000337f0       sf_debug_size_eq_check_1d  00000001800347f0 f   sfc_debug:sfcdebug.obj
 0001:00033810       sf_debug_size_eq_check_nd  0000000180034810 f   sfc_debug:sfcdebug.obj
 0001:000339f0       sf_debug_dim_size_eq_check 00000001800349f0 f   sfc_debug:sfcdebug.obj
 0001:00033a20       sf_debug_dim_size_geq_check 0000000180034a20 f   sfc_debug:sfcdebug.obj
 0001:00033a50       sf_debug_sub_assign_size_check_nd 0000000180034a50 f   sfc_debug:sfcdebug.obj
 0001:00033c90       sf_debug_matrix_matrix_index_check 0000000180034c90 f   sfc_debug:sfcdebug.obj
 0001:00033cc0       sf_debug_vector_vector_index_check 0000000180034cc0 f   sfc_debug:sfcdebug.obj
 0001:00033cf0       sf_debug_for_loop_vector_check 0000000180034cf0 f   sfc_debug:sfcdebug.obj
 0001:00033d70       sf_debug_runtime_error_msgid 0000000180034d70 f   sfc_debug:sfcdebug.obj
 0001:00033e00       sf_debug_data_array_bounds_error_check 0000000180034e00 f   sfc_debug:sfcdebug.obj
 0001:00033f10       sf_debug_eml_data_array_bounds_error_check 0000000180034f10 f   sfc_debug:sfcdebug.obj
 0001:000343f0       sf_debug_integer_check     00000001800353f0 f   sfc_debug:sfcdebug.obj
 0001:000344d0       sf_debug_not_nan_check     00000001800354d0 f   sfc_debug:sfcdebug.obj
 0001:00034590       sf_debug_non_negative_check 0000000180035590 f   sfc_debug:sfcdebug.obj
 0001:00034650       sf_debug_overflow_detection 0000000180035650 f   sfc_debug:sfcdebug.obj
 0001:00034d40       sf_debug_cast_to_real32_T  0000000180035d40 f   sfc_debug:sfcdebug.obj
 0001:00034e00       sf_debug_cast_to_int8_T    0000000180035e00 f   sfc_debug:sfcdebug.obj
 0001:00034ec0       sf_debug_cast_to_uint8_T   0000000180035ec0 f   sfc_debug:sfcdebug.obj
 0001:00034f80       sf_debug_cast_to_int16_T   0000000180035f80 f   sfc_debug:sfcdebug.obj
 0001:00035040       sf_debug_cast_to_uint16_T  0000000180036040 f   sfc_debug:sfcdebug.obj
 0001:00035100       sf_debug_cast_to_int32_T   0000000180036100 f   sfc_debug:sfcdebug.obj
 0001:000351c0       sf_debug_cast_to_uint32_T  00000001800361c0 f   sfc_debug:sfcdebug.obj
 0001:00035280       sf_debug_data_range_error  0000000180036280 f   sfc_debug:sfcdebug.obj
 0001:000355d0       sf_debug_read_before_write_check 00000001800365d0 f   sfc_debug:sfcdebug.obj
 0001:000359c0       sf_debug_data_range_error_wrapper_min_max 00000001800369c0 f   sfc_debug:sfcdebug.obj
 0001:00035ab0       sf_debug_data_range_error_wrapper_min 0000000180036ab0 f   sfc_debug:sfcdebug.obj
 0001:00035b90       sf_debug_data_range_error_wrapper_max 0000000180036b90 f   sfc_debug:sfcdebug.obj
 0001:00035c70       sf_debug_data_range_wrapper 0000000180036c70 f   sfc_debug:sfcdebug.obj
 0001:00035d20       sf_debug_set_current_status_info 0000000180036d20 f   sfc_debug:sfcdebug.obj
 0001:000360d0       sf_debug_call              00000001800370d0 f   sfc_debug:sfcdebug.obj
 0001:00036f90       sf_debug_initialize_machine 0000000180037f90 f   sfc_debug:sfcdebug.obj
 0001:000372a0       sf_debug_initialize_chart  00000001800382a0 f   sfc_debug:sfcdebug.obj
 0001:00037780       sf_debug_ensure_script     0000000180038780 f   sfc_debug:sfcdebug.obj
 0001:00037840       cv_script_init_script      0000000180038840 f   sfc_debug:sfcdebug.obj
 0001:00037920       cv_script_init_fcn         0000000180038920 f   sfc_debug:sfcdebug.obj
 0001:000379d0       cv_script_init_testobjective 00000001800389d0 f   sfc_debug:sfcdebug.obj
 0001:00037a80       cv_script_init_if          0000000180038a80 f   sfc_debug:sfcdebug.obj
 0001:00037b30       cv_script_init_for         0000000180038b30 f   sfc_debug:sfcdebug.obj
 0001:00037be0       cv_script_init_while       0000000180038be0 f   sfc_debug:sfcdebug.obj
 0001:00037c90       cv_script_init_mcdc        0000000180038c90 f   sfc_debug:sfcdebug.obj
 0001:00037d90       cv_script_init_switch      0000000180038d90 f   sfc_debug:sfcdebug.obj
 0001:00037e70       cv_script_eval             0000000180038e70 f   sfc_debug:sfcdebug.obj
 0001:00037f50       eml_debug_line_call        0000000180038f50 f   sfc_debug:sfcdebug.obj
 0001:00038100       sf_debug_terminate         0000000180039100 f   sfc_debug:sfcdebug.obj
 0001:00038270       sf_debug_set_script_cv_ids 0000000180039270 f   sfc_debug:sfcdebug.obj
 0001:00038440       sf_debug_api               0000000180039440 f   sfc_debug:sfc_api.obj
 0001:00039bf0       sf_debug_sm_terminate      000000018003abf0 f   sfc_debug:sfdb_animation.obj
 0001:00039db0       sf_debug_reset_path_objects 000000018003adb0 f   sfc_debug:sfdb_animation.obj
 0001:00039e30       sf_debug_sm_reset_object_selection_status 000000018003ae30 f   sfc_debug:sfdb_animation.obj
 0001:00039ed0       sf_debug_sm_reset_state_buffer 000000018003aed0 f   sfc_debug:sfdb_animation.obj
 0001:00039fa0       sf_debug_sm_store_state_buffer 000000018003afa0 f   sfc_debug:sfdb_animation.obj
 0001:0003a020       sf_debug_sm_restore_state_buffer1 000000018003b020 f   sfc_debug:sfdb_animation.obj
 0001:0003a090       sf_debug_sm_restore_state_buffer2 000000018003b090 f   sfc_debug:sfdb_animation.obj
 0001:0003a100       sf_debug_sm_chart_active   000000018003b100 f   sfc_debug:sfdb_animation.obj
 0001:0003a150       sf_debug_sm_select_active_objects 000000018003b150 f   sfc_debug:sfdb_animation.obj
 0001:0003a600       sf_debug_sm_is_chart_active 000000018003b600 f   sfc_debug:sfdb_animation.obj
 0001:0003a640       sf_debug_sm_is_state_active 000000018003b640 f   sfc_debug:sfdb_animation.obj
 0001:0003a880       sf_debug_sm_get_active_states 000000018003b880 f   sfc_debug:sfdb_animation.obj
 0001:0003ae40       sf_debug_sm_initialize_instance 000000018003be40 f   sfc_debug:sfdb_animation.obj
 0001:0003b090       sf_debug_sm_change_object_selection_status 000000018003c090 f   sfc_debug:sfdb_animation.obj
 0001:0003b380       cv_create_interface        000000018003c380 f   sfc_debug:cv_sfinterface.obj
 0001:0003b6e0       cv_init_trans              000000018003c6e0 f   sfc_debug:cv_sfinterface.obj
 0001:0003b730       cv_init_state              000000018003c730 f   sfc_debug:cv_sfinterface.obj
 0001:0003b7a0       cv_init_chart              000000018003c7a0 f   sfc_debug:cv_sfinterface.obj
 0001:0003b7f0       cv_dec_update_call         000000018003c7f0 f   sfc_debug:cv_sfinterface.obj
 0001:0003b830       cv_cond_update_call        000000018003c830 f   sfc_debug:cv_sfinterface.obj
 0001:0003b870       cv_sigrange_update         000000018003c870 f   sfc_debug:cv_sfinterface.obj
 0001:0003b8b0       cvsf_eml_eval              000000018003c8b0 f   sfc_debug:cv_sfinterface.obj
 0001:0003b990       cvsf_eml_init_script       000000018003c990 f   sfc_debug:cv_sfinterface.obj
 0001:0003ba10       cvsf_eml_init_fcn          000000018003ca10 f   sfc_debug:cv_sfinterface.obj
 0001:0003ba70       cvsf_eml_init_testobjective 000000018003ca70 f   sfc_debug:cv_sfinterface.obj
 0001:0003bad0       cvsf_eml_init_if           000000018003cad0 f   sfc_debug:cv_sfinterface.obj
 0001:0003bb30       cvsf_eml_init_for          000000018003cb30 f   sfc_debug:cv_sfinterface.obj
 0001:0003bb80       cvsf_eml_init_while        000000018003cb80 f   sfc_debug:cv_sfinterface.obj
 0001:0003bbd0       cvsf_eml_init_mcdc         000000018003cbd0 f   sfc_debug:cv_sfinterface.obj
 0001:0003bc60       cvsf_eml_init_switch       000000018003cc60 f   sfc_debug:cv_sfinterface.obj
 0001:0003bcd0       cvsf_script_eval           000000018003ccd0 f   sfc_debug:cv_sfinterface.obj
 0001:0003bdb0       cvsf_script_init_script    000000018003cdb0 f   sfc_debug:cv_sfinterface.obj
 0001:0003be30       cvsf_script_init_fcn       000000018003ce30 f   sfc_debug:cv_sfinterface.obj
 0001:0003be90       cvsf_script_init_testobjective 000000018003ce90 f   sfc_debug:cv_sfinterface.obj
 0001:0003bef0       cvsf_script_init_if        000000018003cef0 f   sfc_debug:cv_sfinterface.obj
 0001:0003bf50       cvsf_script_init_for       000000018003cf50 f   sfc_debug:cv_sfinterface.obj
 0001:0003bfa0       cvsf_script_init_while     000000018003cfa0 f   sfc_debug:cv_sfinterface.obj
 0001:0003bff0       cvsf_script_init_mcdc      000000018003cff0 f   sfc_debug:cv_sfinterface.obj
 0001:0003c080       cvsf_script_init_switch    000000018003d080 f   sfc_debug:cv_sfinterface.obj
 0001:0003c0f0       cv_destroy_interface       000000018003d0f0 f   sfc_debug:cv_sfinterface.obj
 0001:0003c110       cv_create_instance_objects 000000018003d110 f   sfc_debug:cv_sfinterface.obj
 0001:0003c5c0       cv_is_enabled              000000018003d5c0 f   sfc_debug:cv_sfinterface.obj
 0001:0003c5d0       sf_debug_cv_initialize_script 000000018003d5d0 f   sfc_debug:cv_sfinterface.obj
 0001:0003c780       sf_debug_cv_initialize_instance 000000018003d780 f   sfc_debug:cv_sfinterface.obj
 0001:0003cb20       sf_debug_cv_terminate_chart 000000018003db20 f   sfc_debug:cv_sfinterface.obj
 0001:0003cc60       cv_call_trans_test         000000018003dc60 f   sfc_debug:cv_sfinterface.obj
 0001:0003cc70       cv_call_sub_cond_test      000000018003dc70 f   sfc_debug:cv_sfinterface.obj
 0001:0003cda0       sf_debug_hm_initialize_instance 000000018003dda0 f   sfc_debug:sfdb_handle_management.obj
 0001:0003d320       sf_debug_hm_get_object_id  000000018003e320 f   sfc_debug:sfdb_handle_management.obj
 0001:0003f290       sf_debug_object_is_eml_function 0000000180040290 f   sfc_debug:sfdb_handle_management.obj
 0001:0003f300       sf_debug_hm_initialize_ids_in_machine 0000000180040300 f   sfc_debug:sfdb_handle_management.obj
 0001:0003f470       sf_debug_hm_initialize_ids_in_chart 0000000180040470 f   sfc_debug:sfdb_handle_management.obj
 0001:0003f5b0       sf_debug_hm_initialize_chart 00000001800405b0 f   sfc_debug:sfdb_handle_management.obj
 0001:0003fd60       sf_debug_hm_terminate      0000000180040d60 f   sfc_debug:sfdb_handle_management.obj
 0001:0003fdc0       sf_debug_hm_initialize_machine 0000000180040dc0 f   sfc_debug:sfdb_handle_management.obj
 0001:00040570       sf_debug_st_initialize_machine 0000000180041570 f   sfc_debug:sfdb_data_browse.obj
 0001:00040630       sf_debug_st_initialize_instance 0000000180041630 f   sfc_debug:sfdb_data_browse.obj
 0001:00040860       sf_debug_st_terminate      0000000180041860 f   sfc_debug:sfdb_data_browse.obj
 0001:00040c00       sf_debug_st_set_data_value_ptr_in_machine 0000000180041c00 f   sfc_debug:sfdb_data_browse.obj
 0001:00040c90       sf_debug_st_set_data_value_ptr_in_instance 0000000180041c90 f   sfc_debug:sfdb_data_browse.obj
 0001:00040d70       sf_debug_st_unset_data_value_ptr_in_machine 0000000180041d70 f   sfc_debug:sfdb_data_browse.obj
 0001:00040de0       sf_debug_st_unset_data_value_ptr_in_instance 0000000180041de0 f   sfc_debug:sfdb_data_browse.obj
 0001:000410f0       sf_debug_mx_value          00000001800420f0 f   sfc_debug:sfdb_data_browse.obj
 0001:00041150       sf_debug_mx_packed_vector  0000000180042150 f   sfc_debug:sfdb_data_browse.obj
 0001:00041230       sf_debug_mx_uint_vector    0000000180042230 f   sfc_debug:sfdb_data_browse.obj
 0001:000412f0       sf_debug_st_get_double_value_from_void_ptr_vector 00000001800422f0 f   sfc_debug:sfdb_data_browse.obj
 0001:00041de0       sf_debug_st_browse_data    0000000180042de0 f   sfc_debug:sfdb_data_browse.obj
 0001:00042580       sf_debug_ss_initialize     0000000180043580 f   sfc_debug:sfdb_symbol_scope.obj
 0001:000425a0       sf_debug_ss_terminate      00000001800435a0 f   sfc_debug:sfdb_symbol_scope.obj
 0001:00042630       sf_debug_ss_push_symbol_scope 0000000180043630 f   sfc_debug:sfdb_symbol_scope.obj
 0001:00042730       sf_debug_ss_push_symbol_scope_eml 0000000180043730 f   sfc_debug:sfdb_symbol_scope.obj
 0001:00042790       sf_debug_ss_pop_symbol_scope 0000000180043790 f   sfc_debug:sfdb_symbol_scope.obj
 0001:00042840       sf_debug_ss_add_symbol     0000000180043840 f   sfc_debug:sfdb_symbol_scope.obj
 0001:000429a0       sf_debug_ss_add_symbol_eml 00000001800439a0 f   sfc_debug:sfdb_symbol_scope.obj
 0001:00043680       sf_debug_ss_set_data_value 0000000180044680 f   sfc_debug:sfdb_symbol_scope.obj
 0001:00043b20       sf_debug_ss_watch_data     0000000180044b20 f   sfc_debug:sfdb_symbol_scope.obj
 0001:00043bc0       sf_debug_ss_assign_data    0000000180044bc0 f   sfc_debug:sfdb_symbol_scope.obj
 0001:000445c0       get_data_entry_name        00000001800455c0 f   sfc_debug:sfdb_symbol_scope.obj
 0001:00044610       sf_debug_ss_whos           0000000180045610 f   sfc_debug:sfdb_symbol_scope.obj
 0001:00044d20       sf_debug_cc_initialize_chart 0000000180045d20 f   sfc_debug:sfdb_coverage.obj
 0001:00045710       sf_debug_cc_initialize_instance 0000000180046710 f   sfc_debug:sfdb_coverage.obj
 0001:00046510       sf_debug_cc_terminate      0000000180047510 f   sfc_debug:sfdb_coverage.obj
 0001:00046600       sf_debug_cc_set_transition_maps 0000000180047600 f   sfc_debug:sfdb_coverage.obj
 0001:00046730       sf_debug_cc_set_state_maps 0000000180047730 f   sfc_debug:sfdb_coverage.obj
 0001:00046810       sf_debug_cc_set_transition_weights 0000000180047810 f   sfc_debug:sfdb_coverage.obj
 0001:00046ae0       sf_debug_cc_set_state_weights 0000000180047ae0 f   sfc_debug:sfdb_coverage.obj
 0001:00046db0       sf_debug_cc_mark_transition_guard 0000000180047db0 f   sfc_debug:sfdb_coverage.obj
 0001:00046e40       sf_debug_cc_mark_transition_trigger 0000000180047e40 f   sfc_debug:sfdb_coverage.obj
 0001:00046ed0       sf_debug_cc_mark_transition_decision 0000000180047ed0 f   sfc_debug:sfdb_coverage.obj
 0001:00046f40       sf_debug_cc_mark_transition_condition_action 0000000180047f40 f   sfc_debug:sfdb_coverage.obj
 0001:00046f90       sf_debug_cc_mark_transition_transition_action 0000000180047f90 f   sfc_debug:sfdb_coverage.obj
 0001:00046fe0       sf_debug_cc_mark_state_entry 0000000180047fe0 f   sfc_debug:sfdb_coverage.obj
 0001:00047030       sf_debug_cc_mark_state_during 0000000180048030 f   sfc_debug:sfdb_coverage.obj
 0001:00047080       sf_debug_cc_mark_state_exit 0000000180048080 f   sfc_debug:sfdb_coverage.obj
 0001:000470d0       sf_debug_bm_clear_script_breakpoints 00000001800480d0 f   sfc_debug:sfdb_breakpoints.obj
 0001:00047100       sf_debug_bm_set_script_breakpoint 0000000180048100 f   sfc_debug:sfdb_breakpoints.obj
 0001:00047180       sf_debug_bm_clear_single_script_breakpoint 0000000180048180 f   sfc_debug:sfdb_breakpoints.obj
 0001:00047200       sf_debug_bm_query_script_breakpoint 0000000180048200 f   sfc_debug:sfdb_breakpoints.obj
 0001:00047250       sf_debug_bm_initialize_scripts 0000000180048250 f   sfc_debug:sfdb_breakpoints.obj
 0001:00047970       sf_debug_bm_terminate      0000000180048970 f   sfc_debug:sfdb_breakpoints.obj
 0001:00047c60       sf_debug_bm_remove_all_breakpoints_in_machine 0000000180048c60 f   sfc_debug:sfdb_breakpoints.obj
 0001:00047cd0       sf_debug_bm_remove_all_breakpoints_in_chart 0000000180048cd0 f   sfc_debug:sfdb_breakpoints.obj
 0001:00047e20       sf_debug_bm_initialize_global_breakpoints 0000000180048e20 f   sfc_debug:sfdb_breakpoints.obj
 0001:00047fa0       sf_debug_bm_set_breakpoint 0000000180048fa0 f   sfc_debug:sfdb_breakpoints.obj
 0001:000485d0       sf_debug_bm_set_eml_breakpoint 00000001800495d0 f   sfc_debug:sfdb_breakpoints.obj
 0001:00048670       sf_debug_bm_initialize_machine_breakpoint_map 0000000180049670 f   sfc_debug:sfdb_breakpoints.obj
 0001:00048a90       sf_debug_bm_is_a_breakpoint 0000000180049a90 f   sfc_debug:sfdb_breakpoints.obj
 0001:00048fb0       sf_debug_bm_get_all_breakpoints_in_machine 0000000180049fb0 f   sfc_debug:sfdb_breakpoints.obj
 0001:000492b0       sf_debug_bm_get_all_breakpoints_in_chart 000000018004a2b0 f   sfc_debug:sfdb_breakpoints.obj
 0001:00049f70       sf_debug_bm_initialize_machine 000000018004af70 f   sfc_debug:sfdb_breakpoints.obj
 0001:0004a040       sf_debug_bm_initialize_chart 000000018004b040 f   sfc_debug:sfdb_breakpoints.obj
 0001:0004a460       sf_debug_sc_terminate      000000018004b460 f   sfc_debug:sfdb_state_consistency.obj
 0001:0004a790       sf_debug_sc_is_chart_consistent 000000018004b790 f   sfc_debug:sfdb_state_consistency.obj
 0001:0004aa40       sf_debug_sc_get_consistency_error_info 000000018004ba40 f   sfc_debug:sfdb_state_consistency.obj
 0001:0004ae90       sf_debug_tm_terminate      000000018004be90 f   sfc_debug:sfdb_call_stack.obj
 0001:0004af50       sf_debug_tm_push_chart_instance 000000018004bf50 f   sfc_debug:sfdb_call_stack.obj
 0001:0004b0a0       sf_debug_tm_pop_chart_instance 000000018004c0a0 f   sfc_debug:sfdb_call_stack.obj
 0001:0004b100       sf_debug_tm_push_trace_node 000000018004c100 f   sfc_debug:sfdb_call_stack.obj
 0001:0004b290       sf_debug_tm_pop_trace_node 000000018004c290 f   sfc_debug:sfdb_call_stack.obj
 0001:0004b310       sf_debug_tm_get_current_global_trace_index 000000018004c310 f   sfc_debug:sfdb_call_stack.obj
 0001:0004b320       sf_debug_tm_get_current_local_trace_index 000000018004c320 f   sfc_debug:sfdb_call_stack.obj
 0001:0004b350       sf_debug_tm_set_cycle_detected_flag 000000018004c350 f   sfc_debug:sfdb_call_stack.obj
 0001:0004b390       sf_debug_tm_set_cycle_started_flag 000000018004c390 f   sfc_debug:sfdb_call_stack.obj
 0001:0004b3d0       sf_debug_tm_get_chart_number_from_stack 000000018004c3d0 f   sfc_debug:sfdb_call_stack.obj
 0001:0004b5d0       sf_debug_tm_browse_trace   000000018004c5d0 f   sfc_debug:sfdb_call_stack.obj
 0001:0004b910       sf_debug_cd_initialize_instance 000000018004c910 f   sfc_debug:sfdb_cycle_detection.obj
 0001:0004bbc0       sf_debug_cd_mark_processed_transition_in_instance 000000018004cbc0 f   sfc_debug:sfdb_cycle_detection.obj
 0001:0004bc60       sf_debug_cd_checksum_push  000000018004cc60 f   sfc_debug:sfdb_cycle_detection.obj
 0001:0004bf20       sf_debug_cd_checksum_pop   000000018004cf20 f   sfc_debug:sfdb_cycle_detection.obj
 0001:0004bf90       sf_debug_cd_turn_off_cycle_detection 000000018004cf90 f   sfc_debug:sfdb_cycle_detection.obj
 0001:0004bfe0       sf_debug_cd_terminate      000000018004cfe0 f   sfc_debug:sfdb_cycle_detection.obj
 0001:0004c220       md5_initialize_state       000000018004d220 f   sfc_debug:ckmd5.obj
 0001:0004cc90       md5_update_state           000000018004dc90 f   sfc_debug:ckmd5.obj
 0001:0004ccb0       md5_get_hash               000000018004dcb0 f   sfc_debug:ckmd5.obj
 0001:0004cce0       md5_get_hash_for_a_single_string 000000018004dce0 f   sfc_debug:ckmd5.obj
 0001:0004cd44       mxGetPr                    000000018004dd44 f   libmx:libmx.dll
 0001:0004cd4a       mxCreateDoubleScalar       000000018004dd4a f   libmx:libmx.dll
 0001:0004cd50       mxCreateDoubleMatrix_730   000000018004dd50 f   libmx:libmx.dll
 0001:0004cd56       mxSetField_730             000000018004dd56 f   libmx:libmx.dll
 0001:0004cd5c       mxCreateString             000000018004dd5c f   libmx:libmx.dll
 0001:0004cd62       mxCreateStructMatrix_730   000000018004dd62 f   libmx:libmx.dll
 0001:0004cd68       mxDestroyArray             000000018004dd68 f   libmx:libmx.dll
 0001:0004cd6e       mxDuplicateArray           000000018004dd6e f   libmx:libmx.dll
 0001:0004cd74       mxIsEmpty                  000000018004dd74 f   libmx:libmx.dll
 0001:0004cd7a       mxGetNaN                   000000018004dd7a f   libmx:libmx.dll
 0001:0004cd80       mxGetInf                   000000018004dd80 f   libmx:libmx.dll
 0001:0004cd86       mxGetString_730            000000018004dd86 f   libmx:libmx.dll
 0001:0004cd8c       mxIsChar                   000000018004dd8c f   libmx:libmx.dll
 0001:0004cd92       mxGetClassID               000000018004dd92 f   libmx:libmx.dll
 0001:0004cd98       mxIsNumeric                000000018004dd98 f   libmx:libmx.dll
 0001:0004cd9e       mxIsComplex                000000018004dd9e f   libmx:libmx.dll
 0001:0004cda4       mxGetN                     000000018004dda4 f   libmx:libmx.dll
 0001:0004cdaa       mxGetM                     000000018004ddaa f   libmx:libmx.dll
 0001:0004cdb0       mxCalloc                   000000018004ddb0 f   libmx:libmx.dll
 0001:0004cdb6       mxGetScalar                000000018004ddb6 f   libmx:libmx.dll
 0001:0004cdbc       mxIsLogical                000000018004ddbc f   libmx:libmx.dll
 0001:0004cdc2       mxCreateDoubleMatrix_700   000000018004ddc2 f   libmx:libmx.dll
 0001:0004cdc8       mxFree                     000000018004ddc8 f   libmx:libmx.dll
 0001:0004cdce       mxArrayToString            000000018004ddce f   libmx:libmx.dll
 0001:0004cdd4       mxCreateCellMatrix_700     000000018004ddd4 f   libmx:libmx.dll
 0001:0004cdda       mxSetCell_700              000000018004ddda f   libmx:libmx.dll
 0001:0004cde0       mxGetCell_700              000000018004dde0 f   libmx:libmx.dll
 0001:0004cde6       mxGetClassName             000000018004dde6 f   libmx:libmx.dll
 0001:0004cdec       mxSetField_700             000000018004ddec f   libmx:libmx.dll
 0001:0004cdf2       mxAddField                 000000018004ddf2 f   libmx:libmx.dll
 0001:0004cdf8       mxGetField_700             000000018004ddf8 f   libmx:libmx.dll
 0001:0004cdfe       mxGetNumberOfElements      000000018004ddfe f   libmx:libmx.dll
 0001:0004ce04       mxIsStruct                 000000018004de04 f   libmx:libmx.dll
 0001:0004ce0a       mxIsClass                  000000018004de0a f   libmx:libmx.dll
 0001:0004ce10       mxGetLogicals              000000018004de10 f   libmx:libmx.dll
 0001:0004ce16       mxIsSparse                 000000018004de16 f   libmx:libmx.dll
 0001:0004ce1c       mxSetFieldByNumber_700     000000018004de1c f   libmx:libmx.dll
 0001:0004ce22       mxGetFieldByNumber_700     000000018004de22 f   libmx:libmx.dll
 0001:0004ce28       mxGetFieldNameByNumber     000000018004de28 f   libmx:libmx.dll
 0001:0004ce2e       mxGetNumberOfFields        000000018004de2e f   libmx:libmx.dll
 0001:0004ce34       mxCreateStructMatrix_700   000000018004de34 f   libmx:libmx.dll
 0001:0004ce3a       mxGetFieldNumber           000000018004de3a f   libmx:libmx.dll
 0001:0004ce40       mxIsNaN                    000000018004de40 f   libmx:libmx.dll
 0001:0004ce46       mxGetData                  000000018004de46 f   libmx:libmx.dll
 0001:0004ce4c       mxGetImagData              000000018004de4c f   libmx:libmx.dll
 0001:0004ce52       mxArrayClassIDName         000000018004de52 f   libmx:libmx.dll
 0001:0004ce58       mxCreateNumericMatrix_700  000000018004de58 f   libmx:libmx.dll
 0001:0004ce5e       mxCreateStructArray_700    000000018004de5e f   libmx:libmx.dll
 0001:0004ce64       mxCalcSingleSubscript_700  000000018004de64 f   libmx:libmx.dll
 0001:0004ce6a       mxGetDimensions_700        000000018004de6a f   libmx:libmx.dll
 0001:0004ce70       mxGetNumberOfDimensions_700 000000018004de70 f   libmx:libmx.dll
 0001:0004ce76       mxCreateNumericArray_700   000000018004de76 f   libmx:libmx.dll
 0001:0004ce7c       mxGetElementSize           000000018004de7c f   libmx:libmx.dll
 0001:0004ce82       mxCreateStringFromNChars_700 000000018004de82 f   libmx:libmx.dll
 0001:0004ce88       mxGetString_700            000000018004de88 f   libmx:libmx.dll
 0001:0004ce8e       mxIsLogicalScalarTrue      000000018004de8e f   libmx:libmx.dll
 0001:0004ce94       mxCreateLogicalScalar      000000018004de94 f   libmx:libmx.dll
 0001:0004ce9a       mexUnlock                  000000018004de9a f   libmex:libmex.dll
 0001:0004cea0       mexIsLocked                000000018004dea0 f   libmex:libmex.dll
 0001:0004cea6       mexWarnMsgTxt              000000018004dea6 f   libmex:libmex.dll
 0001:0004ceac       mexCallMATLAB              000000018004deac f   libmex:libmex.dll
 0001:0004ceb2       mexErrMsgTxt               000000018004deb2 f   libmex:libmex.dll
 0001:0004ceb8       mexMakeArrayPersistent     000000018004deb8 f   libmex:libmex.dll
 0001:0004cebe       mexSetTrapFlag             000000018004debe f   libmex:libmex.dll
 0001:0004cec4       mexPutVariable             000000018004dec4 f   libmex:libmex.dll
 0001:0004ceca       mexGetVariable             000000018004deca f   libmex:libmex.dll
 0001:0004ced0       mexLock                    000000018004ded0 f   libmex:libmex.dll
 0001:0004ced6       mexMakeMemoryPersistent    000000018004ded6 f   libmex:libmex.dll
 0001:0004cedc       mexFunctionName            000000018004dedc f   libmex:libmex.dll
 0001:0004cee2       ssRegisterDataTypeFxpFSlopeFixExpBias 000000018004dee2 f   libfixedpoint:libfixedpoint.dll
 0001:0004cee8       utVSNprintf                000000018004dee8 f   libut:libut.dll
 0001:0004ceee       utCPUtime                  000000018004deee f   libut:libut.dll
 0001:0004cef4       utFree                     000000018004def4 f   libut:libut.dll
 0001:0004cefa       utMalloc                   000000018004defa f   libut:libut.dll
 0001:0004cf00       muDoubleScalarPower        000000018004df00 f   libmwmathutil:libmwmathutil.dll
 0001:0004cf06       muDoubleScalarAbs          000000018004df06 f   libmwmathutil:libmwmathutil.dll
 0001:0004cf0c       muDoubleScalarAtan2        000000018004df0c f   libmwmathutil:libmwmathutil.dll
 0001:0004cf12       muDoubleScalarLog          000000018004df12 f   libmwmathutil:libmwmathutil.dll
 0001:0004cf18       muDoubleScalarSqrt         000000018004df18 f   libmwmathutil:libmwmathutil.dll
 0001:0004cf1e       muDoubleScalarIsNaN        000000018004df1e f   libmwmathutil:libmwmathutil.dll
 0001:0004cf24       muDoubleScalarIsInf        000000018004df24 f   libmwmathutil:libmwmathutil.dll
 0001:0004cf2a       muDoubleScalarSin          000000018004df2a f   libmwmathutil:libmwmathutil.dll
 0001:0004cf30       muDoubleScalarCos          000000018004df30 f   libmwmathutil:libmwmathutil.dll
 0001:0004cf36       muDoubleScalarExp          000000018004df36 f   libmwmathutil:libmwmathutil.dll
 0001:0004cf3c       muDoubleScalarLog10        000000018004df3c f   libmwmathutil:libmwmathutil.dll
 0001:0004cf42       emlrtCheckBuiltInCtxR2011a 000000018004df42 f   libemlrt:libemlrt.dll
 0001:0004cf48       emlrtCheckVsBuiltInCtxR2011a 000000018004df48 f   libemlrt:libemlrt.dll
 0001:0004cf4e       emlrtCheckEnumR2009a       000000018004df4e f   libemlrt:libemlrt.dll
 0001:0004cf54       emlrtCreateEnumR2010a      000000018004df54 f   libemlrt:libemlrt.dll
 0001:0004cf5a       emlrtGetEnumElementR2009a  000000018004df5a f   libemlrt:libemlrt.dll
 0001:0004cf60       emlrtCreateReference       000000018004df60 f   libemlrt:libemlrt.dll
 0001:0004cf66       emlrtImportVsFiArrayR2009b 000000018004df66 f   libemlrt:libemlrt.dll
 0001:0004cf6c       emlrtExtractMessageId      000000018004df6c f   libemlrt:libemlrt.dll
 0001:0004cf72       emlrtTranslateMessageIDtoLCPstring 000000018004df72 f   libemlrt:libemlrt.dll
 0001:0004cf78       emlrtForLoopVectorIsValidR2011b 000000018004df78 f   libemlrt:libemlrt.dll
 0001:0004cf7e       emlrtTranslateUTF16MessagetoLCPstring 000000018004df7e f   libemlrt:libemlrt.dll
 0001:0004cf84       emlrtGetEnumUnderlyingArrayR2009a 000000018004df84 f   libemlrt:libemlrt.dll
 0001:0004cf8a       emlrtIsEnumR2009a          000000018004df8a f   libemlrt:libemlrt.dll
 0001:0004cf90       dgemm32                    000000018004df90 f   libmwblascompat32:libmwblascompat32.dll
 0001:0004cf98       __GSHandlerCheckCommon     000000018004df98 f   MSVCRT:gshandler.obj
 0001:0004cffc       __GSHandlerCheck           000000018004dffc f   MSVCRT:gshandler.obj
 0001:0004d01a       strlen                     000000018004e01a f   MSVCRT:MSVCR100.dll
 0001:0004d030       __security_check_cookie    000000018004e030 f   MSVCRT:amdsecgs.obj
 0001:0004d060       __chkstk                   000000018004e060 f   MSVCRT:chkstk.obj
 0001:0004d060       _alloca_probe              000000018004e060     MSVCRT:chkstk.obj
 0001:0004d0ae       memset                     000000018004e0ae f   MSVCRT:MSVCR100.dll
 0001:0004d0b4       malloc                     000000018004e0b4 f   MSVCRT:MSVCR100.dll
 0001:0004d0ba       free                       000000018004e0ba f   MSVCRT:MSVCR100.dll
 0001:0004d0c0       strcmp                     000000018004e0c0 f   MSVCRT:MSVCR100.dll
 0001:0004d0c6       sprintf                    000000018004e0c6 f   MSVCRT:MSVCR100.dll
 0001:0004d0cc       strcat                     000000018004e0cc f   MSVCRT:MSVCR100.dll
 0001:0004d0d2       memcpy                     000000018004e0d2 f   MSVCRT:MSVCR100.dll
 0001:0004d0d8       NtCurrentTeb               000000018004e0d8 f i MSVCRT:crtdll.obj
 0001:0004d144       _CRT_INIT                  000000018004e144 f   MSVCRT:crtdll.obj
 0001:0004d4dc       _DllMainCRTStartup         000000018004e4dc f   MSVCRT:crtdll.obj
 0001:0004d51a       strncpy                    000000018004e51a f   MSVCRT:MSVCR100.dll
 0001:0004d520       longjmp                    000000018004e520 f   MSVCRT:MSVCR100.dll
 0001:0004d526       strncmp                    000000018004e526 f   MSVCRT:MSVCR100.dll
 0001:0004d52c       ceil                       000000018004e52c f   MSVCRT:MSVCR100.dll
 0001:0004d532       strrchr                    000000018004e532 f   MSVCRT:MSVCR100.dll
 0001:0004d538       _setjmp                    000000018004e538 f   MSVCRT:MSVCR100.dll
 0001:0004d53e       calloc                     000000018004e53e f   MSVCRT:MSVCR100.dll
 0001:0004d544       realloc                    000000018004e544 f   MSVCRT:MSVCR100.dll
 0001:0004d54a       ldexp                      000000018004e54a f   MSVCRT:MSVCR100.dll
 0001:0004d550       __report_gsfailure         000000018004e550 f   MSVCRT:gs_report.obj
 0001:0004d69c       __clean_type_info_names    000000018004e69c f   MSVCRT:tncleanup.obj
 0001:0004d6a8       _onexit                    000000018004e6a8 f   MSVCRT:atonexit.obj
 0001:0004d758       atexit                     000000018004e758 f   MSVCRT:atonexit.obj
 0001:0004d770       _RTC_Initialize            000000018004e770 f   MSVCRT:_initsect_.obj
 0001:0004d7a8       _RTC_Terminate             000000018004e7a8 f   MSVCRT:_initsect_.obj
 0001:0004d7e0       _malloc_crt                000000018004e7e0 f   MSVCRT:MSVCR100.dll
 0001:0004d7f0       _ValidateImageBase         000000018004e7f0 f   MSVCRT:pesect.obj
 0001:0004d820       _FindPESection             000000018004e820 f   MSVCRT:pesect.obj
 0001:0004d870       _IsNonwritableInCurrentImage 000000018004e870 f   MSVCRT:pesect.obj
 0001:0004d8b2       _initterm                  000000018004e8b2 f   MSVCRT:MSVCR100.dll
 0001:0004d8b8       _initterm_e                000000018004e8b8 f   MSVCRT:MSVCR100.dll
 0001:0004d8be       _encoded_null              000000018004e8be f   MSVCRT:MSVCR100.dll
 0001:0004d8c4       _amsg_exit                 000000018004e8c4 f   MSVCRT:MSVCR100.dll
 0001:0004d8ca       __C_specific_handler       000000018004e8ca f   MSVCRT:MSVCR100.dll
 0001:0004d8d0       __CppXcptFilter            000000018004e8d0 f   MSVCRT:MSVCR100.dll
 0001:0004d8d8       DllMain                    000000018004e8d8 f   MSVCRT:dllmain.obj
 0001:0004d8fc       __security_init_cookie     000000018004e8fc f   MSVCRT:gs_support.obj
 0001:0004d9b0       __crt_debugger_hook        000000018004e9b0 f   MSVCRT:MSVCR100.dll
 0001:0004d9b6       __clean_type_info_names_internal 000000018004e9b6 f   MSVCRT:MSVCR100.dll
 0001:0004d9bc       _unlock                    000000018004e9bc f   MSVCRT:MSVCR100.dll
 0001:0004d9c2       __dllonexit                000000018004e9c2 f   MSVCRT:MSVCR100.dll
 0001:0004d9c8       _lock                      000000018004e9c8 f   MSVCRT:MSVCR100.dll
 0001:0004d9ce       EncodePointer              000000018004e9ce f   kernel32:KERNEL32.dll
 0001:0004d9d4       DecodePointer              000000018004e9d4 f   kernel32:KERNEL32.dll
 0001:0004d9da       Sleep                      000000018004e9da f   kernel32:KERNEL32.dll
 0001:0004d9e0       TerminateProcess           000000018004e9e0 f   kernel32:KERNEL32.dll
 0001:0004d9e6       GetCurrentProcess          000000018004e9e6 f   kernel32:KERNEL32.dll
 0001:0004d9ec       UnhandledExceptionFilter   000000018004e9ec f   kernel32:KERNEL32.dll
 0001:0004d9f2       SetUnhandledExceptionFilter 000000018004e9f2 f   kernel32:KERNEL32.dll
 0001:0004d9f8       IsDebuggerPresent          000000018004e9f8 f   kernel32:KERNEL32.dll
 0001:0004d9fe       RtlVirtualUnwind           000000018004e9fe f   kernel32:KERNEL32.dll
 0001:0004da04       RtlLookupFunctionEntry     000000018004ea04 f   kernel32:KERNEL32.dll
 0001:0004da0a       RtlCaptureContext          000000018004ea0a f   kernel32:KERNEL32.dll
 0001:0004da10       DisableThreadLibraryCalls  000000018004ea10 f   kernel32:KERNEL32.dll
 0001:0004da16       QueryPerformanceCounter    000000018004ea16 f   kernel32:KERNEL32.dll
 0001:0004da1c       GetTickCount               000000018004ea1c f   kernel32:KERNEL32.dll
 0001:0004da22       GetCurrentThreadId         000000018004ea22 f   kernel32:KERNEL32.dll
 0001:0004da28       GetCurrentProcessId        000000018004ea28 f   kernel32:KERNEL32.dll
 0001:0004da2e       GetSystemTimeAsFileTime    000000018004ea2e f   kernel32:KERNEL32.dll
 0002:00000000       __imp_DisableThreadLibraryCalls 000000018004f000     kernel32:KERNEL32.dll
 0002:00000008       __imp_RtlCaptureContext    000000018004f008     kernel32:KERNEL32.dll
 0002:00000010       __imp_RtlLookupFunctionEntry 000000018004f010     kernel32:KERNEL32.dll
 0002:00000018       __imp_RtlVirtualUnwind     000000018004f018     kernel32:KERNEL32.dll
 0002:00000020       __imp_IsDebuggerPresent    000000018004f020     kernel32:KERNEL32.dll
 0002:00000028       __imp_SetUnhandledExceptionFilter 000000018004f028     kernel32:KERNEL32.dll
 0002:00000030       __imp_UnhandledExceptionFilter 000000018004f030     kernel32:KERNEL32.dll
 0002:00000038       __imp_GetCurrentProcess    000000018004f038     kernel32:KERNEL32.dll
 0002:00000040       __imp_TerminateProcess     000000018004f040     kernel32:KERNEL32.dll
 0002:00000048       __imp_Sleep                000000018004f048     kernel32:KERNEL32.dll
 0002:00000050       __imp_DecodePointer        000000018004f050     kernel32:KERNEL32.dll
 0002:00000058       __imp_EncodePointer        000000018004f058     kernel32:KERNEL32.dll
 0002:00000060       __imp_GetTickCount         000000018004f060     kernel32:KERNEL32.dll
 0002:00000068       __imp_GetCurrentThreadId   000000018004f068     kernel32:KERNEL32.dll
 0002:00000070       __imp_GetCurrentProcessId  000000018004f070     kernel32:KERNEL32.dll
 0002:00000078       __imp_GetSystemTimeAsFileTime 000000018004f078     kernel32:KERNEL32.dll
 0002:00000080       __imp_QueryPerformanceCounter 000000018004f080     kernel32:KERNEL32.dll
 0002:00000088       \177KERNEL32_NULL_THUNK_DATA 000000018004f088     kernel32:KERNEL32.dll
 0002:00000090       __imp__onexit              000000018004f090     MSVCRT:MSVCR100.dll
 0002:00000098       __imp__lock                000000018004f098     MSVCRT:MSVCR100.dll
 0002:000000a0       __imp___dllonexit          000000018004f0a0     MSVCRT:MSVCR100.dll
 0002:000000a8       __imp__unlock              000000018004f0a8     MSVCRT:MSVCR100.dll
 0002:000000b0       __imp___clean_type_info_names_internal 000000018004f0b0     MSVCRT:MSVCR100.dll
 0002:000000b8       __imp___crt_debugger_hook  000000018004f0b8     MSVCRT:MSVCR100.dll
 0002:000000c0       __imp___CppXcptFilter      000000018004f0c0     MSVCRT:MSVCR100.dll
 0002:000000c8       __imp___C_specific_handler 000000018004f0c8     MSVCRT:MSVCR100.dll
 0002:000000d0       __imp__amsg_exit           000000018004f0d0     MSVCRT:MSVCR100.dll
 0002:000000d8       __imp__encoded_null        000000018004f0d8     MSVCRT:MSVCR100.dll
 0002:000000e0       __imp__initterm_e          000000018004f0e0     MSVCRT:MSVCR100.dll
 0002:000000e8       __imp__initterm            000000018004f0e8     MSVCRT:MSVCR100.dll
 0002:000000f0       __imp__malloc_crt          000000018004f0f0     MSVCRT:MSVCR100.dll
 0002:000000f8       __imp_ldexp                000000018004f0f8     MSVCRT:MSVCR100.dll
 0002:00000100       __imp_realloc              000000018004f100     MSVCRT:MSVCR100.dll
 0002:00000108       __imp_calloc               000000018004f108     MSVCRT:MSVCR100.dll
 0002:00000110       __imp__setjmp              000000018004f110     MSVCRT:MSVCR100.dll
 0002:00000118       __imp_strrchr              000000018004f118     MSVCRT:MSVCR100.dll
 0002:00000120       __imp_ceil                 000000018004f120     MSVCRT:MSVCR100.dll
 0002:00000128       __imp_strncmp              000000018004f128     MSVCRT:MSVCR100.dll
 0002:00000130       __imp_longjmp              000000018004f130     MSVCRT:MSVCR100.dll
 0002:00000138       __imp_strncpy              000000018004f138     MSVCRT:MSVCR100.dll
 0002:00000140       __imp_memcpy               000000018004f140     MSVCRT:MSVCR100.dll
 0002:00000148       __imp_strcat               000000018004f148     MSVCRT:MSVCR100.dll
 0002:00000150       __imp_sprintf              000000018004f150     MSVCRT:MSVCR100.dll
 0002:00000158       __imp_strcmp               000000018004f158     MSVCRT:MSVCR100.dll
 0002:00000160       __imp_free                 000000018004f160     MSVCRT:MSVCR100.dll
 0002:00000168       __imp_malloc               000000018004f168     MSVCRT:MSVCR100.dll
 0002:00000170       __imp_memset               000000018004f170     MSVCRT:MSVCR100.dll
 0002:00000178       __imp_strlen               000000018004f178     MSVCRT:MSVCR100.dll
 0002:00000180       \177MSVCR100_NULL_THUNK_DATA 000000018004f180     MSVCRT:MSVCR100.dll
 0002:00000188       __imp_emlrtCheckBuiltInCtxR2011a 000000018004f188     libemlrt:libemlrt.dll
 0002:00000190       __imp_emlrtCheckEnumR2009a 000000018004f190     libemlrt:libemlrt.dll
 0002:00000198       __imp_emlrtIsEnumR2009a    000000018004f198     libemlrt:libemlrt.dll
 0002:000001a0       __imp_emlrtGetEnumUnderlyingArrayR2009a 000000018004f1a0     libemlrt:libemlrt.dll
 0002:000001a8       __imp_emlrtTranslateUTF16MessagetoLCPstring 000000018004f1a8     libemlrt:libemlrt.dll
 0002:000001b0       __imp_emlrtForLoopVectorIsValidR2011b 000000018004f1b0     libemlrt:libemlrt.dll
 0002:000001b8       __imp_emlrtTranslateMessageIDtoLCPstring 000000018004f1b8     libemlrt:libemlrt.dll
 0002:000001c0       __imp_emlrtExtractMessageId 000000018004f1c0     libemlrt:libemlrt.dll
 0002:000001c8       __imp_emlrtCreateEnumR2010a 000000018004f1c8     libemlrt:libemlrt.dll
 0002:000001d0       __imp_emlrtGetEnumElementR2009a 000000018004f1d0     libemlrt:libemlrt.dll
 0002:000001d8       __imp_emlrtCreateReference 000000018004f1d8     libemlrt:libemlrt.dll
 0002:000001e0       __imp_emlrtImportVsFiArrayR2009b 000000018004f1e0     libemlrt:libemlrt.dll
 0002:000001e8       __imp_emlrtCheckVsBuiltInCtxR2011a 000000018004f1e8     libemlrt:libemlrt.dll
 0002:000001f0       \177libemlrt_NULL_THUNK_DATA 000000018004f1f0     libemlrt:libemlrt.dll
 0002:000001f8       __imp_ssRegisterDataTypeFxpFSlopeFixExpBias 000000018004f1f8     libfixedpoint:libfixedpoint.dll
 0002:00000200       \177libfixedpoint_NULL_THUNK_DATA 000000018004f200     libfixedpoint:libfixedpoint.dll
 0002:00000208       __imp_mexGetVariable       000000018004f208     libmex:libmex.dll
 0002:00000210       __imp_mexSetTrapFlag       000000018004f210     libmex:libmex.dll
 0002:00000218       __imp_mexMakeMemoryPersistent 000000018004f218     libmex:libmex.dll
 0002:00000220       __imp_mexFunctionName      000000018004f220     libmex:libmex.dll
 0002:00000228       __imp_mexMakeArrayPersistent 000000018004f228     libmex:libmex.dll
 0002:00000230       __imp_mexLock              000000018004f230     libmex:libmex.dll
 0002:00000238       __imp_mexPutVariable       000000018004f238     libmex:libmex.dll
 0002:00000240       __imp_mexCallMATLAB        000000018004f240     libmex:libmex.dll
 0002:00000248       __imp_mexWarnMsgTxt        000000018004f248     libmex:libmex.dll
[...]
 0001:000257f0       sf_numeric_value_to_double 00000001800267f0 f   sfc_mex:sfc_mex.obj
 0001:00025840       ml_generic_out_of_bounds_check 0000000180026840 f   sfc_mex:sfc_mex.obj
 0001:00025a10       ml_get_element_value_from_array 0000000180026a10 f   sfc_mex:sfc_mex.obj
 0001:00025db0       _ml_generic_castability_check 0000000180026db0 f   sfc_mex:sfc_mex.obj
 0001:00026b10       ml_generic_castability_check 0000000180027b10 f   sfc_mex:sfc_mex.obj
 0001:00026bb0       ml_check_mx_array_for_single_castability 0000000180027bb0 f   sfc_mex:sfc_mex.obj
 0001:00026c50       ml_check_mx_array_for_logical_castability 0000000180027c50 f   sfc_mex:sfc_mex.obj
 0001:00026cf0       ml_check_mx_array_for_int8_castability 0000000180027cf0 f   sfc_mex:sfc_mex.obj
 0001:00026da0       ml_check_mx_array_for_uint8_castability 0000000180027da0 f   sfc_mex:sfc_mex.obj
 0001:00026e00       ml_check_mx_array_for_int16_castability 0000000180027e00 f   sfc_mex:sfc_mex.obj
 0001:00026e60       ml_check_mx_array_for_uint16_castability 0000000180027e60 f   sfc_mex:sfc_mex.obj
 0001:00026ec0       ml_check_mx_array_for_int32_castability 0000000180027ec0 f   sfc_mex:sfc_mex.obj
 0001:00026f20       ml_check_mx_array_for_uint32_castability 0000000180027f20 f   sfc_mex:sfc_mex.obj
 0001:00026f80       ml_check_mx_array_for_castability 0000000180027f80 f   sfc_mex:sfc_mex.obj
 0001:000278b0       set_data_value             00000001800288b0 f   sfc_mex:sfc_mex.obj
 0001:00027c20       get_data_value             0000000180028c20 f   sfc_mex:sfc_mex.obj
 0001:00027d30       get_next_element_address   0000000180028d30 f   sfc_mex:sfc_mex.obj
 0001:00027e00       sf_normalize_index         0000000180028e00 f   sfc_mex:sfc_mex.obj
 0001:00028190       ml_array_index_bound_check 0000000180029190 f   sfc_mex:sfc_mex.obj
 0001:00028cb0       mx_value                   0000000180029cb0 f   sfc_mex:sfc_mex.obj
 0001:00028d00       sf_create_numeric_array    0000000180029d00 f   sfc_mex:sfc_mex.obj
 0001:00028da0       sf_mex_assign_to_mx_array  0000000180029da0 f   sfc_mex:sfc_mex.obj
 0001:000290f0       assign_from_mx_array       000000018002a0f0 f   sfc_mex:sfc_mex.obj
 0001:00029920       sf_mex_import_v            000000018002a920 f   sfc_mex:sfc_mex.obj
 0001:0002a020       get_machine_and_chart_file_number 000000018002b020 f   sfc_mex:sfc_sf.obj
 0001:0002a110       get_sfun_block_specialization 000000018002b110 f   sfc_mex:sfc_sf.obj
 0001:0002a190       call_sf_machine_global_method_dispatcher 000000018002b190 f   sfc_mex:sfc_sf.obj
 0001:0002a3c0       mdl_zeroCrossings_processing 000000018002b3c0 f   sfc_mex:sfc_sf.obj
 0001:0002a490       mdl_derivatives_processing 000000018002b490 f   sfc_mex:sfc_sf.obj
 0001:0002a750       mdl_outputs_continuous_legacy 000000018002b750 f   sfc_mex:sfc_sf.obj
 0001:0002a7d0       mdl_outputs_processing     000000018002b7d0 f   sfc_mex:sfc_sf.obj
 0001:0002aa00       mdl_enable_processing      000000018002ba00 f   sfc_mex:sfc_sf.obj
 0001:0002aad0       mdl_disable_processing     000000018002bad0 f   sfc_mex:sfc_sf.obj
 0001:0002b810       sf_call_output_fcn_enable_disable 000000018002c810 f   sfc_mex:sfc_sf.obj
 0001:0002ba90       set_dwork_information_from_mx_array 000000018002ca90 f   sfc_mex:sfc_sf.obj
 0001:0002c350       ptr2mxStruct               000000018002d350 f   sfc_mex:sfc_sf.obj
 0001:0002c640       SNPRINTF_WRAPPER           000000018002d640 f   sfc_debug:sfcdebug.obj
 0001:0002c660       sf_debug_chart_instance_initialized_quick 000000018002d660 f   sfc_debug:sfcdebug.obj
 0001:0002c670       sf_debug_chart_instance_initialized 000000018002d670 f   sfc_debug:sfcdebug.obj
 0001:0002c810       sfrtAddSize                000000018002d810 f   sfc_debug:sfcdebug.obj
 0001:0002c8d0       sfrtGenSizeString          000000018002d8d0 f   sfc_debug:sfcdebug.obj
 0001:0002cfe0       sf_debug_sim_status_listener 000000018002dfe0 f   sfc_debug:sfcdebug.obj
 0001:0002d550       sf_debug_form_mask_bits    000000018002e550 f   sfc_debug:sfcdebug.obj
 0001:0002d590       sf_debug_form_sf_data_type_offsets 000000018002e590 f   sfc_debug:sfcdebug.obj
 0001:0002d650       sf_debug_free_all          000000018002e650 f   sfc_debug:sfcdebug.obj
 0001:0002d7d0       sf_debug_append_debugger_context 000000018002e7d0 f   sfc_debug:sfcdebug.obj
 0001:0002da90       local_strdup               000000018002ea90 f   sfc_debug:sfcdebug.obj
 0001:0002e970       sf_debug_em_terminate      000000018002f970 f   sfc_debug:sfcdebug.obj
 0001:0002e9b0       sf_debug_push_eml_function 000000018002f9b0 f   sfc_debug:sfcdebug.obj
 0001:0002ea50       sf_debug_pop_eml_function  000000018002fa50 f   sfc_debug:sfcdebug.obj
 0001:0002f750       sf_debug_get_machine_number_from_id_or_name 0000000180030750 f   sfc_debug:sfcdebug.obj
 0001:0002f8a0       sf_debug_get_chart_number_from_id 00000001800308a0 f   sfc_debug:sfcdebug.obj
 0001:00030510       sf_debug_transfer_control_to_debugger_GUI 0000000180031510 f   sfc_debug:sfcdebug.obj
 0001:000314a0       sf_debug_scripts_rehash    00000001800324a0 f   sfc_debug:sfcdebug.obj
 0001:000316e0       sf_debug_get_script_line_count 00000001800326e0 f   sfc_debug:sfcdebug.obj
 0001:00031df0       cv_eml_state_cvId          0000000180032df0 f   sfc_debug:sfcdebug.obj
 0001:00031e60       cv_eml_trans_cvId          0000000180032e60 f   sfc_debug:sfcdebug.obj
 0001:00033120       sf_debug_data_array_bounds_error 0000000180034120 f   sfc_debug:sfcdebug.obj
 0001:00033550       eml_debug_runtime_error_doclink 0000000180034550 f   sfc_debug:sfcdebug.obj
 0001:000336d0       sf_debug_runtime_error     00000001800346d0 f   sfc_debug:sfcdebug.obj
 0001:00033740       sf_debug_matlab_error      0000000180034740 f   sfc_debug:sfcdebug.obj
 0001:00034070       sf_debug_data_value_error  0000000180035070 f   sfc_debug:sfcdebug.obj
 0001:00034970       sf_debug_data_loss_error   0000000180035970 f   sfc_debug:sfcdebug.obj
 0001:00035890       call_cv_range_check        0000000180036890 f   sfc_debug:sfcdebug.obj
 0001:00036060       sf_debug_invoke_cycle_detection_code 0000000180037060 f   sfc_debug:sfcdebug.obj
 0001:00036ed0       sf_reset_debug_info_struct 0000000180037ed0 f   sfc_debug:sfcdebug.obj
 0001:000377c0       cv_script_cvId             00000001800387c0 f   sfc_debug:sfcdebug.obj
 0001:000385b0       sfc_api_chart_visible      00000001800395b0 f   sfc_debug:sfc_api.obj
 0001:00038630       sfc_api_active_instance    0000000180039630 f   sfc_debug:sfc_api.obj
 0001:000386b0       sfc_api_machine_load       00000001800396b0 f   sfc_debug:sfc_api.obj
 0001:00038780       sfc_api_debugger_alive     0000000180039780 f   sfc_debug:sfc_api.obj
 0001:00038790       sfc_api_go                 0000000180039790 f   sfc_debug:sfc_api.obj
 0001:000387a0       sfc_api_step_over          00000001800397a0 f   sfc_debug:sfc_api.obj
 0001:000387b0       sfc_api_step_out           00000001800397b0 f   sfc_debug:sfc_api.obj
 0001:000387c0       sfc_api_resume             00000001800397c0 f   sfc_debug:sfc_api.obj
 0001:000387d0       sfc_api_break              00000001800397d0 f   sfc_debug:sfc_api.obj
 0001:000387e0       sfc_api_stop_debugging     00000001800397e0 f   sfc_debug:sfc_api.obj
 0001:00038830       sfc_api_is_cycle_detected  0000000180039830 f   sfc_debug:sfc_api.obj
 0001:00038880       sfc_api_is_array_bounds_detected 0000000180039880 f   sfc_debug:sfc_api.obj
 0001:000388d0       sfc_api_set_disable_all_breakpoints 00000001800398d0 f   sfc_debug:sfc_api.obj
 0001:00038940       sfc_api_disable_all_breakpoints_and_go 0000000180039940 f   sfc_debug:sfc_api.obj
 0001:00038950       sfc_api_close              0000000180039950 f   sfc_debug:sfc_api.obj
 0001:00038960       sfc_api_browse_data        0000000180039960 f   sfc_debug:sfc_api.obj
 0001:000389d0       sfc_api_watch_data         00000001800399d0 f   sfc_debug:sfc_api.obj
 0001:00038a70       sfc_api_assign_data        0000000180039a70 f   sfc_debug:sfc_api.obj
 0001:00038b10       sfc_api_whos               0000000180039b10 f   sfc_debug:sfc_api.obj
 0001:00038ba0       sfc_api_get_consistency_info 0000000180039ba0 f   sfc_debug:sfc_api.obj
 0001:00038bb0       sfc_api_browse_trace       0000000180039bb0 f   sfc_debug:sfc_api.obj
 0001:00038bc0       sfc_api_break_on_chart_entry 0000000180039bc0 f   sfc_debug:sfc_api.obj
 0001:00038be0       sfc_api_break_on_event_broadcast 0000000180039be0 f   sfc_debug:sfc_api.obj
 0001:00038c00       sfc_api_break_on_state_entry 0000000180039c00 f   sfc_debug:sfc_api.obj
 0001:00038c20       sfc_api_set_watch          0000000180039c20 f   sfc_debug:sfc_api.obj
 0001:00038cc0       sfc_api_set_breakpoints    0000000180039cc0 f   sfc_debug:sfc_api.obj
 0001:00038d60       sfc_api_set_eml_breakpoints 0000000180039d60 f   sfc_debug:sfc_api.obj
 0001:00038de0       sfc_api_set_script_breakpoints 0000000180039de0 f   sfc_debug:sfc_api.obj
 0001:00038e30       sfc_api_add_script_breakpoints 0000000180039e30 f   sfc_debug:sfc_api.obj
 0001:00038e80       sfc_api_clear_script_breakpoints 0000000180039e80 f   sfc_debug:sfc_api.obj
 0001:00038ed0       sfc_api_query_script_breakpoints 0000000180039ed0 f   sfc_debug:sfc_api.obj
 0001:00038f30       sfc_api_get_script_id      0000000180039f30 f   sfc_debug:sfc_api.obj
 0001:00038ff0       sfc_api_get_active_states  0000000180039ff0 f   sfc_debug:sfc_api.obj
 0001:00039070       sfc_api_break_between_times 000000018003a070 f   sfc_debug:sfc_api.obj
 0001:000390d0       sfc_api_get_instance_handle 000000018003a0d0 f   sfc_debug:sfc_api.obj
 0001:00039180       sfc_api_set_animation      000000018003a180 f   sfc_debug:sfc_api.obj
 0001:000391d0       sfc_api_select_chart       000000018003a1d0 f   sfc_debug:sfc_api.obj
 0001:00039230       sfc_api_select_charts      000000018003a230 f   sfc_debug:sfc_api.obj
 0001:00039260       sfc_api_cycle_detection_check 000000018003a260 f   sfc_debug:sfc_api.obj
 0001:000392b0       sfc_api_data_range_check   000000018003a2b0 f   sfc_debug:sfc_api.obj
 0001:00039300       sfc_api_transition_conflict_check 000000018003a300 f   sfc_debug:sfc_api.obj
 0001:00039350       sfc_api_state_consistency_check 000000018003a350 f   sfc_debug:sfc_api.obj
 0001:000393a0       sfc_api_set_instance_cv_ids 000000018003a3a0 f   sfc_debug:sfc_api.obj
 0001:000394b0       sfc_api_set_script_cv_ids  000000018003a4b0 f   sfc_debug:sfc_api.obj
 0001:00039550       sfc_api_get_current_machine_id 000000018003a550 f   sfc_debug:sfc_api.obj
 0001:00039580       sfc_api_get_current_machine_number 000000018003a580 f   sfc_debug:sfc_api.obj
 0001:000395b0       sfc_api_get_current_chart_number 000000018003a5b0 f   sfc_debug:sfc_api.obj
 0001:000395e0       sfc_api_get_current_instance_number 000000018003a5e0 f   sfc_debug:sfc_api.obj
 0001:00039610       sfc_api_get_current_instance_handle 000000018003a610 f   sfc_debug:sfc_api.obj
 0001:00039630       sfc_api_get_current_is_minor_time_step 000000018003a630 f   sfc_debug:sfc_api.obj
 0001:00039660       sfc_api_get_current_machine_name 000000018003a660 f   sfc_debug:sfc_api.obj
 0001:00039680       sfc_api_get_current_chart_id 000000018003a680 f   sfc_debug:sfc_api.obj
 0001:000396b0       sfc_api_get_current_object_type 000000018003a6b0 f   sfc_debug:sfc_api.obj
 0001:000396e0       sfc_api_get_current_event_type 000000018003a6e0 f   sfc_debug:sfc_api.obj
 0001:00039710       sfc_api_get_current_object_id 000000018003a710 f   sfc_debug:sfc_api.obj
 0001:00039740       sfc_get_current_active_event_type 000000018003a740 f   sfc_debug:sfc_api.obj
 0001:00039770       sfc_api_get_current_active_event_id 000000018003a770 f   sfc_debug:sfc_api.obj
 0001:000397a0       sfc_api_get_current_simulation_time 000000018003a7a0 f   sfc_debug:sfc_api.obj
 0001:000397c0       sfc_get_current_tag_type   000000018003a7c0 f   sfc_debug:sfc_api.obj
 0001:000397f0       sfc_get_current_coverage_percentage 000000018003a7f0 f   sfc_debug:sfc_api.obj
 0001:00039810       sfc_get_current_statement_context 000000018003a810 f   sfc_debug:sfc_api.obj
 0001:00039830       sfc_get_current_optional_integer 000000018003a830 f   sfc_debug:sfc_api.obj
 0001:00039860       sfc_get_current_statement_info 000000018003a860 f   sfc_debug:sfc_api.obj
 0001:00039900       sfc_api_get                000000018003a900 f   sfc_debug:sfc_api.obj
 0001:00039a60       sf_debug_sm_is_using_unified_editors 000000018003aa60 f   sfc_debug:sfdb_animation.obj
 0001:00039b00       sf_debug_sm_is_chart_visible_in_unified_editors 000000018003ab00 f   sfc_debug:sfdb_animation.obj
 0001:00039bc0       sf_debug_sm_check_if_chart_is_visible 000000018003abc0 f   sfc_debug:sfdb_animation.obj
 0001:0003a6c0       sf_debug_sm_fill_state_activity_data 000000018003b6c0 f   sfc_debug:sfdb_animation.obj
 0001:0003ccb0       sf_debug_hm_get_simulink_handle 000000018003dcb0 f   sfc_debug:sfdb_handle_management.obj
 0001:0003d800       sf_debug_hm_initialize_globals 000000018003e800 f   sfc_debug:sfdb_handle_management.obj
 0001:0003d900       sf_debug_hm_get_machine_debug_flag 000000018003e900 f   sfc_debug:sfdb_handle_management.obj
 0001:0003da70       sf_debug_hm_get_machine_id 000000018003ea70 f   sfc_debug:sfdb_handle_management.obj
 0001:0003db90       sf_debug_hm_get_chart_id   000000018003eb90 f   sfc_debug:sfdb_handle_management.obj
 0001:0003dd30       sf_debug_hm_register_executing_SFunction 000000018003ed30 f   sfc_debug:sfdb_handle_management.obj
 0001:0003ded0       sf_debug_hm_get_chart_active_instance 000000018003eed0 f   sfc_debug:sfdb_handle_management.obj
 0001:0003e040       sf_debug_hm_get_chart_visibility 000000018003f040 f   sfc_debug:sfdb_handle_management.obj
 0001:0003e190       sf_debug_hm_form_object_boolean_properties 000000018003f190 f   sfc_debug:sfdb_handle_management.obj
 0001:0003e460       sf_debug_hm_form_object_properties 000000018003f460 f   sfc_debug:sfdb_handle_management.obj
 0001:0003e6a0       sf_debug_hm_terminate_charts 000000018003f6a0 f   sfc_debug:sfdb_handle_management.obj
 0001:0003ee10       sf_debug_hm_terminate_machines 000000018003fe10 f   sfc_debug:sfdb_handle_management.obj
 0001:00040730       void_ptr_stack_vector_free_total 0000000180041730 f   sfc_debug:sfdb_data_browse.obj
 0001:000407c0       sf_debug_st_terminate_machine 00000001800417c0 f   sfc_debug:sfdb_data_browse.obj
 0001:00040800       sf_debug_st_terminate_instance 0000000180041800 f   sfc_debug:sfdb_data_browse.obj
 0001:00040bb0       push_on_to_void_ptr_stack  0000000180041bb0 f   sfc_debug:sfdb_data_browse.obj
 0001:00040d40       pop_from_void_ptr_stack    0000000180041d40 f   sfc_debug:sfdb_data_browse.obj
 0001:00040e70       sf_debug_st_get_data_value 0000000180041e70 f   sfc_debug:sfdb_data_browse.obj
 0001:00041400       mx_value                   0000000180042400 f   sfc_debug:sfdb_data_browse.obj
 0001:00041440       sf_debug_st_fill_data_struct 0000000180042440 f   sfc_debug:sfdb_data_browse.obj
 0001:00041780       data_type_format_strings   0000000180042780 f   sfc_debug:sfdb_data_browse.obj
 0001:00041830       sf_debug_st_fill_data      0000000180042830 f   sfc_debug:sfdb_data_browse.obj
 0001:00042a70       sf_debug_ss_copy_dimension 0000000180043a70 f   sfc_debug:sfdb_symbol_scope.obj
 0001:00042b30       sf_debug_ss_get_number_elements 0000000180043b30 f   sfc_debug:sfdb_symbol_scope.obj
 0001:00042b50       sf_debug_ss_fill_data_struct 0000000180043b50 f   sfc_debug:sfdb_symbol_scope.obj
 0001:00042ea0       sf_debug_ss_reset_data_info 0000000180043ea0 f   sfc_debug:sfdb_symbol_scope.obj
 0001:00042f00       sf_debug_fill_data_info_by_symbol_scope_entry 0000000180043f00 f   sfc_debug:sfdb_symbol_scope.obj
 0001:00042fc0       sf_debug_fill_data_info_by_data_vector 0000000180043fc0 f   sfc_debug:sfdb_symbol_scope.obj
 0001:00043210       sf_debug_ss_get_data_info  0000000180044210 f   sfc_debug:sfdb_symbol_scope.obj
 0001:00043500       sf_debug_select_mex_function 0000000180044500 f   sfc_debug:sfdb_symbol_scope.obj
 0001:00043530       sf_debug_is_dyn_matrix_initialized 0000000180044530 f   sfc_debug:sfdb_symbol_scope.obj
 0001:00043550       sf_debug_ss_set_data_value_try 0000000180044550 f   sfc_debug:sfdb_symbol_scope.obj
 0001:00043720       sf_debug_ss_get_data_value 0000000180044720 f   sfc_debug:sfdb_symbol_scope.obj
 0001:00043c70       sf_debug_ss_data_bytes_string 0000000180044c70 f   sfc_debug:sfdb_symbol_scope.obj
 0001:00043d20       sf_debug_ss_data_class_string 0000000180044d20 f   sfc_debug:sfdb_symbol_scope.obj
 0001:000440b0       sf_debug_ss_data_size_string 00000001800450b0 f   sfc_debug:sfdb_symbol_scope.obj
 0001:00044190       sf_debug_ss_data_create_data_info_struct 0000000180045190 f   sfc_debug:sfdb_symbol_scope.obj
 0001:00044460       sf_debug_ss_data_create_name_value_pair 0000000180045460 f   sfc_debug:sfdb_symbol_scope.obj
 0001:00044500       sf_debug_ss_data_get_whos_info 0000000180045500 f   sfc_debug:sfdb_symbol_scope.obj
 0001:00044510       same_named_data_in_data_array 0000000180045510 f   sfc_debug:sfdb_symbol_scope.obj
 0001:00045d80       sf_debug_cc_terminate_chart 0000000180046d80 f   sfc_debug:sfdb_coverage.obj
 0001:00046120       sf_debug_cc_terminate_instance 0000000180047120 f   sfc_debug:sfdb_coverage.obj
 0001:00046d10       sf_debug_cc_mark_object_if_needed 0000000180047d10 f   sfc_debug:sfdb_coverage.obj
 0001:00047610       sf_debug_bm_initialize_eml 0000000180048610 f   sfc_debug:sfdb_breakpoints.obj
 0001:00048780       sf_debug_bm_map_debug_tag_to_breakpoint_tag 0000000180049780 f   sfc_debug:sfdb_breakpoints.obj
 0001:00048860       sf_debug_bm_is_a_eml_breakpoint_impl 0000000180049860 f   sfc_debug:sfdb_breakpoints.obj
 0001:0004a2e0       sf_debug_sc_push_on_error_stack 000000018004b2e0 f   sfc_debug:sfdb_state_consistency.obj
 0001:0004a410       sf_debug_sc_reset_error_stack 000000018004b410 f   sfc_debug:sfdb_state_consistency.obj
 0001:0004a5a0       sf_debug_sc_is_state_inconsistent 000000018004b5a0 f   sfc_debug:sfdb_state_consistency.obj
 0001:0004a8a0       sf_debug_sc_fill_consistency_info 000000018004b8a0 f   sfc_debug:sfdb_state_consistency.obj
 0001:0004ae80       void_assertion_fcn         000000018004be80 f   sfc_debug:sfdb_call_stack.obj
 0001:0004b400       sf_debug_tm_fill_local_trace 000000018004c400 f   sfc_debug:sfdb_call_stack.obj
 0001:0004b9d0       sf_debug_cd_terminate_instance 000000018004c9d0 f   sfc_debug:sfdb_cycle_detection.obj
 0001:0004ba30       sf_debug_cd_free_checksum_stack 000000018004ca30 f   sfc_debug:sfdb_cycle_detection.obj
 0001:0004ba80       sf_debug_cd_reset_pack_strings 000000018004ca80 f   sfc_debug:sfdb_cycle_detection.obj
 0001:0004c140       md5file_clear              000000018004d140 f   sfc_debug:ckmd5.obj
 0001:0004c170       Encode                     000000018004d170 f   sfc_debug:ckmd5.obj
 0001:0004c1c0       Decode                     000000018004d1c0 f   sfc_debug:ckmd5.obj
 0001:0004c260       MD5Transform               000000018004d260 f   sfc_debug:ckmd5.obj
 0001:0004cab0       md5file_addn               000000018004dab0 f   sfc_debug:ckmd5.obj
 0001:0004cb80       md5file_hash               000000018004db80 f   sfc_debug:ckmd5.obj
 0001:0004d0e4       pre_c_init                 000000018004e0e4 f   MSVCRT:crtdll.obj
 0001:0004d3a0       __DllMainCRTStartup        000000018004e3a0 f   MSVCRT:crtdll.obj
 0001:0004da40       __DllMainCRTStartup$filt$0 000000018004ea40 f   MSVCRT:crtdll.obj
 0001:0004da70       __DllMainCRTStartup$fin$1  000000018004ea70 f   MSVCRT:crtdll.obj
 0001:0004da8a       _onexit$fin$0              000000018004ea8a f   MSVCRT:atonexit.obj
 0001:0004dab0       _IsNonwritableInCurrentImage$filt$0 000000018004eab0 f   MSVCRT:pesect.obj
