 sim1_rlti_varmax_gust2_sfun

 Timestamp is 4f79885c (Mon Apr 02 13:07:08 2012)

 Preferred load address is 0000000180000000

 Start         Length     Name                   Class
 0001:00000000 0004ab74H .text                   CODE
 0001:0004ab80 00000092H .text$x                 CODE
 0002:00000000 000004d8H .idata$5                DATA
 0002:000004d8 00000008H .CRT$XCA                DATA
 0002:000004e0 00000008H .CRT$XCZ                DATA
 0002:000004e8 00000008H .CRT$XIA                DATA
 0002:000004f0 00000008H .CRT$XIAA               DATA
 0002:000004f8 00000008H .CRT$XIZ                DATA
 0002:00000500 00004b0cH .rdata                  DATA
 0002:00005010 00000008H .rtc$IAA                DATA
 0002:00005018 00000008H .rtc$IZZ                DATA
 0002:00005020 00000008H .rtc$TAA                DATA
 0002:00005028 00000008H .rtc$TZZ                DATA
 0002:00005030 00004134H .xdata                  DATA
 0002:00009164 000000b4H .idata$2                DATA
 0002:00009218 00000014H .idata$3                DATA
 0002:00009230 000004d8H .idata$4                DATA
 0002:00009708 00000b3eH .idata$6                DATA
 0002:0000a250 00000061H .edata                  DATA
 0003:00000000 000063acH .data                   DATA
 0003:000063c0 0037d198H .bss                    DATA
 0004:00000000 00003270H .pdata                  DATA

  Address         Publics by Value              Rva+Base               Lib:Object

 0000:00000000       ___safe_se_handler_count   0000000000000000     <absolute>
 0000:00000000       ___safe_se_handler_table   0000000000000000     <absolute>
 0000:00000000       __ImageBase                0000000180000000     <linker-defined>
 0001:00000000       sf_c5_sim1_rlti_varmax_gust2_get_eml_resolved_functions_info 0000000180001000 f   c5_sim1_rlti_varmax_gust2.obj
 0001:00003ce0       sf_c5_sim1_rlti_varmax_gust2_get_check_sum 0000000180004ce0 f   c5_sim1_rlti_varmax_gust2.obj
 0001:00003d60       sf_c5_sim1_rlti_varmax_gust2_get_autoinheritance_info 0000000180004d60 f   c5_sim1_rlti_varmax_gust2.obj
 0001:00004eb0       sf_internal_get_sim_state_c5_sim1_rlti_varmax_gust2 0000000180005eb0 f   c5_sim1_rlti_varmax_gust2.obj
 0001:000069d0       sf_internal_set_sim_state_c5_sim1_rlti_varmax_gust2 00000001800079d0 f   c5_sim1_rlti_varmax_gust2.obj
 0001:00009350       c5_sim1_rlti_varmax_gust2_method_dispatcher 000000018000a350 f   c5_sim1_rlti_varmax_gust2.obj
 0001:00019130       sf_process_check_sum_call  000000018001a130 f   sim1_rlti_varmax_gust2_sfun_registry.obj
 0001:00019180       sf_process_autoinheritance_call 000000018001a180 f   sim1_rlti_varmax_gust2_sfun_registry.obj
 0001:00019320       sf_process_get_eml_resolved_functions_info_call 000000018001a320 f   sim1_rlti_varmax_gust2_sfun_registry.obj
 0001:000194a0       sf_mex_unlock_call         000000018001a4a0 f   sim1_rlti_varmax_gust2_sfun_registry.obj
 0001:00019550       sf_machine_global_initializer_called 000000018001a550 f   sim1_rlti_varmax_gust2_sfun_registry.obj
 0001:00019580       sf_machine_global_method_dispatcher 000000018001a580 f   sim1_rlti_varmax_gust2_sfun_registry.obj
 0001:000195e0       sf_machine_global_terminator 000000018001a5e0 f   sim1_rlti_varmax_gust2_sfun_registry.obj
 0001:00019620       sf_register_machine_exported_symbols 000000018001a620 f   sim1_rlti_varmax_gust2_sfun_registry.obj
 0001:00019640       callCustomFcn              000000018001a640 f   sim1_rlti_varmax_gust2_sfun_registry.obj
 0001:00019650       sf_machine_global_initializer 000000018001a650 f   sim1_rlti_varmax_gust2_sfun_registry.obj
 0001:000196c0       _ssSetStateAbsTol          000000018001a6c0 f   sim1_rlti_varmax_gust2_sfun_registry.obj
 0001:000197a0       _ssGetAbsTol               000000018001a7a0 f   sim1_rlti_varmax_gust2_sfun_registry.obj
 0001:00019810       _ssSetInputPortMatrixDimensions 000000018001a810 f   sim1_rlti_varmax_gust2_sfun_registry.obj
 0001:00019920       _ssSetOutputPortMatrixDimensions 000000018001a920 f   sim1_rlti_varmax_gust2_sfun_registry.obj
 0001:00019a30       _ssSetInputPortVectorDimension 000000018001aa30 f   sim1_rlti_varmax_gust2_sfun_registry.obj
 0001:00019b00       _ssSetOutputPortVectorDimension 000000018001ab00 f   sim1_rlti_varmax_gust2_sfun_registry.obj
 0001:00019bd0       ssIsRunTimeParamTunable    000000018001abd0 f   sim1_rlti_varmax_gust2_sfun_registry.obj
 0001:00019c40       ssGetSFuncBlockHandle      000000018001ac40 f   sim1_rlti_varmax_gust2_sfun_registry.obj
 0001:00019cb0       _ssGetCurrentInputPortWidth 000000018001acb0 f   sim1_rlti_varmax_gust2_sfun_registry.obj
 0001:00019dd0       _ssGetCurrentOutputPortWidth 000000018001add0 f   sim1_rlti_varmax_gust2_sfun_registry.obj
 0001:00019ef0       _ssGetCallSystemNumFcnCallDestinations 000000018001aef0 f   sim1_rlti_varmax_gust2_sfun_registry.obj
 0001:00019f60       ssWarning                  000000018001af60 f   sim1_rlti_varmax_gust2_sfun_registry.obj
 0001:0001a070       ssGetIsZeroCrossControlDisabled 000000018001b070 f   sim1_rlti_varmax_gust2_sfun_registry.obj
 0001:0001a0e0       ssSetIsInputPortUsedForContZcSignal 000000018001b0e0 f   sim1_rlti_varmax_gust2_sfun_registry.obj
 0001:0001a150       ssSetZcSignalIsZcElementDisc 000000018001b150 f   sim1_rlti_varmax_gust2_sfun_registry.obj
 0001:0001a200       ssSetZcSignalName          000000018001b200 f   sim1_rlti_varmax_gust2_sfun_registry.obj
 0001:0001a270       ssSetZcSignalWidth         000000018001b270 f   sim1_rlti_varmax_gust2_sfun_registry.obj
 0001:0001a2e0       ssSetZcSignalZcEventType   000000018001b2e0 f   sim1_rlti_varmax_gust2_sfun_registry.obj
 0001:0001a350       ssSetZcSignalType          000000018001b350 f   sim1_rlti_varmax_gust2_sfun_registry.obj
 0001:0001a3c0       ssSetZcSignalZcTol         000000018001b3c0 f   sim1_rlti_varmax_gust2_sfun_registry.obj
 0001:0001a430       ssSetZcSignalNeedsEventNotification 000000018001b430 f   sim1_rlti_varmax_gust2_sfun_registry.obj
 0001:0001a4a0       ssCreateAndAddZcSignalInfo 000000018001b4a0 f   sim1_rlti_varmax_gust2_sfun_registry.obj
 0001:0001a510       ssCloneAndAddZcSignalInfo  000000018001b510 f   sim1_rlti_varmax_gust2_sfun_registry.obj
 0001:0001a580       ssGetNumZcSignals          000000018001b580 f   sim1_rlti_varmax_gust2_sfun_registry.obj
 0001:0001a5f0       ssGetZcSignalVector        000000018001b5f0 f   sim1_rlti_varmax_gust2_sfun_registry.obj
 0001:0001a660       ssGetZcSignalZcEvents      000000018001b660 f   sim1_rlti_varmax_gust2_sfun_registry.obj
 0001:0001a6d0       ssGetZcSignalName          000000018001b6d0 f   sim1_rlti_varmax_gust2_sfun_registry.obj
 0001:0001a740       ssGetZcSignalWidth         000000018001b740 f   sim1_rlti_varmax_gust2_sfun_registry.obj
 0001:0001a7b0       ssGetZcSignalZcEventType   000000018001b7b0 f   sim1_rlti_varmax_gust2_sfun_registry.obj
 0001:0001a820       ssGetZcSignalType          000000018001b820 f   sim1_rlti_varmax_gust2_sfun_registry.obj
 0001:0001a890       ssGetZcSignalZcTol         000000018001b890 f   sim1_rlti_varmax_gust2_sfun_registry.obj
 0001:0001a910       ssGetZcSignalNeedsEventNotification 000000018001b910 f   sim1_rlti_varmax_gust2_sfun_registry.obj
 0001:0001a980       ssGetZcSignalIsZcElementDisc 000000018001b980 f   sim1_rlti_varmax_gust2_sfun_registry.obj
 0001:0001aa20       ssGetIsInputPortElementContinuous 000000018001ba20 f   sim1_rlti_varmax_gust2_sfun_registry.obj
 0001:0001aac0       _ssGetInputPortSignalPtrsFcn 000000018001bac0 f   sim1_rlti_varmax_gust2_sfun_registry.obj
 0001:0001ad80       _ssGetInputPortSignalFcn   000000018001bd80 f   sim1_rlti_varmax_gust2_sfun_registry.obj
 0001:0001afa0       _ssSetInputPortDirectFeedThroughFcn 000000018001bfa0 f   sim1_rlti_varmax_gust2_sfun_registry.obj
 0001:0001b100       _ssSetInputPortReusableFcn 000000018001c100 f   sim1_rlti_varmax_gust2_sfun_registry.obj
 0001:0001b1f0       _ssSetOutputPortReusableFcn 000000018001c1f0 f   sim1_rlti_varmax_gust2_sfun_registry.obj
 0001:0001b2d0       ssGetDTypeIdFromMxArray    000000018001c2d0 f   sim1_rlti_varmax_gust2_sfun_registry.obj
 0001:0001b3f0       ssWriteRTWStr              000000018001c3f0 f   sim1_rlti_varmax_gust2_sfun_registry.obj
 0001:0001b450       ssWriteRTWMxVectParam      000000018001c450 f   sim1_rlti_varmax_gust2_sfun_registry.obj
 0001:0001b4b0       ssWriteRTWMx2dMatParam     000000018001c4b0 f   sim1_rlti_varmax_gust2_sfun_registry.obj
 0001:0001b530       ssWriteRTWNameValuePair    000000018001c530 f   sim1_rlti_varmax_gust2_sfun_registry.obj
 0001:0001ba20       ssWriteRTWParameters       000000018001ca20 f   sim1_rlti_varmax_gust2_sfun_registry.obj
 0001:0001c020       ssWriteRTWParamSettings    000000018001d020 f   sim1_rlti_varmax_gust2_sfun_registry.obj
 0001:0001c6f0       ssWriteRTWWorkVect         000000018001d6f0 f   sim1_rlti_varmax_gust2_sfun_registry.obj
 0001:0001cbf0       mexFunction                000000018001dbf0 f   sim1_rlti_varmax_gust2_sfun_registry.obj
 0001:0001e830       ProcessMexSfunctionEveryCall 000000018001f830 f   sim1_rlti_varmax_gust2_sfun_registry.obj
 0001:0001e9a0       sim1_rlti_varmax_gust2_initializer 000000018001f9a0 f   sim1_rlti_varmax_gust2_sfun.obj
 0001:0001e9b0       sim1_rlti_varmax_gust2_terminator 000000018001f9b0 f   sim1_rlti_varmax_gust2_sfun.obj
 0001:0001e9c0       sf_sim1_rlti_varmax_gust2_method_dispatcher 000000018001f9c0 f   sim1_rlti_varmax_gust2_sfun.obj
 0001:0001ea10       sf_sim1_rlti_varmax_gust2_process_check_sum_call 000000018001fa10 f   sim1_rlti_varmax_gust2_sfun.obj
 0001:0001ee20       sf_sim1_rlti_varmax_gust2_autoinheritance_info 000000018001fe20 f   sim1_rlti_varmax_gust2_sfun.obj
 0001:0001ef90       sf_sim1_rlti_varmax_gust2_get_eml_resolved_functions_info 000000018001ff90 f   sim1_rlti_varmax_gust2_sfun.obj
 0001:0001f0c0       sim1_rlti_varmax_gust2_debug_initialize 00000001800200c0 f   sim1_rlti_varmax_gust2_sfun.obj
 0001:0001f130       sim1_rlti_varmax_gust2_register_exported_symbols 0000000180020130 f   sim1_rlti_varmax_gust2_sfun.obj
 0001:0001f140       load_sim1_rlti_varmax_gust2_optimization_info 0000000180020140 f   sim1_rlti_varmax_gust2_sfun.obj
 0001:0001f190       unload_sim1_rlti_varmax_gust2_optimization_info 0000000180020190 f   sim1_rlti_varmax_gust2_sfun.obj
 0001:0001f260       sf_mex_mx_is_numeric       0000000180020260 f   sfc_mex:sfc_mex.obj
 0001:0001f2a0       strcmp_ignore_ws           00000001800202a0 f   sfc_mex:sfc_mex.obj
 0001:0001f3e0       sf_mex_duplicatearraysafe  00000001800203e0 f   sfc_mex:sfc_mex.obj
 0001:0001f540       sf_set_error_debugger_context_message_fcn 0000000180020540 f   sfc_mex:sfc_mex.obj
 0001:0001f550       sf_set_debugger_matlab_error_fcn 0000000180020550 f   sfc_mex:sfc_mex.obj
 0001:0001f580       sf_set_error_prefix_string 0000000180020580 f   sfc_mex:sfc_mex.obj
 0001:0001f5b0       sf_get_error_prefix_string 00000001800205b0 f   sfc_mex:sfc_mex.obj
 0001:0001f5c0       sf_mex_enter_parallel_region 00000001800205c0 f   sfc_mex:sfc_mex.obj
 0001:0001f5d0       sf_mex_exit_parallel_region 00000001800205d0 f   sfc_mex:sfc_mex.obj
 0001:0001f5e0       sf_get_current_jmp_buf_ptr 00000001800205e0 f   sfc_mex:sfc_mex.obj
 0001:0001f5f0       sf_set_current_jmp_buf_ptr 00000001800205f0 f   sfc_mex:sfc_mex.obj
 0001:0001f600       sf_mex_set_halt_simulation 0000000180020600 f   sfc_mex:sfc_mex.obj
 0001:0001f610       sf_mex_get_halt_simulation 0000000180020610 f   sfc_mex:sfc_mex.obj
 0001:0001f620       sf_mex_clear_error_message 0000000180020620 f   sfc_mex:sfc_mex.obj
 0001:0001f640       sf_mex_get_error_message_for_read 0000000180020640 f   sfc_mex:sfc_mex.obj
 0001:0001f650       sf_mex_get_error_message_buffer_length 0000000180020650 f   sfc_mex:sfc_mex.obj
 0001:0001f730       sf_mex_warning_message     0000000180020730 f   sfc_mex:sfc_mex.obj
 0001:0001f7a0       sf_mex_v_errbuf_createf    00000001800207a0 f   sfc_mex:sfc_mex.obj
 0001:0001f7b0       sf_mex_errbuf_createf      00000001800207b0 f   sfc_mex:sfc_mex.obj
 0001:0001f7e0       sf_mex_v_errbuf_catf       00000001800207e0 f   sfc_mex:sfc_mex.obj
 0001:0001f820       sf_mex_errbuf_catf         0000000180020820 f   sfc_mex:sfc_mex.obj
 0001:0001f870       sf_mex_errbuf_copy         0000000180020870 f   sfc_mex:sfc_mex.obj
 0001:0001f880       sf_mex_errbuf_clear        0000000180020880 f   sfc_mex:sfc_mex.obj
 0001:0001f890       sf_mex_errbuf_isempty      0000000180020890 f   sfc_mex:sfc_mex.obj
 0001:0001f9a0       sf_mex_set_error_status    00000001800209a0 f   sfc_mex:sfc_mex.obj
 0001:0001f9f0       sf_mex_error_direct_call   00000001800209f0 f   sfc_mex:sfc_mex.obj
 0001:0001fa10       sf_mex_error_message_no_long_jump 0000000180020a10 f   sfc_mex:sfc_mex.obj
 0001:0001fa30       sf_mex_long_jump_on_error  0000000180020a30 f   sfc_mex:sfc_mex.obj
 0001:0001fa60       sf_mex_call_matlab         0000000180020a60 f   sfc_mex:sfc_mex.obj
 0001:0001fb80       sf_mex_check_builtin       0000000180020b80 f   sfc_mex:sfc_mex.obj
 0001:0001fbc0       sf_mex_check_builtin_vs    0000000180020bc0 f   sfc_mex:sfc_mex.obj
 0001:0001fc20       sf_mex_check_enum          0000000180020c20 f   sfc_mex:sfc_mex.obj
 0001:0001fc50       sf_mex_create_enum         0000000180020c50 f   sfc_mex:sfc_mex.obj
 0001:0001fc70       sf_mex_get_enum_element    0000000180020c70 f   sfc_mex:sfc_mex.obj
 0001:0001fc80       sf_mex_createcellarray     0000000180020c80 f   sfc_mex:sfc_mex.obj
 0001:0001fc90       sf_mex_setcell             0000000180020c90 f   sfc_mex:sfc_mex.obj
 0001:0001fca0       sf_mex_getcell             0000000180020ca0 f   sfc_mex:sfc_mex.obj
 0001:0001fcb0       sf_mex_dup                 0000000180020cb0 f   sfc_mex:sfc_mex.obj
 0001:0001fcd0       sf_mex_assign              0000000180020cd0 f   sfc_mex:sfc_mex.obj
 0001:0001fd50       sf_mex_destroy             0000000180020d50 f   sfc_mex:sfc_mex.obj
 0001:0001fd80       mx_array_has_fi_type       0000000180020d80 f   sfc_mex:sfc_mex.obj
 0001:0001fdb0       sf_mex_convert_from_fi     0000000180020db0 f   sfc_mex:sfc_mex.obj
 0001:0001fe60       sf_mex_convert_to_double   0000000180020e60 f   sfc_mex:sfc_mex.obj
 0001:0001ff80       sf_mex_import_fi_vs        0000000180020f80 f   sfc_mex:sfc_mex.obj
 0001:00020140       sf_matrix_matrix_index_ok  0000000180021140 f   sfc_mex:sfc_mex.obj
 0001:000201d0       sf_vector_vector_index_ok  00000001800211d0 f   sfc_mex:sfc_mex.obj
 0001:00020200       ssGetCurrentInputPortDimensions_wrapper 0000000180021200 f   sfc_mex:sfc_mex.obj
 0001:00020220       ssGetCurrentOutputPortDimensions_wrapper 0000000180021220 f   sfc_mex:sfc_mex.obj
 0001:00020240       sf_mex_emlrt_context_is_debug_mode 0000000180021240 f   sfc_mex:sfc_mex.obj
 0001:00020250       sf_mex_emlrt_context_set_debug_mode 0000000180021250 f   sfc_mex:sfc_mex.obj
 0001:000202c0       sf_clear_error_manager_info 00000001800212c0 f   sfc_mex:sfc_mex.obj
 0001:00020320       sf_mex_stop_simulation_abruptly_wo_error 0000000180021320 f   sfc_mex:sfc_mex.obj
 0001:00020360       sf_mex_error_message       0000000180021360 f   sfc_mex:sfc_mex.obj
 0001:000203c0       sf_react_to_error_in_matlab_call 00000001800213c0 f   sfc_mex:sfc_mex.obj
 0001:000203f0       sf_mex_addfield            00000001800213f0 f   sfc_mex:sfc_mex.obj
 0001:00020490       sf_mex_getfield            0000000180021490 f   sfc_mex:sfc_mex.obj
 0001:00020790       sf_mex_check_class         0000000180021790 f   sfc_mex:sfc_mex.obj
 0001:00020880       sf_mex_is_real             0000000180021880 f   sfc_mex:sfc_mex.obj
 0001:00020cf0       sf_mex_decode_encoded_mx_struct_array 0000000180021cf0 f   sfc_mex:sfc_mex.obj
 0001:00020fd0       sf_mex_lw_bounds_check     0000000180021fd0 f   sfc_mex:sfc_mex.obj
 0001:00021000       sf_mex_lw_size_eq_check_1d 0000000180022000 f   sfc_mex:sfc_mex.obj
 0001:00021020       sf_mex_lw_size_eq_check_nd 0000000180022020 f   sfc_mex:sfc_mex.obj
 0001:00021200       sf_mex_lw_dim_size_eq_check 0000000180022200 f   sfc_mex:sfc_mex.obj
 0001:00021230       sf_mex_lw_dim_size_geq_check 0000000180022230 f   sfc_mex:sfc_mex.obj
 0001:00021260       sf_mex_lw_sub_assign_size_check_nd 0000000180022260 f   sfc_mex:sfc_mex.obj
 0001:00021490       sf_mex_lw_runtime_error_msgid 0000000180022490 f   sfc_mex:sfc_mex.obj
 0001:00021580       sf_mex_lw_matrix_matrix_index_check 0000000180022580 f   sfc_mex:sfc_mex.obj
 0001:000215a0       sf_mex_lw_vector_vector_index_check 00000001800225a0 f   sfc_mex:sfc_mex.obj
 0001:000215e0       sf_mex_lw_for_loop_vector_check 00000001800225e0 f   sfc_mex:sfc_mex.obj
 0001:00021660       sf_mex_lw_non_negative_check 0000000180022660 f   sfc_mex:sfc_mex.obj
 0001:000216a0       sf_mex_overflow_error      00000001800226a0 f   sfc_mex:sfc_mex.obj
 0001:000216b0       sf_mex_dividebyzero_error  00000001800226b0 f   sfc_mex:sfc_mex.obj
 0001:000216c0       sf_mex_unsafe_enum_error   00000001800226c0 f   sfc_mex:sfc_mex.obj
 0001:000216d0       sf_emlrtErrHandler         00000001800226d0 f   sfc_mex:sfc_mex.obj
 0001:000217b0       sf_mex_printf              00000001800227b0 f   sfc_mex:sfc_mex.obj
 0001:00021980       sf_mex_check_size          0000000180022980 f   sfc_mex:sfc_mex.obj
 0001:00021c50       sf_mex_check_struct        0000000180022c50 f   sfc_mex:sfc_mex.obj
 0001:00021eb0       sf_mex_check_struct_vs     0000000180022eb0 f   sfc_mex:sfc_mex.obj
 0001:00021f40       sf_mex_check_fi            0000000180022f40 f   sfc_mex:sfc_mex.obj
 0001:00022040       sf_mex_check_fi_vs         0000000180023040 f   sfc_mex:sfc_mex.obj
 0001:000220e0       sf_echo_expression         00000001800230e0 f   sfc_mex:sfc_mex.obj
 0001:00022140       sf_assertion_failed        0000000180023140 f   sfc_mex:sfc_mex.obj
 0001:00022420       sf_mex_evalin              0000000180023420 f   sfc_mex:sfc_mex.obj
 0001:00022690       sf_mex_export              0000000180023690 f   sfc_mex:sfc_mex.obj
 0001:00022750       sf_mex_get_ml_var_no_error 0000000180023750 f   sfc_mex:sfc_mex.obj
 0001:000228f0       sf_mex_get_ml_var          00000001800238f0 f   sfc_mex:sfc_mex.obj
 0001:00022d90       ml_set_element_value_in_array 0000000180023d90 f   sfc_mex:sfc_mex.obj
 0001:00024460       sf_mex_call_impl           0000000180025460 f   sfc_mex:sfc_mex.obj
 0001:00024990       sf_mex_call_debug          0000000180025990 f   sfc_mex:sfc_mex.obj
 0001:000249c0       sf_mex_call                00000001800259c0 f   sfc_mex:sfc_mex.obj
 0001:00025010       sf_mex_createstruct        0000000180026010 f   sfc_mex:sfc_mex.obj
 0001:00025100       sf_mex_createstructarray   0000000180026100 f   sfc_mex:sfc_mex.obj
 0001:00025180       sf_mex_get_mx_datatype_from_sf_datatype 0000000180026180 f   sfc_mex:sfc_mex.obj
 0001:00025490       sf_mex_ml_var_sub          0000000180026490 f   sfc_mex:sfc_mex.obj
 0001:00025660       sf_mex_ml_var_subsasgn     0000000180026660 f   sfc_mex:sfc_mex.obj
 0001:00025a50       sf_mex_sub                 0000000180026a50 f   sfc_mex:sfc_mex.obj
 0001:00025c50       sf_mex_subsasgn            0000000180026c50 f   sfc_mex:sfc_mex.obj
 0001:00026130       sf_mex_create              0000000180027130 f   sfc_mex:sfc_mex.obj
 0001:00026b80       sf_mex_import_named        0000000180027b80 f   sfc_mex:sfc_mex.obj
 0001:00026be0       sf_mex_import              0000000180027be0 f   sfc_mex:sfc_mex.obj
 0001:00026c30       sf_mex_import_vs           0000000180027c30 f   sfc_mex:sfc_mex.obj
 0001:00026d40       sf_mex_lower_fixpt_mx_array 0000000180027d40 f   sfc_mex:sfc_mex.obj
 0001:00027030       sf_send_message_wrapper    0000000180028030 f   sfc_mex:sfc_sf.obj
 0001:00027060       sf_receive_message_wrapper 0000000180028060 f   sfc_mex:sfc_sf.obj
 0001:000270a0       sf_check_out_message_wrapper 00000001800280a0 f   sfc_mex:sfc_sf.obj
 0001:000270e0       sf_check_in_message_wrapper 00000001800280e0 f   sfc_mex:sfc_sf.obj
 0001:00027120       sf_no_message_wrapper      0000000180028120 f   sfc_mex:sfc_sf.obj
 0001:00027460       sim_mode_is_rtw_gen        0000000180028460 f   sfc_mex:sfc_sf.obj
 0001:00027490       sim_mode_is_external       0000000180028490 f   sfc_mex:sfc_sf.obj
 0001:000274a0       sim_mode_is_modelref_sim   00000001800284a0 f   sfc_mex:sfc_sf.obj
 0001:000274c0       mdlInitializeSizes         00000001800284c0 f   sfc_mex:sfc_sf.obj
 0001:000274e0       mdlInitializeSampleTimes   00000001800284e0 f   sfc_mex:sfc_sf.obj
 0001:00027520       mdlZeroCrossings           0000000180028520 f   sfc_mex:sfc_sf.obj
 0001:00027600       mdlDerivatives             0000000180028600 f   sfc_mex:sfc_sf.obj
 0001:000276b0       mdl_initialize_conditions_processing 00000001800286b0 f   sfc_mex:sfc_sf.obj
 0001:000276e0       mdlInitializeConditions    00000001800286e0 f   sfc_mex:sfc_sf.obj
 0001:000277a0       mdlGetSimState             00000001800287a0 f   sfc_mex:sfc_sf.obj
 0001:000277b0       mdlSetSimState             00000001800287b0 f   sfc_mex:sfc_sf.obj
 0001:000277c0       mdl_ext_mode_exec_processing 00000001800287c0 f   sfc_mex:sfc_sf.obj
 0001:000277e0       mdlExtModeExec             00000001800287e0 f   sfc_mex:sfc_sf.obj
 0001:00027970       mdlTerminate               0000000180028970 f   sfc_mex:sfc_sf.obj
 0001:000279e0       mdlRTW                     00000001800289e0 f   sfc_mex:sfc_sf.obj
 0001:00027a10       mdlSetWorkWidths           0000000180028a10 f   sfc_mex:sfc_sf.obj
 0001:00027a20       mdlProcessParameters       0000000180028a20 f   sfc_mex:sfc_sf.obj
 0001:00027a30       mdl_start_processing       0000000180028a30 f   sfc_mex:sfc_sf.obj
 0001:00027a70       mdlStart                   0000000180028a70 f   sfc_mex:sfc_sf.obj
 0001:00027b60       mdlEnable                  0000000180028b60 f   sfc_mex:sfc_sf.obj
 0001:00027c30       mdlDisable                 0000000180028c30 f   sfc_mex:sfc_sf.obj
 0001:00027ce0       sf_get_chart_instance_ptr  0000000180028ce0 f   sfc_mex:sfc_sf.obj
 0001:00027d00       sf_load_rtw_optimization_info 0000000180028d00 f   sfc_mex:sfc_sf.obj
 0001:00027dd0       sf_rtw_info_uint_prop      0000000180028dd0 f   sfc_mex:sfc_sf.obj
 0001:00027f20       sf_is_chart_inlinable      0000000180028f20 f   sfc_mex:sfc_sf.obj
 0001:00027f30       sf_mark_output_events_with_multiple_callers 0000000180028f30 f   sfc_mex:sfc_sf.obj
 0001:000280b0       sf_mark_chart_reusable_outputs 00000001800290b0 f   sfc_mex:sfc_sf.obj
 0001:000282f0       sf_mark_chart_expressionable_inputs 00000001800292f0 f   sfc_mex:sfc_sf.obj
 0001:00028550       sf_get_subchart_simstruct  0000000180029550 f   sfc_mex:sfc_sf.obj
 0001:000285a0       sf_get_fixpt_data_type_id  00000001800295a0 f   sfc_mex:sfc_sf.obj
 0001:000285e0       sf_get_enum_data_type_id   00000001800295e0 f   sfc_mex:sfc_sf.obj
 0001:00028620       sf_get_param_data_type_id  0000000180029620 f   sfc_mex:sfc_sf.obj
 0001:00028650       sf_mex_listen_for_ctrl_c_force 0000000180029650 f   sfc_mex:sfc_sf.obj
 0001:00028760       sf_mex_draw_now            0000000180029760 f   sfc_mex:sfc_sf.obj
 0001:000287a0       sf_mex_set_debugger_sim_status_listener_fcn 00000001800297a0 f   sfc_mex:sfc_sf.obj
 0001:000287b0       sf_mex_listen_for_ctrl_c   00000001800297b0 f   sfc_mex:sfc_sf.obj
 0001:00028840       sf_mex_get_sfun_param      0000000180029840 f   sfc_mex:sfc_sf.obj
 0001:00028890       sf_get_runtime_param_data  0000000180029890 f   sfc_mex:sfc_sf.obj
 0001:000288d0       sf_call_output_fcn_call    00000001800298d0 f   sfc_mex:sfc_sf.obj
 0001:00028a10       sf_call_output_fcn_enable  0000000180029a10 f   sfc_mex:sfc_sf.obj
 0001:00028aa0       sf_call_output_fcn_disable 0000000180029aa0 f   sfc_mex:sfc_sf.obj
 0001:00028b30       sf_clear_rtw_identifier    0000000180029b30 f   sfc_mex:sfc_sf.obj
 0001:00029320       sf_set_encoded_dwork_info  000000018002a320 f   sfc_mex:sfc_sf.obj
 0001:00029370       sf_get_dwork_info_from_mat_file 000000018002a370 f   sfc_mex:sfc_sf.obj
 0001:00029530       sf_set_rtw_dwork_info      000000018002a530 f   sfc_mex:sfc_sf.obj
 0001:00029680       mdlOutputs                 000000018002a680 f   sfc_mex:sfc_sf.obj
 0001:00029820       sf_debug_disp              000000018002a820 f   sfc_debug:sfcdebug.obj
 0001:00029a80       sf_debug_data_runtime_size_mismatch_error_check 000000018002aa80 f   sfc_debug:sfcdebug.obj
 0001:00029b20       sf_debug_try_loading_machine 000000018002ab20 f   sfc_debug:sfcdebug.obj
 0001:00029c20       sf_debug_reset_current_state_configuration 000000018002ac20 f   sfc_debug:sfcdebug.obj
 0001:00029cb0       sf_debug_store_current_state_configuration 000000018002acb0 f   sfc_debug:sfcdebug.obj
 0001:00029d40       sf_debug_restore_previous_state_configuration 000000018002ad40 f   sfc_debug:sfcdebug.obj
 0001:00029dd0       sf_debug_restore_previous_state_configuration2 000000018002add0 f   sfc_debug:sfcdebug.obj
 0001:00029e60       sf_debug_get_event_scope   000000018002ae60 f   sfc_debug:sfcdebug.obj
 0001:00029fd0       use_debugger_step_animation 000000018002afd0 f   sfc_debug:sfcdebug.obj
 0001:00029ff0       sf_debug_get_script_id     000000018002aff0 f   sfc_debug:sfcdebug.obj
 0001:0002a080       sf_debug_set_script_translation 000000018002b080 f   sfc_debug:sfcdebug.obj
 0001:0002a140       sf_debug_get_current_machine_id 000000018002b140 f   sfc_debug:sfcdebug.obj
 0001:0002a160       sf_debug_get_current_optional_integer 000000018002b160 f   sfc_debug:sfcdebug.obj
 0001:0002a170       sf_debug_get_current_machine_number 000000018002b170 f   sfc_debug:sfcdebug.obj
 0001:0002a190       sf_debug_get_current_machine_name 000000018002b190 f   sfc_debug:sfcdebug.obj
 0001:0002a1b0       sf_debug_get_current_chart_id 000000018002b1b0 f   sfc_debug:sfcdebug.obj
 0001:0002a200       sf_debug_get_current_chart_number 000000018002b200 f   sfc_debug:sfcdebug.obj
 0001:0002a210       sf_debug_get_current_instance_number 000000018002b210 f   sfc_debug:sfcdebug.obj
 0001:0002a220       sf_debug_get_current_is_minor_time_step 000000018002b220 f   sfc_debug:sfcdebug.obj
 0001:0002a2a0       sf_debug_get_current_object_type 000000018002b2a0 f   sfc_debug:sfcdebug.obj
 0001:0002a2b0       sf_debug_get_current_instance_handle 000000018002b2b0 f   sfc_debug:sfcdebug.obj
 0001:0002a310       sf_debug_get_current_event_type 000000018002b310 f   sfc_debug:sfcdebug.obj
 0001:0002a320       sf_debug_get_current_object_id 000000018002b320 f   sfc_debug:sfcdebug.obj
 0001:0002a360       sf_debug_get_current_active_event_type 000000018002b360 f   sfc_debug:sfcdebug.obj
 0001:0002a370       sf_debug_get_current_active_event_id 000000018002b370 f   sfc_debug:sfcdebug.obj
 0001:0002a3b0       sf_debug_get_current_tag_type 000000018002b3b0 f   sfc_debug:sfcdebug.obj
 0001:0002a3c0       sf_debug_get_current_simulation_time 000000018002b3c0 f   sfc_debug:sfcdebug.obj
 0001:0002a3d0       sf_debug_get_current_coverage_percentage 000000018002b3d0 f   sfc_debug:sfcdebug.obj
 0001:0002a3e0       sf_debug_current_statement_context 000000018002b3e0 f   sfc_debug:sfcdebug.obj
 0001:0002a470       sf_debug_get_current_statement_info 000000018002b470 f   sfc_debug:sfcdebug.obj
 0001:0002a5f0       sf_debug_terminate_instance 000000018002b5f0 f   sfc_debug:sfcdebug.obj
 0001:0002a900       sf_debug_assertion_failed  000000018002b900 f   sfc_debug:sfcdebug.obj
 0001:0002aab0       sf_debug_set_number_of_data_with_change_event_for_machine 000000018002bab0 f   sfc_debug:sfcdebug.obj
 0001:0002aaf0       sf_debug_set_machine_event_thresholds 000000018002baf0 f   sfc_debug:sfcdebug.obj
 0001:0002ab10       sf_debug_set_machine_event_scope 000000018002bb10 f   sfc_debug:sfcdebug.obj
 0001:0002ab50       sf_debug_set_machine_data_thresholds 000000018002bb50 f   sfc_debug:sfcdebug.obj
 0001:0002ab90       sf_debug_set_machine_data_scope 000000018002bb90 f   sfc_debug:sfcdebug.obj
 0001:0002ac20       sf_debug_set_machine_data_name 000000018002bc20 f   sfc_debug:sfcdebug.obj
 0001:0002acc0       sf_debug_set_machine_data_size 000000018002bcc0 f   sfc_debug:sfcdebug.obj
 0001:0002ae00       sf_debug_set_machine_data_type 000000018002be00 f   sfc_debug:sfcdebug.obj
 0001:0002af70       sf_debug_get_chart_data_number 000000018002bf70 f   sfc_debug:sfcdebug.obj
 0001:0002af90       sf_debug_get_chart_event_number 000000018002bf90 f   sfc_debug:sfcdebug.obj
 0001:0002afb0       sf_debug_set_chart_state_info 000000018002bfb0 f   sfc_debug:sfcdebug.obj
 0001:0002b030       sf_debug_set_chart_decomposition 000000018002c030 f   sfc_debug:sfcdebug.obj
 0001:0002b0a0       sf_debug_set_chart_substate_count 000000018002c0a0 f   sfc_debug:sfcdebug.obj
 0001:0002b180       sf_debug_set_chart_substate_index 000000018002c180 f   sfc_debug:sfcdebug.obj
 0001:0002b1f0       sf_debug_set_chart_state_substate_count 000000018002c1f0 f   sfc_debug:sfcdebug.obj
 0001:0002b300       sf_debug_set_chart_state_substate_index 000000018002c300 f   sfc_debug:sfcdebug.obj
 0001:0002b380       sf_debug_set_number_of_data_with_change_event_for_chart 000000018002c380 f   sfc_debug:sfcdebug.obj
 0001:0002b400       sf_debug_set_number_of_states_with_entry_event_for_chart 000000018002c400 f   sfc_debug:sfcdebug.obj
 0001:0002b470       sf_debug_set_number_of_states_with_exit_event_for_chart 000000018002c470 f   sfc_debug:sfcdebug.obj
 0001:0002b4e0       sf_debug_set_chart_disable_implicit_casting 000000018002c4e0 f   sfc_debug:sfcdebug.obj
 0001:0002b550       sf_debug_set_chart_event_thresholds 000000018002c550 f   sfc_debug:sfcdebug.obj
 0001:0002b5c0       sf_debug_set_chart_data_compiled_props 000000018002c5c0 f   sfc_debug:sfcdebug.obj
 0001:0002b910       sf_debug_set_chart_data_props 000000018002c910 f   sfc_debug:sfcdebug.obj
 0001:0002bc30       sf_debug_check_fi_license  000000018002cc30 f   sfc_debug:sfcdebug.obj
 0001:0002be20       sf_debug_symbol_scope_push 000000018002ce20 f   sfc_debug:sfcdebug.obj
 0001:0002be60       sf_debug_symbol_scope_push_eml 000000018002ce60 f   sfc_debug:sfcdebug.obj
 0001:0002beb0       sf_debug_symbol_scope_pop  000000018002ceb0 f   sfc_debug:sfcdebug.obj
 0001:0002bef0       sf_debug_symbol_scope_add_importable 000000018002cef0 f   sfc_debug:sfcdebug.obj
 0001:0002bf70       sf_debug_symbol_scope_add  000000018002cf70 f   sfc_debug:sfcdebug.obj
 0001:0002bff0       sf_debug_symbol_scope_add_dyn_importable 000000018002cff0 f   sfc_debug:sfcdebug.obj
 0001:0002c0b0       sf_debug_symbol_scope_add_dyn 000000018002d0b0 f   sfc_debug:sfcdebug.obj
 0001:0002c0e0       sf_debug_symbol_scope_add_eml_importable 000000018002d0e0 f   sfc_debug:sfcdebug.obj
 0001:0002c120       sf_debug_symbol_scope_add_eml 000000018002d120 f   sfc_debug:sfcdebug.obj
 0001:0002c160       sf_debug_symbol_scope_add_eml_dyn_importable 000000018002d160 f   sfc_debug:sfcdebug.obj
 0001:0002c1d0       sf_debug_symbol_scope_add_eml_dyn 000000018002d1d0 f   sfc_debug:sfcdebug.obj
 0001:0002c230       sf_debug_symbol_switch     000000018002d230 f   sfc_debug:sfcdebug.obj
 0001:0002c250       sf_debug_symbol_scope_add_verbose 000000018002d250 f   sfc_debug:sfcdebug.obj
 0001:0002c320       sf_debug_set_machine_data_value_ptr 000000018002d320 f   sfc_debug:sfcdebug.obj
 0001:0002c360       sf_debug_set_instance_data_value_ptr 000000018002d360 f   sfc_debug:sfcdebug.obj
 0001:0002c420       sf_debug_unset_instance_data_value_ptr 000000018002d420 f   sfc_debug:sfcdebug.obj
 0001:0002c4d0       sf_debug_set_chart_event_scope 000000018002d4d0 f   sfc_debug:sfcdebug.obj
 0001:0002c550       sf_debug_set_chart_transition_coverage_maps 000000018002d550 f   sfc_debug:sfcdebug.obj
 0001:0002c660       sf_debug_set_chart_state_coverage_maps 000000018002d660 f   sfc_debug:sfcdebug.obj
 0001:0002c740       sf_debug_set_instance_transition_coverage_weights 000000018002d740 f   sfc_debug:sfcdebug.obj
 0001:0002c7e0       sf_debug_set_instance_state_coverage_weights 000000018002d7e0 f   sfc_debug:sfcdebug.obj
 0001:0002ca30       sf_debug_unload_machine    000000018002da30 f   sfc_debug:sfcdebug.obj
 0001:0002ca80       sf_debug_load_machine      000000018002da80 f   sfc_debug:sfcdebug.obj
 0001:0002cb80       sf_debug_set_active_instance_in_data_dictionary 000000018002db80 f   sfc_debug:sfcdebug.obj
 0001:0002cd60       sf_debug_set_active_instance 000000018002dd60 f   sfc_debug:sfcdebug.obj
 0001:0002cea0       sf_debug_chart_visiblity_change 000000018002dea0 f   sfc_debug:sfcdebug.obj
 0001:0002cf80       sf_debug_select_chart      000000018002df80 f   sfc_debug:sfcdebug.obj
 0001:0002d050       sf_debug_set_instance_cv_ids 000000018002e050 f   sfc_debug:sfcdebug.obj
 0001:0002d360       sf_debug_select_charts     000000018002e360 f   sfc_debug:sfcdebug.obj
 0001:0002d4a0       sf_debug_initialized       000000018002e4a0 f   sfc_debug:sfcdebug.obj
 0001:0002d4b0       sf_debug_is_uninterruptible 000000018002e4b0 f   sfc_debug:sfcdebug.obj
 0001:0002d4e0       sf_debug_initialize_debugger_gui 000000018002e4e0 f   sfc_debug:sfcdebug.obj
 0001:0002d8d0       sf_debug_resume            000000018002e8d0 f   sfc_debug:sfcdebug.obj
 0001:0002d8f0       sf_debug_go                000000018002e8f0 f   sfc_debug:sfcdebug.obj
 0001:0002d900       sf_debug_break             000000018002e900 f   sfc_debug:sfcdebug.obj
 0001:0002d910       sf_debug_step_over         000000018002e910 f   sfc_debug:sfcdebug.obj
 0001:0002d920       sf_debug_step_out          000000018002e920 f   sfc_debug:sfcdebug.obj
 0001:0002d930       sf_debug_set_disable_all_breakpoints 000000018002e930 f   sfc_debug:sfcdebug.obj
 0001:0002d940       sf_debug_disable_all_breakpoints_and_go 000000018002e940 f   sfc_debug:sfcdebug.obj
 0001:0002d950       sf_debug_break_on_chart_entry 000000018002e950 f   sfc_debug:sfcdebug.obj
 0001:0002d960       sf_debug_break_on_event_broadcast 000000018002e960 f   sfc_debug:sfcdebug.obj
 0001:0002d970       sf_debug_break_on_state_entry 000000018002e970 f   sfc_debug:sfcdebug.obj
 0001:0002d980       sf_debug_break_between_times 000000018002e980 f   sfc_debug:sfcdebug.obj
 0001:0002d9a0       sf_debug_browse_data       000000018002e9a0 f   sfc_debug:sfcdebug.obj
 0001:0002d9c0       sf_debug_watch_data        000000018002e9c0 f   sfc_debug:sfcdebug.obj
 0001:0002d9e0       sf_debug_assign_data       000000018002e9e0 f   sfc_debug:sfcdebug.obj
 0001:0002da00       sf_debug_whos              000000018002ea00 f   sfc_debug:sfcdebug.obj
 0001:0002da20       sf_debug_get_consistency_info 000000018002ea20 f   sfc_debug:sfcdebug.obj
 0001:0002da30       sf_debug_browse_trace      000000018002ea30 f   sfc_debug:sfcdebug.obj
 0001:0002da40       sf_debug_set_breakpoints   000000018002ea40 f   sfc_debug:sfcdebug.obj
 0001:0002dba0       sf_debug_set_eml_breakpoints 000000018002eba0 f   sfc_debug:sfcdebug.obj
 0001:0002dd00       sf_debug_set_script_breakpoints 000000018002ed00 f   sfc_debug:sfcdebug.obj
 0001:0002dd80       sf_debug_add_script_breakpoints 000000018002ed80 f   sfc_debug:sfcdebug.obj
 0001:0002ddf0       sf_debug_clear_script_breakpoints 000000018002edf0 f   sfc_debug:sfcdebug.obj
 0001:0002de60       sf_debug_query_script_breakpoints 000000018002ee60 f   sfc_debug:sfcdebug.obj
 0001:0002df20       sf_debug_get_eml_script_id 000000018002ef20 f   sfc_debug:sfcdebug.obj
 0001:0002df70       sf_debug_set_watch         000000018002ef70 f   sfc_debug:sfcdebug.obj
 0001:0002e1a0       sf_debug_get_instance_handle 000000018002f1a0 f   sfc_debug:sfcdebug.obj
 0001:0002e230       sf_debug_get_active_states 000000018002f230 f   sfc_debug:sfcdebug.obj
 0001:0002e240       sf_debug_get_animation     000000018002f240 f   sfc_debug:sfcdebug.obj
 0001:0002e250       sf_debug_set_animation     000000018002f250 f   sfc_debug:sfcdebug.obj
 0001:0002e260       sf_debug_animate           000000018002f260 f   sfc_debug:sfcdebug.obj
 0001:0002e290       sf_debug_cycle_detection_check 000000018002f290 f   sfc_debug:sfcdebug.obj
 0001:0002e2a0       sf_debug_data_range_check  000000018002f2a0 f   sfc_debug:sfcdebug.obj
 0001:0002e2b0       sf_debug_transition_conflict_check 000000018002f2b0 f   sfc_debug:sfcdebug.obj
 0001:0002e2c0       sf_debug_state_consistency_check 000000018002f2c0 f   sfc_debug:sfcdebug.obj
 0001:0002e2d0       sf_debug_data_range_check_enabled 000000018002f2d0 f   sfc_debug:sfcdebug.obj
 0001:0002e2f0       sf_debug_transition_conflict_check_enabled 000000018002f2f0 f   sfc_debug:sfcdebug.obj
 0001:0002e310       sf_debug_transition_conflict_check_begin 000000018002f310 f   sfc_debug:sfcdebug.obj
 0001:0002e330       sf_debug_transition_conflict_check_end 000000018002f330 f   sfc_debug:sfcdebug.obj
 0001:0002e350       sf_debug_stop_debugging    000000018002f350 f   sfc_debug:sfcdebug.obj
 0001:0002e380       sf_debug_is_cycle_detected 000000018002f380 f   sfc_debug:sfcdebug.obj
 0001:0002e390       sf_debug_is_array_bounds_detected 000000018002f390 f   sfc_debug:sfcdebug.obj
 0001:0002e3a0       sf_debug_get_state_vectors_data_size 000000018002f3a0 f   sfc_debug:sfcdebug.obj
 0001:0002e3e0       sf_debug_get_state_vectors_data 000000018002f3e0 f   sfc_debug:sfcdebug.obj
 0001:0002e4e0       sf_debug_set_state_vectors_data 000000018002f4e0 f   sfc_debug:sfcdebug.obj
 0001:0002e7a0       sf_debug_get_script_index  000000018002f7a0 f   sfc_debug:sfcdebug.obj
 0001:0002e930       sf_debug_add_script        000000018002f930 f   sfc_debug:sfcdebug.obj
 0001:0002eac0       cv_eval_point              000000018002fac0 f   sfc_debug:sfcdebug.obj
 0001:0002ec30       sf_debug_cv_init_state     000000018002fc30 f   sfc_debug:sfcdebug.obj
 0001:0002ed50       sf_debug_cv_init_chart     000000018002fd50 f   sfc_debug:sfcdebug.obj
 0001:0002ee30       sf_debug_cv_init_trans     000000018002fe30 f   sfc_debug:sfcdebug.obj
 0001:0002f010       cv_eml_init_script         0000000180030010 f   sfc_debug:sfcdebug.obj
 0001:0002f110       cv_eml_init_fcn            0000000180030110 f   sfc_debug:sfcdebug.obj
 0001:0002f1c0       cv_eml_init_testobjective  00000001800301c0 f   sfc_debug:sfcdebug.obj
 0001:0002f290       cv_eml_init_if             0000000180030290 f   sfc_debug:sfcdebug.obj
 0001:0002f360       cv_eml_init_for            0000000180030360 f   sfc_debug:sfcdebug.obj
 0001:0002f420       cv_eml_init_while          0000000180030420 f   sfc_debug:sfcdebug.obj
 0001:0002f4e0       cv_eml_init_mcdc           00000001800304e0 f   sfc_debug:sfcdebug.obj
 0001:0002f5f0       cv_eml_init_switch         00000001800305f0 f   sfc_debug:sfcdebug.obj
 0001:0002f6e0       cv_eml_eval                00000001800306e0 f   sfc_debug:sfcdebug.obj
 0001:0002f7c0       sf_debug_bm_is_a_eml_breakpoint 00000001800307c0 f   sfc_debug:sfcdebug.obj
 0001:0002f910       sf_debug_temporal_threshold 0000000180030910 f   sfc_debug:sfcdebug.obj
 0001:0002fc70       sf_debug_transition_conflict_error 0000000180030c70 f   sfc_debug:sfcdebug.obj
 0001:0002fff0       sf_debug_state_inconsistency_error 0000000180030ff0 f   sfc_debug:sfcdebug.obj
 0001:00030110       sf_debug_check_for_state_inconsistency 0000000180031110 f   sfc_debug:sfcdebug.obj
 0001:00030140       sf_debug_cycle_detecton_error 0000000180031140 f   sfc_debug:sfcdebug.obj
 0001:00030930       sf_debug_size_eq_check_1d  0000000180031930 f   sfc_debug:sfcdebug.obj
 0001:00030950       sf_debug_size_eq_check_nd  0000000180031950 f   sfc_debug:sfcdebug.obj
 0001:00030b30       sf_debug_dim_size_eq_check 0000000180031b30 f   sfc_debug:sfcdebug.obj
 0001:00030b60       sf_debug_dim_size_geq_check 0000000180031b60 f   sfc_debug:sfcdebug.obj
 0001:00030b90       sf_debug_sub_assign_size_check_nd 0000000180031b90 f   sfc_debug:sfcdebug.obj
 0001:00030dd0       sf_debug_matrix_matrix_index_check 0000000180031dd0 f   sfc_debug:sfcdebug.obj
 0001:00030e00       sf_debug_vector_vector_index_check 0000000180031e00 f   sfc_debug:sfcdebug.obj
 0001:00030e30       sf_debug_for_loop_vector_check 0000000180031e30 f   sfc_debug:sfcdebug.obj
 0001:00030eb0       sf_debug_runtime_error_msgid 0000000180031eb0 f   sfc_debug:sfcdebug.obj
 0001:00030f40       sf_debug_data_array_bounds_error_check 0000000180031f40 f   sfc_debug:sfcdebug.obj
 0001:00031050       sf_debug_eml_data_array_bounds_error_check 0000000180032050 f   sfc_debug:sfcdebug.obj
 0001:00031530       sf_debug_integer_check     0000000180032530 f   sfc_debug:sfcdebug.obj
 0001:00031610       sf_debug_not_nan_check     0000000180032610 f   sfc_debug:sfcdebug.obj
 0001:000316d0       sf_debug_non_negative_check 00000001800326d0 f   sfc_debug:sfcdebug.obj
 0001:00031790       sf_debug_overflow_detection 0000000180032790 f   sfc_debug:sfcdebug.obj
 0001:00031e80       sf_debug_cast_to_real32_T  0000000180032e80 f   sfc_debug:sfcdebug.obj
 0001:00031f40       sf_debug_cast_to_int8_T    0000000180032f40 f   sfc_debug:sfcdebug.obj
 0001:00032000       sf_debug_cast_to_uint8_T   0000000180033000 f   sfc_debug:sfcdebug.obj
 0001:000320c0       sf_debug_cast_to_int16_T   00000001800330c0 f   sfc_debug:sfcdebug.obj
 0001:00032180       sf_debug_cast_to_uint16_T  0000000180033180 f   sfc_debug:sfcdebug.obj
 0001:00032240       sf_debug_cast_to_int32_T   0000000180033240 f   sfc_debug:sfcdebug.obj
 0001:00032300       sf_debug_cast_to_uint32_T  0000000180033300 f   sfc_debug:sfcdebug.obj
 0001:000323c0       sf_debug_data_range_error  00000001800333c0 f   sfc_debug:sfcdebug.obj
 0001:00032710       sf_debug_read_before_write_check 0000000180033710 f   sfc_debug:sfcdebug.obj
 0001:00032b00       sf_debug_data_range_error_wrapper_min_max 0000000180033b00 f   sfc_debug:sfcdebug.obj
 0001:00032bf0       sf_debug_data_range_error_wrapper_min 0000000180033bf0 f   sfc_debug:sfcdebug.obj
 0001:00032cd0       sf_debug_data_range_error_wrapper_max 0000000180033cd0 f   sfc_debug:sfcdebug.obj
 0001:00032db0       sf_debug_data_range_wrapper 0000000180033db0 f   sfc_debug:sfcdebug.obj
 0001:00032e60       sf_debug_set_current_status_info 0000000180033e60 f   sfc_debug:sfcdebug.obj
 0001:00033210       sf_debug_call              0000000180034210 f   sfc_debug:sfcdebug.obj
 0001:000340d0       sf_debug_initialize_machine 00000001800350d0 f   sfc_debug:sfcdebug.obj
 0001:000343e0       sf_debug_initialize_chart  00000001800353e0 f   sfc_debug:sfcdebug.obj
 0001:000348c0       sf_debug_ensure_script     00000001800358c0 f   sfc_debug:sfcdebug.obj
 0001:00034980       cv_script_init_script      0000000180035980 f   sfc_debug:sfcdebug.obj
 0001:00034a60       cv_script_init_fcn         0000000180035a60 f   sfc_debug:sfcdebug.obj
 0001:00034b10       cv_script_init_testobjective 0000000180035b10 f   sfc_debug:sfcdebug.obj
 0001:00034bc0       cv_script_init_if          0000000180035bc0 f   sfc_debug:sfcdebug.obj
 0001:00034c70       cv_script_init_for         0000000180035c70 f   sfc_debug:sfcdebug.obj
 0001:00034d20       cv_script_init_while       0000000180035d20 f   sfc_debug:sfcdebug.obj
 0001:00034dd0       cv_script_init_mcdc        0000000180035dd0 f   sfc_debug:sfcdebug.obj
 0001:00034ed0       cv_script_init_switch      0000000180035ed0 f   sfc_debug:sfcdebug.obj
 0001:00034fb0       cv_script_eval             0000000180035fb0 f   sfc_debug:sfcdebug.obj
 0001:00035090       eml_debug_line_call        0000000180036090 f   sfc_debug:sfcdebug.obj
 0001:00035240       sf_debug_terminate         0000000180036240 f   sfc_debug:sfcdebug.obj
 0001:000353b0       sf_debug_set_script_cv_ids 00000001800363b0 f   sfc_debug:sfcdebug.obj
 0001:00035580       sf_debug_api               0000000180036580 f   sfc_debug:sfc_api.obj
 0001:00036d30       sf_debug_sm_terminate      0000000180037d30 f   sfc_debug:sfdb_animation.obj
 0001:00036ef0       sf_debug_reset_path_objects 0000000180037ef0 f   sfc_debug:sfdb_animation.obj
 0001:00036f70       sf_debug_sm_reset_object_selection_status 0000000180037f70 f   sfc_debug:sfdb_animation.obj
 0001:00037010       sf_debug_sm_reset_state_buffer 0000000180038010 f   sfc_debug:sfdb_animation.obj
 0001:000370e0       sf_debug_sm_store_state_buffer 00000001800380e0 f   sfc_debug:sfdb_animation.obj
 0001:00037160       sf_debug_sm_restore_state_buffer1 0000000180038160 f   sfc_debug:sfdb_animation.obj
 0001:000371d0       sf_debug_sm_restore_state_buffer2 00000001800381d0 f   sfc_debug:sfdb_animation.obj
 0001:00037240       sf_debug_sm_chart_active   0000000180038240 f   sfc_debug:sfdb_animation.obj
 0001:00037290       sf_debug_sm_select_active_objects 0000000180038290 f   sfc_debug:sfdb_animation.obj
 0001:00037740       sf_debug_sm_is_chart_active 0000000180038740 f   sfc_debug:sfdb_animation.obj
 0001:00037780       sf_debug_sm_is_state_active 0000000180038780 f   sfc_debug:sfdb_animation.obj
 0001:000379c0       sf_debug_sm_get_active_states 00000001800389c0 f   sfc_debug:sfdb_animation.obj
 0001:00037f80       sf_debug_sm_initialize_instance 0000000180038f80 f   sfc_debug:sfdb_animation.obj
 0001:000381d0       sf_debug_sm_change_object_selection_status 00000001800391d0 f   sfc_debug:sfdb_animation.obj
 0001:000384c0       cv_create_interface        00000001800394c0 f   sfc_debug:cv_sfinterface.obj
 0001:00038820       cv_init_trans              0000000180039820 f   sfc_debug:cv_sfinterface.obj
 0001:00038870       cv_init_state              0000000180039870 f   sfc_debug:cv_sfinterface.obj
 0001:000388e0       cv_init_chart              00000001800398e0 f   sfc_debug:cv_sfinterface.obj
 0001:00038930       cv_dec_update_call         0000000180039930 f   sfc_debug:cv_sfinterface.obj
 0001:00038970       cv_cond_update_call        0000000180039970 f   sfc_debug:cv_sfinterface.obj
 0001:000389b0       cv_sigrange_update         00000001800399b0 f   sfc_debug:cv_sfinterface.obj
 0001:000389f0       cvsf_eml_eval              00000001800399f0 f   sfc_debug:cv_sfinterface.obj
 0001:00038ad0       cvsf_eml_init_script       0000000180039ad0 f   sfc_debug:cv_sfinterface.obj
 0001:00038b50       cvsf_eml_init_fcn          0000000180039b50 f   sfc_debug:cv_sfinterface.obj
 0001:00038bb0       cvsf_eml_init_testobjective 0000000180039bb0 f   sfc_debug:cv_sfinterface.obj
 0001:00038c10       cvsf_eml_init_if           0000000180039c10 f   sfc_debug:cv_sfinterface.obj
 0001:00038c70       cvsf_eml_init_for          0000000180039c70 f   sfc_debug:cv_sfinterface.obj
 0001:00038cc0       cvsf_eml_init_while        0000000180039cc0 f   sfc_debug:cv_sfinterface.obj
 0001:00038d10       cvsf_eml_init_mcdc         0000000180039d10 f   sfc_debug:cv_sfinterface.obj
 0001:00038da0       cvsf_eml_init_switch       0000000180039da0 f   sfc_debug:cv_sfinterface.obj
 0001:00038e10       cvsf_script_eval           0000000180039e10 f   sfc_debug:cv_sfinterface.obj
 0001:00038ef0       cvsf_script_init_script    0000000180039ef0 f   sfc_debug:cv_sfinterface.obj
 0001:00038f70       cvsf_script_init_fcn       0000000180039f70 f   sfc_debug:cv_sfinterface.obj
 0001:00038fd0       cvsf_script_init_testobjective 0000000180039fd0 f   sfc_debug:cv_sfinterface.obj
 0001:00039030       cvsf_script_init_if        000000018003a030 f   sfc_debug:cv_sfinterface.obj
 0001:00039090       cvsf_script_init_for       000000018003a090 f   sfc_debug:cv_sfinterface.obj
 0001:000390e0       cvsf_script_init_while     000000018003a0e0 f   sfc_debug:cv_sfinterface.obj
 0001:00039130       cvsf_script_init_mcdc      000000018003a130 f   sfc_debug:cv_sfinterface.obj
 0001:000391c0       cvsf_script_init_switch    000000018003a1c0 f   sfc_debug:cv_sfinterface.obj
 0001:00039230       cv_destroy_interface       000000018003a230 f   sfc_debug:cv_sfinterface.obj
 0001:00039250       cv_create_instance_objects 000000018003a250 f   sfc_debug:cv_sfinterface.obj
 0001:00039700       cv_is_enabled              000000018003a700 f   sfc_debug:cv_sfinterface.obj
 0001:00039710       sf_debug_cv_initialize_script 000000018003a710 f   sfc_debug:cv_sfinterface.obj
 0001:000398c0       sf_debug_cv_initialize_instance 000000018003a8c0 f   sfc_debug:cv_sfinterface.obj
 0001:00039c60       sf_debug_cv_terminate_chart 000000018003ac60 f   sfc_debug:cv_sfinterface.obj
 0001:00039da0       cv_call_trans_test         000000018003ada0 f   sfc_debug:cv_sfinterface.obj
 0001:00039db0       cv_call_sub_cond_test      000000018003adb0 f   sfc_debug:cv_sfinterface.obj
 0001:00039ee0       sf_debug_hm_initialize_instance 000000018003aee0 f   sfc_debug:sfdb_handle_management.obj
 0001:0003a460       sf_debug_hm_get_object_id  000000018003b460 f   sfc_debug:sfdb_handle_management.obj
 0001:0003c3d0       sf_debug_object_is_eml_function 000000018003d3d0 f   sfc_debug:sfdb_handle_management.obj
 0001:0003c440       sf_debug_hm_initialize_ids_in_machine 000000018003d440 f   sfc_debug:sfdb_handle_management.obj
 0001:0003c5b0       sf_debug_hm_initialize_ids_in_chart 000000018003d5b0 f   sfc_debug:sfdb_handle_management.obj
 0001:0003c6f0       sf_debug_hm_initialize_chart 000000018003d6f0 f   sfc_debug:sfdb_handle_management.obj
 0001:0003cea0       sf_debug_hm_terminate      000000018003dea0 f   sfc_debug:sfdb_handle_management.obj
 0001:0003cf00       sf_debug_hm_initialize_machine 000000018003df00 f   sfc_debug:sfdb_handle_management.obj
 0001:0003d6b0       sf_debug_st_initialize_machine 000000018003e6b0 f   sfc_debug:sfdb_data_browse.obj
 0001:0003d770       sf_debug_st_initialize_instance 000000018003e770 f   sfc_debug:sfdb_data_browse.obj
 0001:0003d9a0       sf_debug_st_terminate      000000018003e9a0 f   sfc_debug:sfdb_data_browse.obj
 0001:0003dd40       sf_debug_st_set_data_value_ptr_in_machine 000000018003ed40 f   sfc_debug:sfdb_data_browse.obj
 0001:0003ddd0       sf_debug_st_set_data_value_ptr_in_instance 000000018003edd0 f   sfc_debug:sfdb_data_browse.obj
 0001:0003deb0       sf_debug_st_unset_data_value_ptr_in_machine 000000018003eeb0 f   sfc_debug:sfdb_data_browse.obj
 0001:0003df20       sf_debug_st_unset_data_value_ptr_in_instance 000000018003ef20 f   sfc_debug:sfdb_data_browse.obj
 0001:0003e230       sf_debug_mx_value          000000018003f230 f   sfc_debug:sfdb_data_browse.obj
 0001:0003e290       sf_debug_mx_packed_vector  000000018003f290 f   sfc_debug:sfdb_data_browse.obj
 0001:0003e370       sf_debug_mx_uint_vector    000000018003f370 f   sfc_debug:sfdb_data_browse.obj
 0001:0003e430       sf_debug_st_get_double_value_from_void_ptr_vector 000000018003f430 f   sfc_debug:sfdb_data_browse.obj
 0001:0003ef20       sf_debug_st_browse_data    000000018003ff20 f   sfc_debug:sfdb_data_browse.obj
 0001:0003f6c0       sf_debug_ss_initialize     00000001800406c0 f   sfc_debug:sfdb_symbol_scope.obj
 0001:0003f6e0       sf_debug_ss_terminate      00000001800406e0 f   sfc_debug:sfdb_symbol_scope.obj
 0001:0003f770       sf_debug_ss_push_symbol_scope 0000000180040770 f   sfc_debug:sfdb_symbol_scope.obj
 0001:0003f870       sf_debug_ss_push_symbol_scope_eml 0000000180040870 f   sfc_debug:sfdb_symbol_scope.obj
 0001:0003f8d0       sf_debug_ss_pop_symbol_scope 00000001800408d0 f   sfc_debug:sfdb_symbol_scope.obj
 0001:0003f980       sf_debug_ss_add_symbol     0000000180040980 f   sfc_debug:sfdb_symbol_scope.obj
 0001:0003fae0       sf_debug_ss_add_symbol_eml 0000000180040ae0 f   sfc_debug:sfdb_symbol_scope.obj
 0001:000407c0       sf_debug_ss_set_data_value 00000001800417c0 f   sfc_debug:sfdb_symbol_scope.obj
 0001:00040c60       sf_debug_ss_watch_data     0000000180041c60 f   sfc_debug:sfdb_symbol_scope.obj
 0001:00040d00       sf_debug_ss_assign_data    0000000180041d00 f   sfc_debug:sfdb_symbol_scope.obj
 0001:00041700       get_data_entry_name        0000000180042700 f   sfc_debug:sfdb_symbol_scope.obj
 0001:00041750       sf_debug_ss_whos           0000000180042750 f   sfc_debug:sfdb_symbol_scope.obj
 0001:00041e60       sf_debug_cc_initialize_chart 0000000180042e60 f   sfc_debug:sfdb_coverage.obj
 0001:00042850       sf_debug_cc_initialize_instance 0000000180043850 f   sfc_debug:sfdb_coverage.obj
 0001:00043650       sf_debug_cc_terminate      0000000180044650 f   sfc_debug:sfdb_coverage.obj
 0001:00043740       sf_debug_cc_set_transition_maps 0000000180044740 f   sfc_debug:sfdb_coverage.obj
 0001:00043870       sf_debug_cc_set_state_maps 0000000180044870 f   sfc_debug:sfdb_coverage.obj
 0001:00043950       sf_debug_cc_set_transition_weights 0000000180044950 f   sfc_debug:sfdb_coverage.obj
 0001:00043c20       sf_debug_cc_set_state_weights 0000000180044c20 f   sfc_debug:sfdb_coverage.obj
 0001:00043ef0       sf_debug_cc_mark_transition_guard 0000000180044ef0 f   sfc_debug:sfdb_coverage.obj
 0001:00043f80       sf_debug_cc_mark_transition_trigger 0000000180044f80 f   sfc_debug:sfdb_coverage.obj
 0001:00044010       sf_debug_cc_mark_transition_decision 0000000180045010 f   sfc_debug:sfdb_coverage.obj
 0001:00044080       sf_debug_cc_mark_transition_condition_action 0000000180045080 f   sfc_debug:sfdb_coverage.obj
 0001:000440d0       sf_debug_cc_mark_transition_transition_action 00000001800450d0 f   sfc_debug:sfdb_coverage.obj
 0001:00044120       sf_debug_cc_mark_state_entry 0000000180045120 f   sfc_debug:sfdb_coverage.obj
 0001:00044170       sf_debug_cc_mark_state_during 0000000180045170 f   sfc_debug:sfdb_coverage.obj
 0001:000441c0       sf_debug_cc_mark_state_exit 00000001800451c0 f   sfc_debug:sfdb_coverage.obj
 0001:00044210       sf_debug_bm_clear_script_breakpoints 0000000180045210 f   sfc_debug:sfdb_breakpoints.obj
 0001:00044240       sf_debug_bm_set_script_breakpoint 0000000180045240 f   sfc_debug:sfdb_breakpoints.obj
 0001:000442c0       sf_debug_bm_clear_single_script_breakpoint 00000001800452c0 f   sfc_debug:sfdb_breakpoints.obj
 0001:00044340       sf_debug_bm_query_script_breakpoint 0000000180045340 f   sfc_debug:sfdb_breakpoints.obj
 0001:00044390       sf_debug_bm_initialize_scripts 0000000180045390 f   sfc_debug:sfdb_breakpoints.obj
 0001:00044ab0       sf_debug_bm_terminate      0000000180045ab0 f   sfc_debug:sfdb_breakpoints.obj
 0001:00044da0       sf_debug_bm_remove_all_breakpoints_in_machine 0000000180045da0 f   sfc_debug:sfdb_breakpoints.obj
 0001:00044e10       sf_debug_bm_remove_all_breakpoints_in_chart 0000000180045e10 f   sfc_debug:sfdb_breakpoints.obj
 0001:00044f60       sf_debug_bm_initialize_global_breakpoints 0000000180045f60 f   sfc_debug:sfdb_breakpoints.obj
 0001:000450e0       sf_debug_bm_set_breakpoint 00000001800460e0 f   sfc_debug:sfdb_breakpoints.obj
 0001:00045710       sf_debug_bm_set_eml_breakpoint 0000000180046710 f   sfc_debug:sfdb_breakpoints.obj
 0001:000457b0       sf_debug_bm_initialize_machine_breakpoint_map 00000001800467b0 f   sfc_debug:sfdb_breakpoints.obj
 0001:00045bd0       sf_debug_bm_is_a_breakpoint 0000000180046bd0 f   sfc_debug:sfdb_breakpoints.obj
 0001:000460f0       sf_debug_bm_get_all_breakpoints_in_machine 00000001800470f0 f   sfc_debug:sfdb_breakpoints.obj
 0001:000463f0       sf_debug_bm_get_all_breakpoints_in_chart 00000001800473f0 f   sfc_debug:sfdb_breakpoints.obj
 0001:000470b0       sf_debug_bm_initialize_machine 00000001800480b0 f   sfc_debug:sfdb_breakpoints.obj
 0001:00047180       sf_debug_bm_initialize_chart 0000000180048180 f   sfc_debug:sfdb_breakpoints.obj
 0001:000475a0       sf_debug_sc_terminate      00000001800485a0 f   sfc_debug:sfdb_state_consistency.obj
 0001:000478d0       sf_debug_sc_is_chart_consistent 00000001800488d0 f   sfc_debug:sfdb_state_consistency.obj
 0001:00047b80       sf_debug_sc_get_consistency_error_info 0000000180048b80 f   sfc_debug:sfdb_state_consistency.obj
 0001:00047fd0       sf_debug_tm_terminate      0000000180048fd0 f   sfc_debug:sfdb_call_stack.obj
 0001:00048090       sf_debug_tm_push_chart_instance 0000000180049090 f   sfc_debug:sfdb_call_stack.obj
 0001:000481e0       sf_debug_tm_pop_chart_instance 00000001800491e0 f   sfc_debug:sfdb_call_stack.obj
 0001:00048240       sf_debug_tm_push_trace_node 0000000180049240 f   sfc_debug:sfdb_call_stack.obj
 0001:000483d0       sf_debug_tm_pop_trace_node 00000001800493d0 f   sfc_debug:sfdb_call_stack.obj
 0001:00048450       sf_debug_tm_get_current_global_trace_index 0000000180049450 f   sfc_debug:sfdb_call_stack.obj
 0001:00048460       sf_debug_tm_get_current_local_trace_index 0000000180049460 f   sfc_debug:sfdb_call_stack.obj
 0001:00048490       sf_debug_tm_set_cycle_detected_flag 0000000180049490 f   sfc_debug:sfdb_call_stack.obj
 0001:000484d0       sf_debug_tm_set_cycle_started_flag 00000001800494d0 f   sfc_debug:sfdb_call_stack.obj
 0001:00048510       sf_debug_tm_get_chart_number_from_stack 0000000180049510 f   sfc_debug:sfdb_call_stack.obj
 0001:00048710       sf_debug_tm_browse_trace   0000000180049710 f   sfc_debug:sfdb_call_stack.obj
 0001:00048a50       sf_debug_cd_initialize_instance 0000000180049a50 f   sfc_debug:sfdb_cycle_detection.obj
 0001:00048d00       sf_debug_cd_mark_processed_transition_in_instance 0000000180049d00 f   sfc_debug:sfdb_cycle_detection.obj
 0001:00048da0       sf_debug_cd_checksum_push  0000000180049da0 f   sfc_debug:sfdb_cycle_detection.obj
 0001:00049060       sf_debug_cd_checksum_pop   000000018004a060 f   sfc_debug:sfdb_cycle_detection.obj
 0001:000490d0       sf_debug_cd_turn_off_cycle_detection 000000018004a0d0 f   sfc_debug:sfdb_cycle_detection.obj
 0001:00049120       sf_debug_cd_terminate      000000018004a120 f   sfc_debug:sfdb_cycle_detection.obj
 0001:00049360       md5_initialize_state       000000018004a360 f   sfc_debug:ckmd5.obj
 0001:00049dd0       md5_update_state           000000018004add0 f   sfc_debug:ckmd5.obj
 0001:00049df0       md5_get_hash               000000018004adf0 f   sfc_debug:ckmd5.obj
 0001:00049e20       md5_get_hash_for_a_single_string 000000018004ae20 f   sfc_debug:ckmd5.obj
 0001:00049e84       mxGetPr                    000000018004ae84 f   libmx:libmx.dll
 0001:00049e8a       mxCreateDoubleScalar       000000018004ae8a f   libmx:libmx.dll
 0001:00049e90       mxCreateDoubleMatrix_730   000000018004ae90 f   libmx:libmx.dll
 0001:00049e96       mxSetField_730             000000018004ae96 f   libmx:libmx.dll
 0001:00049e9c       mxCreateString             000000018004ae9c f   libmx:libmx.dll
 0001:00049ea2       mxCreateStructMatrix_730   000000018004aea2 f   libmx:libmx.dll
 0001:00049ea8       mxDestroyArray             000000018004aea8 f   libmx:libmx.dll
 0001:00049eae       mxDuplicateArray           000000018004aeae f   libmx:libmx.dll
 0001:00049eb4       mxIsEmpty                  000000018004aeb4 f   libmx:libmx.dll
 0001:00049eba       mxGetNaN                   000000018004aeba f   libmx:libmx.dll
 0001:00049ec0       mxGetInf                   000000018004aec0 f   libmx:libmx.dll
 0001:00049ec6       mxGetString_730            000000018004aec6 f   libmx:libmx.dll
 0001:00049ecc       mxIsChar                   000000018004aecc f   libmx:libmx.dll
 0001:00049ed2       mxGetClassID               000000018004aed2 f   libmx:libmx.dll
 0001:00049ed8       mxIsNumeric                000000018004aed8 f   libmx:libmx.dll
 0001:00049ede       mxIsComplex                000000018004aede f   libmx:libmx.dll
 0001:00049ee4       mxGetN                     000000018004aee4 f   libmx:libmx.dll
 0001:00049eea       mxGetM                     000000018004aeea f   libmx:libmx.dll
 0001:00049ef0       mxCalloc                   000000018004aef0 f   libmx:libmx.dll
 0001:00049ef6       mxGetScalar                000000018004aef6 f   libmx:libmx.dll
 0001:00049efc       mxIsLogical                000000018004aefc f   libmx:libmx.dll
 0001:00049f02       mxCreateDoubleMatrix_700   000000018004af02 f   libmx:libmx.dll
 0001:00049f08       mxFree                     000000018004af08 f   libmx:libmx.dll
 0001:00049f0e       mxArrayToString            000000018004af0e f   libmx:libmx.dll
 0001:00049f14       mxCreateCellMatrix_700     000000018004af14 f   libmx:libmx.dll
 0001:00049f1a       mxSetCell_700              000000018004af1a f   libmx:libmx.dll
 0001:00049f20       mxGetCell_700              000000018004af20 f   libmx:libmx.dll
 0001:00049f26       mxGetClassName             000000018004af26 f   libmx:libmx.dll
 0001:00049f2c       mxSetField_700             000000018004af2c f   libmx:libmx.dll
 0001:00049f32       mxAddField                 000000018004af32 f   libmx:libmx.dll
 0001:00049f38       mxGetField_700             000000018004af38 f   libmx:libmx.dll
 0001:00049f3e       mxGetNumberOfElements      000000018004af3e f   libmx:libmx.dll
 0001:00049f44       mxIsStruct                 000000018004af44 f   libmx:libmx.dll
 0001:00049f4a       mxIsClass                  000000018004af4a f   libmx:libmx.dll
 0001:00049f50       mxGetLogicals              000000018004af50 f   libmx:libmx.dll
 0001:00049f56       mxIsSparse                 000000018004af56 f   libmx:libmx.dll
 0001:00049f5c       mxSetFieldByNumber_700     000000018004af5c f   libmx:libmx.dll
 0001:00049f62       mxGetFieldByNumber_700     000000018004af62 f   libmx:libmx.dll
 0001:00049f68       mxGetFieldNameByNumber     000000018004af68 f   libmx:libmx.dll
 0001:00049f6e       mxGetNumberOfFields        000000018004af6e f   libmx:libmx.dll
 0001:00049f74       mxCreateStructMatrix_700   000000018004af74 f   libmx:libmx.dll
 0001:00049f7a       mxGetFieldNumber           000000018004af7a f   libmx:libmx.dll
 0001:00049f80       mxIsNaN                    000000018004af80 f   libmx:libmx.dll
 0001:00049f86       mxGetData                  000000018004af86 f   libmx:libmx.dll
 0001:00049f8c       mxGetImagData              000000018004af8c f   libmx:libmx.dll
 0001:00049f92       mxArrayClassIDName         000000018004af92 f   libmx:libmx.dll
 0001:00049f98       mxCreateNumericMatrix_700  000000018004af98 f   libmx:libmx.dll
 0001:00049f9e       mxCreateStructArray_700    000000018004af9e f   libmx:libmx.dll
 0001:00049fa4       mxCalcSingleSubscript_700  000000018004afa4 f   libmx:libmx.dll
 0001:00049faa       mxGetDimensions_700        000000018004afaa f   libmx:libmx.dll
 0001:00049fb0       mxGetNumberOfDimensions_700 000000018004afb0 f   libmx:libmx.dll
 0001:00049fb6       mxCreateNumericArray_700   000000018004afb6 f   libmx:libmx.dll
 0001:00049fbc       mxGetElementSize           000000018004afbc f   libmx:libmx.dll
 0001:00049fc2       mxCreateStringFromNChars_700 000000018004afc2 f   libmx:libmx.dll
 0001:00049fc8       mxGetString_700            000000018004afc8 f   libmx:libmx.dll
 0001:00049fce       mxIsLogicalScalarTrue      000000018004afce f   libmx:libmx.dll
 0001:00049fd4       mxCreateLogicalScalar      000000018004afd4 f   libmx:libmx.dll
 0001:00049fda       mexUnlock                  000000018004afda f   libmex:libmex.dll
 0001:00049fe0       mexIsLocked                000000018004afe0 f   libmex:libmex.dll
 0001:00049fe6       mexWarnMsgTxt              000000018004afe6 f   libmex:libmex.dll
 0001:00049fec       mexCallMATLAB              000000018004afec f   libmex:libmex.dll
 0001:00049ff2       mexErrMsgTxt               000000018004aff2 f   libmex:libmex.dll
 0001:00049ff8       mexMakeArrayPersistent     000000018004aff8 f   libmex:libmex.dll
 0001:00049ffe       mexSetTrapFlag             000000018004affe f   libmex:libmex.dll
 0001:0004a004       mexPutVariable             000000018004b004 f   libmex:libmex.dll
 0001:0004a00a       mexGetVariable             000000018004b00a f   libmex:libmex.dll
 0001:0004a010       mexLock                    000000018004b010 f   libmex:libmex.dll
 0001:0004a016       mexMakeMemoryPersistent    000000018004b016 f   libmex:libmex.dll
 0001:0004a01c       mexFunctionName            000000018004b01c f   libmex:libmex.dll
 0001:0004a022       ssRegisterDataTypeFxpFSlopeFixExpBias 000000018004b022 f   libfixedpoint:libfixedpoint.dll
 0001:0004a028       utVSNprintf                000000018004b028 f   libut:libut.dll
 0001:0004a02e       utCPUtime                  000000018004b02e f   libut:libut.dll
 0001:0004a034       utFree                     000000018004b034 f   libut:libut.dll
 0001:0004a03a       utMalloc                   000000018004b03a f   libut:libut.dll
 0001:0004a040       muDoubleScalarPower        000000018004b040 f   libmwmathutil:libmwmathutil.dll
 0001:0004a046       muDoubleScalarAbs          000000018004b046 f   libmwmathutil:libmwmathutil.dll
 0001:0004a04c       muDoubleScalarAtan2        000000018004b04c f   libmwmathutil:libmwmathutil.dll
 0001:0004a052       muDoubleScalarLog          000000018004b052 f   libmwmathutil:libmwmathutil.dll
 0001:0004a058       muDoubleScalarSqrt         000000018004b058 f   libmwmathutil:libmwmathutil.dll
 0001:0004a05e       muDoubleScalarIsNaN        000000018004b05e f   libmwmathutil:libmwmathutil.dll
 0001:0004a064       muDoubleScalarIsInf        000000018004b064 f   libmwmathutil:libmwmathutil.dll
 0001:0004a06a       muDoubleScalarSin          000000018004b06a f   libmwmathutil:libmwmathutil.dll
 0001:0004a070       muDoubleScalarCos          000000018004b070 f   libmwmathutil:libmwmathutil.dll
 0001:0004a076       muDoubleScalarExp          000000018004b076 f   libmwmathutil:libmwmathutil.dll
 0001:0004a07c       muDoubleScalarLog10        000000018004b07c f   libmwmathutil:libmwmathutil.dll
 0001:0004a082       emlrtCheckBuiltInCtxR2011a 000000018004b082 f   libemlrt:libemlrt.dll
 0001:0004a088       emlrtCheckVsBuiltInCtxR2011a 000000018004b088 f   libemlrt:libemlrt.dll
 0001:0004a08e       emlrtCheckEnumR2009a       000000018004b08e f   libemlrt:libemlrt.dll
 0001:0004a094       emlrtCreateEnumR2010a      000000018004b094 f   libemlrt:libemlrt.dll
 0001:0004a09a       emlrtGetEnumElementR2009a  000000018004b09a f   libemlrt:libemlrt.dll
 0001:0004a0a0       emlrtCreateReference       000000018004b0a0 f   libemlrt:libemlrt.dll
 0001:0004a0a6       emlrtImportVsFiArrayR2009b 000000018004b0a6 f   libemlrt:libemlrt.dll
 0001:0004a0ac       emlrtExtractMessageId      000000018004b0ac f   libemlrt:libemlrt.dll
 0001:0004a0b2       emlrtTranslateMessageIDtoLCPstring 000000018004b0b2 f   libemlrt:libemlrt.dll
 0001:0004a0b8       emlrtForLoopVectorIsValidR2011b 000000018004b0b8 f   libemlrt:libemlrt.dll
 0001:0004a0be       emlrtTranslateUTF16MessagetoLCPstring 000000018004b0be f   libemlrt:libemlrt.dll
 0001:0004a0c4       emlrtGetEnumUnderlyingArrayR2009a 000000018004b0c4 f   libemlrt:libemlrt.dll
 0001:0004a0ca       emlrtIsEnumR2009a          000000018004b0ca f   libemlrt:libemlrt.dll
 0001:0004a0d0       dgemm32                    000000018004b0d0 f   libmwblascompat32:libmwblascompat32.dll
 0001:0004a0d8       __GSHandlerCheckCommon     000000018004b0d8 f   MSVCRT:gshandler.obj
 0001:0004a13c       __GSHandlerCheck           000000018004b13c f   MSVCRT:gshandler.obj
 0001:0004a15a       strlen                     000000018004b15a f   MSVCRT:MSVCR100.dll
 0001:0004a170       __security_check_cookie    000000018004b170 f   MSVCRT:amdsecgs.obj
 0001:0004a1a0       __chkstk                   000000018004b1a0 f   MSVCRT:chkstk.obj
 0001:0004a1a0       _alloca_probe              000000018004b1a0     MSVCRT:chkstk.obj
 0001:0004a1ee       memset                     000000018004b1ee f   MSVCRT:MSVCR100.dll
 0001:0004a1f4       malloc                     000000018004b1f4 f   MSVCRT:MSVCR100.dll
 0001:0004a1fa       free                       000000018004b1fa f   MSVCRT:MSVCR100.dll
 0001:0004a200       strcmp                     000000018004b200 f   MSVCRT:MSVCR100.dll
 0001:0004a206       sprintf                    000000018004b206 f   MSVCRT:MSVCR100.dll
 0001:0004a20c       strcat                     000000018004b20c f   MSVCRT:MSVCR100.dll
 0001:0004a212       memcpy                     000000018004b212 f   MSVCRT:MSVCR100.dll
 0001:0004a218       NtCurrentTeb               000000018004b218 f i MSVCRT:crtdll.obj
 0001:0004a284       _CRT_INIT                  000000018004b284 f   MSVCRT:crtdll.obj
 0001:0004a61c       _DllMainCRTStartup         000000018004b61c f   MSVCRT:crtdll.obj
 0001:0004a65a       strncpy                    000000018004b65a f   MSVCRT:MSVCR100.dll
 0001:0004a660       longjmp                    000000018004b660 f   MSVCRT:MSVCR100.dll
 0001:0004a666       strncmp                    000000018004b666 f   MSVCRT:MSVCR100.dll
 0001:0004a66c       ceil                       000000018004b66c f   MSVCRT:MSVCR100.dll
 0001:0004a672       strrchr                    000000018004b672 f   MSVCRT:MSVCR100.dll
 0001:0004a678       _setjmp                    000000018004b678 f   MSVCRT:MSVCR100.dll
 0001:0004a67e       calloc                     000000018004b67e f   MSVCRT:MSVCR100.dll
 0001:0004a684       realloc                    000000018004b684 f   MSVCRT:MSVCR100.dll
 0001:0004a68a       ldexp                      000000018004b68a f   MSVCRT:MSVCR100.dll
 0001:0004a690       __report_gsfailure         000000018004b690 f   MSVCRT:gs_report.obj
 0001:0004a7dc       __clean_type_info_names    000000018004b7dc f   MSVCRT:tncleanup.obj
 0001:0004a7e8       _onexit                    000000018004b7e8 f   MSVCRT:atonexit.obj
 0001:0004a898       atexit                     000000018004b898 f   MSVCRT:atonexit.obj
 0001:0004a8b0       _RTC_Initialize            000000018004b8b0 f   MSVCRT:_initsect_.obj
 0001:0004a8e8       _RTC_Terminate             000000018004b8e8 f   MSVCRT:_initsect_.obj
 0001:0004a920       _malloc_crt                000000018004b920 f   MSVCRT:MSVCR100.dll
 0001:0004a930       _ValidateImageBase         000000018004b930 f   MSVCRT:pesect.obj
 0001:0004a960       _FindPESection             000000018004b960 f   MSVCRT:pesect.obj
 0001:0004a9b0       _IsNonwritableInCurrentImage 000000018004b9b0 f   MSVCRT:pesect.obj
 0001:0004a9f2       _initterm                  000000018004b9f2 f   MSVCRT:MSVCR100.dll
 0001:0004a9f8       _initterm_e                000000018004b9f8 f   MSVCRT:MSVCR100.dll
 0001:0004a9fe       _encoded_null              000000018004b9fe f   MSVCRT:MSVCR100.dll
 0001:0004aa04       _amsg_exit                 000000018004ba04 f   MSVCRT:MSVCR100.dll
 0001:0004aa0a       __C_specific_handler       000000018004ba0a f   MSVCRT:MSVCR100.dll
 0001:0004aa10       __CppXcptFilter            000000018004ba10 f   MSVCRT:MSVCR100.dll
 0001:0004aa18       DllMain                    000000018004ba18 f   MSVCRT:dllmain.obj
 0001:0004aa3c       __security_init_cookie     000000018004ba3c f   MSVCRT:gs_support.obj
 0001:0004aaf0       __crt_debugger_hook        000000018004baf0 f   MSVCRT:MSVCR100.dll
 0001:0004aaf6       __clean_type_info_names_internal 000000018004baf6 f   MSVCRT:MSVCR100.dll
 0001:0004aafc       _unlock                    000000018004bafc f   MSVCRT:MSVCR100.dll
 0001:0004ab02       __dllonexit                000000018004bb02 f   MSVCRT:MSVCR100.dll
 0001:0004ab08       _lock                      000000018004bb08 f   MSVCRT:MSVCR100.dll
 0001:0004ab0e       EncodePointer              000000018004bb0e f   kernel32:KERNEL32.dll
 0001:0004ab14       DecodePointer              000000018004bb14 f   kernel32:KERNEL32.dll
 0001:0004ab1a       Sleep                      000000018004bb1a f   kernel32:KERNEL32.dll
 0001:0004ab20       TerminateProcess           000000018004bb20 f   kernel32:KERNEL32.dll
 0001:0004ab26       GetCurrentProcess          000000018004bb26 f   kernel32:KERNEL32.dll
 0001:0004ab2c       UnhandledExceptionFilter   000000018004bb2c f   kernel32:KERNEL32.dll
 0001:0004ab32       SetUnhandledExceptionFilter 000000018004bb32 f   kernel32:KERNEL32.dll
 0001:0004ab38       IsDebuggerPresent          000000018004bb38 f   kernel32:KERNEL32.dll
 0001:0004ab3e       RtlVirtualUnwind           000000018004bb3e f   kernel32:KERNEL32.dll
 0001:0004ab44       RtlLookupFunctionEntry     000000018004bb44 f   kernel32:KERNEL32.dll
 0001:0004ab4a       RtlCaptureContext          000000018004bb4a f   kernel32:KERNEL32.dll
 0001:0004ab50       DisableThreadLibraryCalls  000000018004bb50 f   kernel32:KERNEL32.dll
 0001:0004ab56       QueryPerformanceCounter    000000018004bb56 f   kernel32:KERNEL32.dll
 0001:0004ab5c       GetTickCount               000000018004bb5c f   kernel32:KERNEL32.dll
 0001:0004ab62       GetCurrentThreadId         000000018004bb62 f   kernel32:KERNEL32.dll
 0001:0004ab68       GetCurrentProcessId        000000018004bb68 f   kernel32:KERNEL32.dll
 0001:0004ab6e       GetSystemTimeAsFileTime    000000018004bb6e f   kernel32:KERNEL32.dll
 0002:00000000       __imp_DisableThreadLibraryCalls 000000018004c000     kernel32:KERNEL32.dll
 0002:00000008       __imp_RtlCaptureContext    000000018004c008     kernel32:KERNEL32.dll
 0002:00000010       __imp_RtlLookupFunctionEntry 000000018004c010     kernel32:KERNEL32.dll
 0002:00000018       __imp_RtlVirtualUnwind     000000018004c018     kernel32:KERNEL32.dll
 0002:00000020       __imp_IsDebuggerPresent    000000018004c020     kernel32:KERNEL32.dll
 0002:00000028       __imp_SetUnhandledExceptionFilter 000000018004c028     kernel32:KERNEL32.dll
 0002:00000030       __imp_UnhandledExceptionFilter 000000018004c030     kernel32:KERNEL32.dll
 0002:00000038       __imp_GetCurrentProcess    000000018004c038     kernel32:KERNEL32.dll
 0002:00000040       __imp_TerminateProcess     000000018004c040     kernel32:KERNEL32.dll
 0002:00000048       __imp_Sleep                000000018004c048     kernel32:KERNEL32.dll
 0002:00000050       __imp_DecodePointer        000000018004c050     kernel32:KERNEL32.dll
 0002:00000058       __imp_EncodePointer        000000018004c058     kernel32:KERNEL32.dll
 0002:00000060       __imp_GetTickCount         000000018004c060     kernel32:KERNEL32.dll
 0002:00000068       __imp_GetCurrentThreadId   000000018004c068     kernel32:KERNEL32.dll
 0002:00000070       __imp_GetCurrentProcessId  000000018004c070     kernel32:KERNEL32.dll
 0002:00000078       __imp_GetSystemTimeAsFileTime 000000018004c078     kernel32:KERNEL32.dll
 0002:00000080       __imp_QueryPerformanceCounter 000000018004c080     kernel32:KERNEL32.dll
 0002:00000088       \177KERNEL32_NULL_THUNK_DATA 000000018004c088     kernel32:KERNEL32.dll
 0002:00000090       __imp__onexit              000000018004c090     MSVCRT:MSVCR100.dll
 0002:00000098       __imp__lock                000000018004c098     MSVCRT:MSVCR100.dll
 0002:000000a0       __imp___dllonexit          000000018004c0a0     MSVCRT:MSVCR100.dll
 0002:000000a8       __imp__unlock              000000018004c0a8     MSVCRT:MSVCR100.dll
 0002:000000b0       __imp___clean_type_info_names_internal 000000018004c0b0     MSVCRT:MSVCR100.dll
 0002:000000b8       __imp___crt_debugger_hook  000000018004c0b8     MSVCRT:MSVCR100.dll
 0002:000000c0       __imp___CppXcptFilter      000000018004c0c0     MSVCRT:MSVCR100.dll
 0002:000000c8       __imp___C_specific_handler 000000018004c0c8     MSVCRT:MSVCR100.dll
 0002:000000d0       __imp__amsg_exit           000000018004c0d0     MSVCRT:MSVCR100.dll
 0002:000000d8       __imp__encoded_null        000000018004c0d8     MSVCRT:MSVCR100.dll
 0002:000000e0       __imp__initterm_e          000000018004c0e0     MSVCRT:MSVCR100.dll
 0002:000000e8       __imp__initterm            000000018004c0e8     MSVCRT:MSVCR100.dll
 0002:000000f0       __imp__malloc_crt          000000018004c0f0     MSVCRT:MSVCR100.dll
 0002:000000f8       __imp_ldexp                000000018004c0f8     MSVCRT:MSVCR100.dll
 0002:00000100       __imp_realloc              000000018004c100     MSVCRT:MSVCR100.dll
 0002:00000108       __imp_calloc               000000018004c108     MSVCRT:MSVCR100.dll
 0002:00000110       __imp__setjmp              000000018004c110     MSVCRT:MSVCR100.dll
 0002:00000118       __imp_strrchr              000000018004c118     MSVCRT:MSVCR100.dll
 0002:00000120       __imp_ceil                 000000018004c120     MSVCRT:MSVCR100.dll
 0002:00000128       __imp_strncmp              000000018004c128     MSVCRT:MSVCR100.dll
 0002:00000130       __imp_longjmp              000000018004c130     MSVCRT:MSVCR100.dll
 0002:00000138       __imp_strncpy              000000018004c138     MSVCRT:MSVCR100.dll
 0002:00000140       __imp_memcpy               000000018004c140     MSVCRT:MSVCR100.dll
 0002:00000148       __imp_strcat               000000018004c148     MSVCRT:MSVCR100.dll
 0002:00000150       __imp_sprintf              000000018004c150     MSVCRT:MSVCR100.dll
 0002:00000158       __imp_strcmp               000000018004c158     MSVCRT:MSVCR100.dll
 0002:00000160       __imp_free                 000000018004c160     MSVCRT:MSVCR100.dll
 0002:00000168       __imp_malloc               000000018004c168     MSVCRT:MSVCR100.dll
 0002:00000170       __imp_memset               000000018004c170     MSVCRT:MSVCR100.dll
 0002:00000178       __imp_strlen               000000018004c178     MSVCRT:MSVCR100.dll
 0002:00000180       \177MSVCR100_NULL_THUNK_DATA 000000018004c180     MSVCRT:MSVCR100.dll
 0002:00000188       __imp_emlrtCheckBuiltInCtxR2011a 000000018004c188     libemlrt:libemlrt.dll
 0002:00000190       __imp_emlrtCheckEnumR2009a 000000018004c190     libemlrt:libemlrt.dll
 0002:00000198       __imp_emlrtIsEnumR2009a    000000018004c198     libemlrt:libemlrt.dll
 0002:000001a0       __imp_emlrtGetEnumUnderlyingArrayR2009a 000000018004c1a0     libemlrt:libemlrt.dll
 0002:000001a8       __imp_emlrtTranslateUTF16MessagetoLCPstring 000000018004c1a8     libemlrt:libemlrt.dll
 0002:000001b0       __imp_emlrtForLoopVectorIsValidR2011b 000000018004c1b0     libemlrt:libemlrt.dll
 0002:000001b8       __imp_emlrtTranslateMessageIDtoLCPstring 000000018004c1b8     libemlrt:libemlrt.dll
 0002:000001c0       __imp_emlrtExtractMessageId 000000018004c1c0     libemlrt:libemlrt.dll
 0002:000001c8       __imp_emlrtCreateEnumR2010a 000000018004c1c8     libemlrt:libemlrt.dll
 0002:000001d0       __imp_emlrtGetEnumElementR2009a 000000018004c1d0     libemlrt:libemlrt.dll
 0002:000001d8       __imp_emlrtCreateReference 000000018004c1d8     libemlrt:libemlrt.dll
 0002:000001e0       __imp_emlrtImportVsFiArrayR2009b 000000018004c1e0     libemlrt:libemlrt.dll
 0002:000001e8       __imp_emlrtCheckVsBuiltInCtxR2011a 000000018004c1e8     libemlrt:libemlrt.dll
 0002:000001f0       \177libemlrt_NULL_THUNK_DATA 000000018004c1f0     libemlrt:libemlrt.dll
 0002:000001f8       __imp_ssRegisterDataTypeFxpFSlopeFixExpBias 000000018004c1f8     libfixedpoint:libfixedpoint.dll
 0002:00000200       \177libfixedpoint_NULL_THUNK_DATA 000000018004c200     libfixedpoint:libfixedpoint.dll
 0002:00000208       __imp_mexGetVariable       000000018004c208     libmex:libmex.dll
 0002:00000210       __imp_mexSetTrapFlag       000000018004c210     libmex:libmex.dll
 0002:00000218       __imp_mexMakeMemoryPersistent 000000018004c218     libmex:libmex.dll
 0002:00000220       __imp_mexFunctionName      000000018004c220     libmex:libmex.dll
 0002:00000228       __imp_mexMakeArrayPersistent 000000018004c228     libmex:libmex.dll
 0002:00000230       __imp_mexLock              000000018004c230     libmex:libmex.dll
 0002:00000238       __imp_mexPutVariable       000000018004c238     libmex:libmex.dll
 0002:00000240       __imp_mexCallMATLAB        000000018004c240     libmex:libmex.dll
 0002:00000248       __imp_mexWarnMsgTxt        000000018004c248     libmex:libmex.dll
 0002:00000250       __imp_mexIsLocked          000000018004c250     libmex:libmex.dll
 0002:00000258       __imp_mexUnlock            000000018004c258     libmex:libmex.dll
 0002:00000260       __imp_mexErrMsgTxt         000000018004c260     libmex:libmex.dll
[...]
 0001:00022930       sf_numeric_value_to_double 0000000180023930 f   sfc_mex:sfc_mex.obj
 0001:00022980       ml_generic_out_of_bounds_check 0000000180023980 f   sfc_mex:sfc_mex.obj
 0001:00022b50       ml_get_element_value_from_array 0000000180023b50 f   sfc_mex:sfc_mex.obj
 0001:00022ef0       _ml_generic_castability_check 0000000180023ef0 f   sfc_mex:sfc_mex.obj
 0001:00023c50       ml_generic_castability_check 0000000180024c50 f   sfc_mex:sfc_mex.obj
 0001:00023cf0       ml_check_mx_array_for_single_castability 0000000180024cf0 f   sfc_mex:sfc_mex.obj
 0001:00023d90       ml_check_mx_array_for_logical_castability 0000000180024d90 f   sfc_mex:sfc_mex.obj
 0001:00023e30       ml_check_mx_array_for_int8_castability 0000000180024e30 f   sfc_mex:sfc_mex.obj
 0001:00023ee0       ml_check_mx_array_for_uint8_castability 0000000180024ee0 f   sfc_mex:sfc_mex.obj
 0001:00023f40       ml_check_mx_array_for_int16_castability 0000000180024f40 f   sfc_mex:sfc_mex.obj
 0001:00023fa0       ml_check_mx_array_for_uint16_castability 0000000180024fa0 f   sfc_mex:sfc_mex.obj
 0001:00024000       ml_check_mx_array_for_int32_castability 0000000180025000 f   sfc_mex:sfc_mex.obj
 0001:00024060       ml_check_mx_array_for_uint32_castability 0000000180025060 f   sfc_mex:sfc_mex.obj
 0001:000240c0       ml_check_mx_array_for_castability 00000001800250c0 f   sfc_mex:sfc_mex.obj
 0001:000249f0       set_data_value             00000001800259f0 f   sfc_mex:sfc_mex.obj
 0001:00024d60       get_data_value             0000000180025d60 f   sfc_mex:sfc_mex.obj
 0001:00024e70       get_next_element_address   0000000180025e70 f   sfc_mex:sfc_mex.obj
 0001:00024f40       sf_normalize_index         0000000180025f40 f   sfc_mex:sfc_mex.obj
 0001:000252d0       ml_array_index_bound_check 00000001800262d0 f   sfc_mex:sfc_mex.obj
 0001:00025df0       mx_value                   0000000180026df0 f   sfc_mex:sfc_mex.obj
 0001:00025e40       sf_create_numeric_array    0000000180026e40 f   sfc_mex:sfc_mex.obj
 0001:00025ee0       sf_mex_assign_to_mx_array  0000000180026ee0 f   sfc_mex:sfc_mex.obj
 0001:00026230       assign_from_mx_array       0000000180027230 f   sfc_mex:sfc_mex.obj
 0001:00026a60       sf_mex_import_v            0000000180027a60 f   sfc_mex:sfc_mex.obj
 0001:00027160       get_machine_and_chart_file_number 0000000180028160 f   sfc_mex:sfc_sf.obj
 0001:00027250       get_sfun_block_specialization 0000000180028250 f   sfc_mex:sfc_sf.obj
 0001:000272d0       call_sf_machine_global_method_dispatcher 00000001800282d0 f   sfc_mex:sfc_sf.obj
 0001:00027500       mdl_zeroCrossings_processing 0000000180028500 f   sfc_mex:sfc_sf.obj
 0001:000275d0       mdl_derivatives_processing 00000001800285d0 f   sfc_mex:sfc_sf.obj
 0001:00027890       mdl_outputs_continuous_legacy 0000000180028890 f   sfc_mex:sfc_sf.obj
 0001:00027910       mdl_outputs_processing     0000000180028910 f   sfc_mex:sfc_sf.obj
 0001:00027b40       mdl_enable_processing      0000000180028b40 f   sfc_mex:sfc_sf.obj
 0001:00027c10       mdl_disable_processing     0000000180028c10 f   sfc_mex:sfc_sf.obj
 0001:00028950       sf_call_output_fcn_enable_disable 0000000180029950 f   sfc_mex:sfc_sf.obj
 0001:00028bd0       set_dwork_information_from_mx_array 0000000180029bd0 f   sfc_mex:sfc_sf.obj
 0001:00029490       ptr2mxStruct               000000018002a490 f   sfc_mex:sfc_sf.obj
 0001:00029780       SNPRINTF_WRAPPER           000000018002a780 f   sfc_debug:sfcdebug.obj
 0001:000297a0       sf_debug_chart_instance_initialized_quick 000000018002a7a0 f   sfc_debug:sfcdebug.obj
 0001:000297b0       sf_debug_chart_instance_initialized 000000018002a7b0 f   sfc_debug:sfcdebug.obj
 0001:00029950       sfrtAddSize                000000018002a950 f   sfc_debug:sfcdebug.obj
 0001:00029a10       sfrtGenSizeString          000000018002aa10 f   sfc_debug:sfcdebug.obj
 0001:0002a120       sf_debug_sim_status_listener 000000018002b120 f   sfc_debug:sfcdebug.obj
 0001:0002a690       sf_debug_form_mask_bits    000000018002b690 f   sfc_debug:sfcdebug.obj
 0001:0002a6d0       sf_debug_form_sf_data_type_offsets 000000018002b6d0 f   sfc_debug:sfcdebug.obj
 0001:0002a790       sf_debug_free_all          000000018002b790 f   sfc_debug:sfcdebug.obj
 0001:0002a910       sf_debug_append_debugger_context 000000018002b910 f   sfc_debug:sfcdebug.obj
 0001:0002abd0       local_strdup               000000018002bbd0 f   sfc_debug:sfcdebug.obj
 0001:0002bab0       sf_debug_em_terminate      000000018002cab0 f   sfc_debug:sfcdebug.obj
 0001:0002baf0       sf_debug_push_eml_function 000000018002caf0 f   sfc_debug:sfcdebug.obj
 0001:0002bb90       sf_debug_pop_eml_function  000000018002cb90 f   sfc_debug:sfcdebug.obj
 0001:0002c890       sf_debug_get_machine_number_from_id_or_name 000000018002d890 f   sfc_debug:sfcdebug.obj
 0001:0002c9e0       sf_debug_get_chart_number_from_id 000000018002d9e0 f   sfc_debug:sfcdebug.obj
 0001:0002d650       sf_debug_transfer_control_to_debugger_GUI 000000018002e650 f   sfc_debug:sfcdebug.obj
 0001:0002e5e0       sf_debug_scripts_rehash    000000018002f5e0 f   sfc_debug:sfcdebug.obj
 0001:0002e820       sf_debug_get_script_line_count 000000018002f820 f   sfc_debug:sfcdebug.obj
 0001:0002ef30       cv_eml_state_cvId          000000018002ff30 f   sfc_debug:sfcdebug.obj
 0001:0002efa0       cv_eml_trans_cvId          000000018002ffa0 f   sfc_debug:sfcdebug.obj
 0001:00030260       sf_debug_data_array_bounds_error 0000000180031260 f   sfc_debug:sfcdebug.obj
 0001:00030690       eml_debug_runtime_error_doclink 0000000180031690 f   sfc_debug:sfcdebug.obj
 0001:00030810       sf_debug_runtime_error     0000000180031810 f   sfc_debug:sfcdebug.obj
 0001:00030880       sf_debug_matlab_error      0000000180031880 f   sfc_debug:sfcdebug.obj
 0001:000311b0       sf_debug_data_value_error  00000001800321b0 f   sfc_debug:sfcdebug.obj
 0001:00031ab0       sf_debug_data_loss_error   0000000180032ab0 f   sfc_debug:sfcdebug.obj
 0001:000329d0       call_cv_range_check        00000001800339d0 f   sfc_debug:sfcdebug.obj
 0001:000331a0       sf_debug_invoke_cycle_detection_code 00000001800341a0 f   sfc_debug:sfcdebug.obj
 0001:00034010       sf_reset_debug_info_struct 0000000180035010 f   sfc_debug:sfcdebug.obj
 0001:00034900       cv_script_cvId             0000000180035900 f   sfc_debug:sfcdebug.obj
 0001:000356f0       sfc_api_chart_visible      00000001800366f0 f   sfc_debug:sfc_api.obj
 0001:00035770       sfc_api_active_instance    0000000180036770 f   sfc_debug:sfc_api.obj
 0001:000357f0       sfc_api_machine_load       00000001800367f0 f   sfc_debug:sfc_api.obj
 0001:000358c0       sfc_api_debugger_alive     00000001800368c0 f   sfc_debug:sfc_api.obj
 0001:000358d0       sfc_api_go                 00000001800368d0 f   sfc_debug:sfc_api.obj
 0001:000358e0       sfc_api_step_over          00000001800368e0 f   sfc_debug:sfc_api.obj
 0001:000358f0       sfc_api_step_out           00000001800368f0 f   sfc_debug:sfc_api.obj
 0001:00035900       sfc_api_resume             0000000180036900 f   sfc_debug:sfc_api.obj
 0001:00035910       sfc_api_break              0000000180036910 f   sfc_debug:sfc_api.obj
 0001:00035920       sfc_api_stop_debugging     0000000180036920 f   sfc_debug:sfc_api.obj
 0001:00035970       sfc_api_is_cycle_detected  0000000180036970 f   sfc_debug:sfc_api.obj
 0001:000359c0       sfc_api_is_array_bounds_detected 00000001800369c0 f   sfc_debug:sfc_api.obj
 0001:00035a10       sfc_api_set_disable_all_breakpoints 0000000180036a10 f   sfc_debug:sfc_api.obj
 0001:00035a80       sfc_api_disable_all_breakpoints_and_go 0000000180036a80 f   sfc_debug:sfc_api.obj
 0001:00035a90       sfc_api_close              0000000180036a90 f   sfc_debug:sfc_api.obj
 0001:00035aa0       sfc_api_browse_data        0000000180036aa0 f   sfc_debug:sfc_api.obj
 0001:00035b10       sfc_api_watch_data         0000000180036b10 f   sfc_debug:sfc_api.obj
 0001:00035bb0       sfc_api_assign_data        0000000180036bb0 f   sfc_debug:sfc_api.obj
 0001:00035c50       sfc_api_whos               0000000180036c50 f   sfc_debug:sfc_api.obj
 0001:00035ce0       sfc_api_get_consistency_info 0000000180036ce0 f   sfc_debug:sfc_api.obj
 0001:00035cf0       sfc_api_browse_trace       0000000180036cf0 f   sfc_debug:sfc_api.obj
 0001:00035d00       sfc_api_break_on_chart_entry 0000000180036d00 f   sfc_debug:sfc_api.obj
 0001:00035d20       sfc_api_break_on_event_broadcast 0000000180036d20 f   sfc_debug:sfc_api.obj
 0001:00035d40       sfc_api_break_on_state_entry 0000000180036d40 f   sfc_debug:sfc_api.obj
 0001:00035d60       sfc_api_set_watch          0000000180036d60 f   sfc_debug:sfc_api.obj
 0001:00035e00       sfc_api_set_breakpoints    0000000180036e00 f   sfc_debug:sfc_api.obj
 0001:00035ea0       sfc_api_set_eml_breakpoints 0000000180036ea0 f   sfc_debug:sfc_api.obj
 0001:00035f20       sfc_api_set_script_breakpoints 0000000180036f20 f   sfc_debug:sfc_api.obj
 0001:00035f70       sfc_api_add_script_breakpoints 0000000180036f70 f   sfc_debug:sfc_api.obj
 0001:00035fc0       sfc_api_clear_script_breakpoints 0000000180036fc0 f   sfc_debug:sfc_api.obj
 0001:00036010       sfc_api_query_script_breakpoints 0000000180037010 f   sfc_debug:sfc_api.obj
 0001:00036070       sfc_api_get_script_id      0000000180037070 f   sfc_debug:sfc_api.obj
 0001:00036130       sfc_api_get_active_states  0000000180037130 f   sfc_debug:sfc_api.obj
 0001:000361b0       sfc_api_break_between_times 00000001800371b0 f   sfc_debug:sfc_api.obj
 0001:00036210       sfc_api_get_instance_handle 0000000180037210 f   sfc_debug:sfc_api.obj
 0001:000362c0       sfc_api_set_animation      00000001800372c0 f   sfc_debug:sfc_api.obj
 0001:00036310       sfc_api_select_chart       0000000180037310 f   sfc_debug:sfc_api.obj
 0001:00036370       sfc_api_select_charts      0000000180037370 f   sfc_debug:sfc_api.obj
 0001:000363a0       sfc_api_cycle_detection_check 00000001800373a0 f   sfc_debug:sfc_api.obj
 0001:000363f0       sfc_api_data_range_check   00000001800373f0 f   sfc_debug:sfc_api.obj
 0001:00036440       sfc_api_transition_conflict_check 0000000180037440 f   sfc_debug:sfc_api.obj
 0001:00036490       sfc_api_state_consistency_check 0000000180037490 f   sfc_debug:sfc_api.obj
 0001:000364e0       sfc_api_set_instance_cv_ids 00000001800374e0 f   sfc_debug:sfc_api.obj
 0001:000365f0       sfc_api_set_script_cv_ids  00000001800375f0 f   sfc_debug:sfc_api.obj
 0001:00036690       sfc_api_get_current_machine_id 0000000180037690 f   sfc_debug:sfc_api.obj
 0001:000366c0       sfc_api_get_current_machine_number 00000001800376c0 f   sfc_debug:sfc_api.obj
 0001:000366f0       sfc_api_get_current_chart_number 00000001800376f0 f   sfc_debug:sfc_api.obj
 0001:00036720       sfc_api_get_current_instance_number 0000000180037720 f   sfc_debug:sfc_api.obj
 0001:00036750       sfc_api_get_current_instance_handle 0000000180037750 f   sfc_debug:sfc_api.obj
 0001:00036770       sfc_api_get_current_is_minor_time_step 0000000180037770 f   sfc_debug:sfc_api.obj
 0001:000367a0       sfc_api_get_current_machine_name 00000001800377a0 f   sfc_debug:sfc_api.obj
 0001:000367c0       sfc_api_get_current_chart_id 00000001800377c0 f   sfc_debug:sfc_api.obj
 0001:000367f0       sfc_api_get_current_object_type 00000001800377f0 f   sfc_debug:sfc_api.obj
 0001:00036820       sfc_api_get_current_event_type 0000000180037820 f   sfc_debug:sfc_api.obj
 0001:00036850       sfc_api_get_current_object_id 0000000180037850 f   sfc_debug:sfc_api.obj
 0001:00036880       sfc_get_current_active_event_type 0000000180037880 f   sfc_debug:sfc_api.obj
 0001:000368b0       sfc_api_get_current_active_event_id 00000001800378b0 f   sfc_debug:sfc_api.obj
 0001:000368e0       sfc_api_get_current_simulation_time 00000001800378e0 f   sfc_debug:sfc_api.obj
 0001:00036900       sfc_get_current_tag_type   0000000180037900 f   sfc_debug:sfc_api.obj
 0001:00036930       sfc_get_current_coverage_percentage 0000000180037930 f   sfc_debug:sfc_api.obj
 0001:00036950       sfc_get_current_statement_context 0000000180037950 f   sfc_debug:sfc_api.obj
 0001:00036970       sfc_get_current_optional_integer 0000000180037970 f   sfc_debug:sfc_api.obj
 0001:000369a0       sfc_get_current_statement_info 00000001800379a0 f   sfc_debug:sfc_api.obj
 0001:00036a40       sfc_api_get                0000000180037a40 f   sfc_debug:sfc_api.obj
 0001:00036ba0       sf_debug_sm_is_using_unified_editors 0000000180037ba0 f   sfc_debug:sfdb_animation.obj
 0001:00036c40       sf_debug_sm_is_chart_visible_in_unified_editors 0000000180037c40 f   sfc_debug:sfdb_animation.obj
 0001:00036d00       sf_debug_sm_check_if_chart_is_visible 0000000180037d00 f   sfc_debug:sfdb_animation.obj
 0001:00037800       sf_debug_sm_fill_state_activity_data 0000000180038800 f   sfc_debug:sfdb_animation.obj
 0001:00039df0       sf_debug_hm_get_simulink_handle 000000018003adf0 f   sfc_debug:sfdb_handle_management.obj
 0001:0003a940       sf_debug_hm_initialize_globals 000000018003b940 f   sfc_debug:sfdb_handle_management.obj
 0001:0003aa40       sf_debug_hm_get_machine_debug_flag 000000018003ba40 f   sfc_debug:sfdb_handle_management.obj
 0001:0003abb0       sf_debug_hm_get_machine_id 000000018003bbb0 f   sfc_debug:sfdb_handle_management.obj
 0001:0003acd0       sf_debug_hm_get_chart_id   000000018003bcd0 f   sfc_debug:sfdb_handle_management.obj
 0001:0003ae70       sf_debug_hm_register_executing_SFunction 000000018003be70 f   sfc_debug:sfdb_handle_management.obj
 0001:0003b010       sf_debug_hm_get_chart_active_instance 000000018003c010 f   sfc_debug:sfdb_handle_management.obj
 0001:0003b180       sf_debug_hm_get_chart_visibility 000000018003c180 f   sfc_debug:sfdb_handle_management.obj
 0001:0003b2d0       sf_debug_hm_form_object_boolean_properties 000000018003c2d0 f   sfc_debug:sfdb_handle_management.obj
 0001:0003b5a0       sf_debug_hm_form_object_properties 000000018003c5a0 f   sfc_debug:sfdb_handle_management.obj
 0001:0003b7e0       sf_debug_hm_terminate_charts 000000018003c7e0 f   sfc_debug:sfdb_handle_management.obj
 0001:0003bf50       sf_debug_hm_terminate_machines 000000018003cf50 f   sfc_debug:sfdb_handle_management.obj
 0001:0003d870       void_ptr_stack_vector_free_total 000000018003e870 f   sfc_debug:sfdb_data_browse.obj
 0001:0003d900       sf_debug_st_terminate_machine 000000018003e900 f   sfc_debug:sfdb_data_browse.obj
 0001:0003d940       sf_debug_st_terminate_instance 000000018003e940 f   sfc_debug:sfdb_data_browse.obj
 0001:0003dcf0       push_on_to_void_ptr_stack  000000018003ecf0 f   sfc_debug:sfdb_data_browse.obj
 0001:0003de80       pop_from_void_ptr_stack    000000018003ee80 f   sfc_debug:sfdb_data_browse.obj
 0001:0003dfb0       sf_debug_st_get_data_value 000000018003efb0 f   sfc_debug:sfdb_data_browse.obj
 0001:0003e540       mx_value                   000000018003f540 f   sfc_debug:sfdb_data_browse.obj
 0001:0003e580       sf_debug_st_fill_data_struct 000000018003f580 f   sfc_debug:sfdb_data_browse.obj
 0001:0003e8c0       data_type_format_strings   000000018003f8c0 f   sfc_debug:sfdb_data_browse.obj
 0001:0003e970       sf_debug_st_fill_data      000000018003f970 f   sfc_debug:sfdb_data_browse.obj
 0001:0003fbb0       sf_debug_ss_copy_dimension 0000000180040bb0 f   sfc_debug:sfdb_symbol_scope.obj
 0001:0003fc70       sf_debug_ss_get_number_elements 0000000180040c70 f   sfc_debug:sfdb_symbol_scope.obj
 0001:0003fc90       sf_debug_ss_fill_data_struct 0000000180040c90 f   sfc_debug:sfdb_symbol_scope.obj
 0001:0003ffe0       sf_debug_ss_reset_data_info 0000000180040fe0 f   sfc_debug:sfdb_symbol_scope.obj
 0001:00040040       sf_debug_fill_data_info_by_symbol_scope_entry 0000000180041040 f   sfc_debug:sfdb_symbol_scope.obj
 0001:00040100       sf_debug_fill_data_info_by_data_vector 0000000180041100 f   sfc_debug:sfdb_symbol_scope.obj
 0001:00040350       sf_debug_ss_get_data_info  0000000180041350 f   sfc_debug:sfdb_symbol_scope.obj
 0001:00040640       sf_debug_select_mex_function 0000000180041640 f   sfc_debug:sfdb_symbol_scope.obj
 0001:00040670       sf_debug_is_dyn_matrix_initialized 0000000180041670 f   sfc_debug:sfdb_symbol_scope.obj
 0001:00040690       sf_debug_ss_set_data_value_try 0000000180041690 f   sfc_debug:sfdb_symbol_scope.obj
 0001:00040860       sf_debug_ss_get_data_value 0000000180041860 f   sfc_debug:sfdb_symbol_scope.obj
 0001:00040db0       sf_debug_ss_data_bytes_string 0000000180041db0 f   sfc_debug:sfdb_symbol_scope.obj
 0001:00040e60       sf_debug_ss_data_class_string 0000000180041e60 f   sfc_debug:sfdb_symbol_scope.obj
 0001:000411f0       sf_debug_ss_data_size_string 00000001800421f0 f   sfc_debug:sfdb_symbol_scope.obj
 0001:000412d0       sf_debug_ss_data_create_data_info_struct 00000001800422d0 f   sfc_debug:sfdb_symbol_scope.obj
 0001:000415a0       sf_debug_ss_data_create_name_value_pair 00000001800425a0 f   sfc_debug:sfdb_symbol_scope.obj
 0001:00041640       sf_debug_ss_data_get_whos_info 0000000180042640 f   sfc_debug:sfdb_symbol_scope.obj
 0001:00041650       same_named_data_in_data_array 0000000180042650 f   sfc_debug:sfdb_symbol_scope.obj
 0001:00042ec0       sf_debug_cc_terminate_chart 0000000180043ec0 f   sfc_debug:sfdb_coverage.obj
 0001:00043260       sf_debug_cc_terminate_instance 0000000180044260 f   sfc_debug:sfdb_coverage.obj
 0001:00043e50       sf_debug_cc_mark_object_if_needed 0000000180044e50 f   sfc_debug:sfdb_coverage.obj
 0001:00044750       sf_debug_bm_initialize_eml 0000000180045750 f   sfc_debug:sfdb_breakpoints.obj
 0001:000458c0       sf_debug_bm_map_debug_tag_to_breakpoint_tag 00000001800468c0 f   sfc_debug:sfdb_breakpoints.obj
 0001:000459a0       sf_debug_bm_is_a_eml_breakpoint_impl 00000001800469a0 f   sfc_debug:sfdb_breakpoints.obj
 0001:00047420       sf_debug_sc_push_on_error_stack 0000000180048420 f   sfc_debug:sfdb_state_consistency.obj
 0001:00047550       sf_debug_sc_reset_error_stack 0000000180048550 f   sfc_debug:sfdb_state_consistency.obj
 0001:000476e0       sf_debug_sc_is_state_inconsistent 00000001800486e0 f   sfc_debug:sfdb_state_consistency.obj
 0001:000479e0       sf_debug_sc_fill_consistency_info 00000001800489e0 f   sfc_debug:sfdb_state_consistency.obj
 0001:00047fc0       void_assertion_fcn         0000000180048fc0 f   sfc_debug:sfdb_call_stack.obj
 0001:00048540       sf_debug_tm_fill_local_trace 0000000180049540 f   sfc_debug:sfdb_call_stack.obj
 0001:00048b10       sf_debug_cd_terminate_instance 0000000180049b10 f   sfc_debug:sfdb_cycle_detection.obj
 0001:00048b70       sf_debug_cd_free_checksum_stack 0000000180049b70 f   sfc_debug:sfdb_cycle_detection.obj
 0001:00048bc0       sf_debug_cd_reset_pack_strings 0000000180049bc0 f   sfc_debug:sfdb_cycle_detection.obj
 0001:00049280       md5file_clear              000000018004a280 f   sfc_debug:ckmd5.obj
 0001:000492b0       Encode                     000000018004a2b0 f   sfc_debug:ckmd5.obj
 0001:00049300       Decode                     000000018004a300 f   sfc_debug:ckmd5.obj
 0001:000493a0       MD5Transform               000000018004a3a0 f   sfc_debug:ckmd5.obj
 0001:00049bf0       md5file_addn               000000018004abf0 f   sfc_debug:ckmd5.obj
 0001:00049cc0       md5file_hash               000000018004acc0 f   sfc_debug:ckmd5.obj
 0001:0004a224       pre_c_init                 000000018004b224 f   MSVCRT:crtdll.obj
 0001:0004a4e0       __DllMainCRTStartup        000000018004b4e0 f   MSVCRT:crtdll.obj
 0001:0004ab80       __DllMainCRTStartup$filt$0 000000018004bb80 f   MSVCRT:crtdll.obj
 0001:0004abb0       __DllMainCRTStartup$fin$1  000000018004bbb0 f   MSVCRT:crtdll.obj
 0001:0004abca       _onexit$fin$0              000000018004bbca f   MSVCRT:atonexit.obj
 0001:0004abf0       _IsNonwritableInCurrentImage$filt$0 000000018004bbf0 f   MSVCRT:pesect.obj
